
/home/blobinnit/.cache/arduino/sketches/B6890854B1BFDEF774729D767DDCB4FE/linefollowerznowymipinami.ino.elf:     file format elf32-avr


Disassembly of section .text:

00000000 <__vectors>:
__vectors():
   0:	0c 94 61 00 	jmp	0xc2	; 0xc2 <__ctors_end>
   4:	0c 94 7e 00 	jmp	0xfc	; 0xfc <__bad_interrupt>
   8:	0c 94 7e 00 	jmp	0xfc	; 0xfc <__bad_interrupt>
   c:	0c 94 7e 00 	jmp	0xfc	; 0xfc <__bad_interrupt>
  10:	0c 94 7e 00 	jmp	0xfc	; 0xfc <__bad_interrupt>
  14:	0c 94 7e 00 	jmp	0xfc	; 0xfc <__bad_interrupt>
  18:	0c 94 7e 00 	jmp	0xfc	; 0xfc <__bad_interrupt>
  1c:	0c 94 7e 00 	jmp	0xfc	; 0xfc <__bad_interrupt>
  20:	0c 94 7e 00 	jmp	0xfc	; 0xfc <__bad_interrupt>
  24:	0c 94 7e 00 	jmp	0xfc	; 0xfc <__bad_interrupt>
  28:	0c 94 7e 00 	jmp	0xfc	; 0xfc <__bad_interrupt>
  2c:	0c 94 7e 00 	jmp	0xfc	; 0xfc <__bad_interrupt>
  30:	0c 94 7e 00 	jmp	0xfc	; 0xfc <__bad_interrupt>
  34:	0c 94 7e 00 	jmp	0xfc	; 0xfc <__bad_interrupt>
  38:	0c 94 7e 00 	jmp	0xfc	; 0xfc <__bad_interrupt>
  3c:	0c 94 7e 00 	jmp	0xfc	; 0xfc <__bad_interrupt>
  40:	0c 94 c8 01 	jmp	0x390	; 0x390 <__vector_16>
  44:	0c 94 7e 00 	jmp	0xfc	; 0xfc <__bad_interrupt>
  48:	0c 94 7e 00 	jmp	0xfc	; 0xfc <__bad_interrupt>
  4c:	0c 94 7e 00 	jmp	0xfc	; 0xfc <__bad_interrupt>
  50:	0c 94 7e 00 	jmp	0xfc	; 0xfc <__bad_interrupt>
  54:	0c 94 7e 00 	jmp	0xfc	; 0xfc <__bad_interrupt>
  58:	0c 94 7e 00 	jmp	0xfc	; 0xfc <__bad_interrupt>
  5c:	0c 94 7e 00 	jmp	0xfc	; 0xfc <__bad_interrupt>
  60:	0c 94 7e 00 	jmp	0xfc	; 0xfc <__bad_interrupt>
  64:	0c 94 7e 00 	jmp	0xfc	; 0xfc <__bad_interrupt>

00000068 <__trampolines_end>:
__trampolines_start():
  68:	00 00       	nop
  6a:	00 09       	sbc	r16, r0
  6c:	00 03       	mulsu	r16, r16
  6e:	02 00       	.word	0x0002	; ????
  70:	00 04       	cpc	r0, r0
  72:	05 08       	sbc	r0, r5
	...

0000007f <port_to_output_PGM>:
  7f:	00 00 00 00 25 00 28 00 2b 00                       ....%.(.+.

00000089 <port_to_mode_PGM>:
  89:	00 00 00 00 24 00 27 00 2a 00                       ....$.'.*.

00000093 <digital_pin_to_port_PGM>:
  93:	04 04 04 04 04 04 04 04 02 02 02 02 02 02 03 03     ................
  a3:	03 03 03 03 02 02 03                                .......

000000aa <digital_pin_to_bit_mask_PGM>:
  aa:	01 02 04 08 10 20 40 80 01 02 04 08 10 20 01 02     ..... @...... ..
  ba:	04 08 10 20 40 80 40 00                             ... @.@.

000000c2 <__ctors_end>:
__dtors_end():
  c2:	11 24       	eor	r1, r1
  c4:	1f be       	out	0x3f, r1	; 63
  c6:	cf ef       	ldi	r28, 0xFF	; 255
  c8:	d8 e0       	ldi	r29, 0x08	; 8
  ca:	de bf       	out	0x3e, r29	; 62
  cc:	cd bf       	out	0x3d, r28	; 61

000000ce <__do_copy_data>:
__do_copy_data():
/home/jenkins/workspace/avr-gcc-staging/label/debian7-x86_64/gcc-build/avr/avr5/libgcc/../../../../gcc/libgcc/config/avr/lib1funcs.S:2409
  ce:	11 e0       	ldi	r17, 0x01	; 1
/home/jenkins/workspace/avr-gcc-staging/label/debian7-x86_64/gcc-build/avr/avr5/libgcc/../../../../gcc/libgcc/config/avr/lib1funcs.S:2410
  d0:	a0 e0       	ldi	r26, 0x00	; 0
/home/jenkins/workspace/avr-gcc-staging/label/debian7-x86_64/gcc-build/avr/avr5/libgcc/../../../../gcc/libgcc/config/avr/lib1funcs.S:2411
  d2:	b1 e0       	ldi	r27, 0x01	; 1
/home/jenkins/workspace/avr-gcc-staging/label/debian7-x86_64/gcc-build/avr/avr5/libgcc/../../../../gcc/libgcc/config/avr/lib1funcs.S:2412
  d4:	ee ec       	ldi	r30, 0xCE	; 206
/home/jenkins/workspace/avr-gcc-staging/label/debian7-x86_64/gcc-build/avr/avr5/libgcc/../../../../gcc/libgcc/config/avr/lib1funcs.S:2413
  d6:	fb e0       	ldi	r31, 0x0B	; 11
/home/jenkins/workspace/avr-gcc-staging/label/debian7-x86_64/gcc-build/avr/avr5/libgcc/../../../../gcc/libgcc/config/avr/lib1funcs.S:2414
  d8:	02 c0       	rjmp	.+4      	; 0xde <__do_copy_data+0x10>
/home/jenkins/workspace/avr-gcc-staging/label/debian7-x86_64/gcc-build/avr/avr5/libgcc/../../../../gcc/libgcc/config/avr/lib1funcs.S:2417
  da:	05 90       	lpm	r0, Z+
/home/jenkins/workspace/avr-gcc-staging/label/debian7-x86_64/gcc-build/avr/avr5/libgcc/../../../../gcc/libgcc/config/avr/lib1funcs.S:2422
  dc:	0d 92       	st	X+, r0
/home/jenkins/workspace/avr-gcc-staging/label/debian7-x86_64/gcc-build/avr/avr5/libgcc/../../../../gcc/libgcc/config/avr/lib1funcs.S:2424
  de:	a4 31       	cpi	r26, 0x14	; 20
/home/jenkins/workspace/avr-gcc-staging/label/debian7-x86_64/gcc-build/avr/avr5/libgcc/../../../../gcc/libgcc/config/avr/lib1funcs.S:2425
  e0:	b1 07       	cpc	r27, r17
/home/jenkins/workspace/avr-gcc-staging/label/debian7-x86_64/gcc-build/avr/avr5/libgcc/../../../../gcc/libgcc/config/avr/lib1funcs.S:2426
  e2:	d9 f7       	brne	.-10     	; 0xda <__do_copy_data+0xc>

000000e4 <__do_clear_bss>:
__do_clear_bss():
/home/jenkins/workspace/avr-gcc-staging/label/debian7-x86_64/gcc-build/avr/avr5/libgcc/../../../../gcc/libgcc/config/avr/lib1funcs.S:2441
  e4:	21 e0       	ldi	r18, 0x01	; 1
/home/jenkins/workspace/avr-gcc-staging/label/debian7-x86_64/gcc-build/avr/avr5/libgcc/../../../../gcc/libgcc/config/avr/lib1funcs.S:2442
  e6:	a4 e1       	ldi	r26, 0x14	; 20
/home/jenkins/workspace/avr-gcc-staging/label/debian7-x86_64/gcc-build/avr/avr5/libgcc/../../../../gcc/libgcc/config/avr/lib1funcs.S:2443
  e8:	b1 e0       	ldi	r27, 0x01	; 1
/home/jenkins/workspace/avr-gcc-staging/label/debian7-x86_64/gcc-build/avr/avr5/libgcc/../../../../gcc/libgcc/config/avr/lib1funcs.S:2444
  ea:	01 c0       	rjmp	.+2      	; 0xee <.do_clear_bss_start>

000000ec <.do_clear_bss_loop>:
/home/jenkins/workspace/avr-gcc-staging/label/debian7-x86_64/gcc-build/avr/avr5/libgcc/../../../../gcc/libgcc/config/avr/lib1funcs.S:2446
  ec:	1d 92       	st	X+, r1

000000ee <.do_clear_bss_start>:
/home/jenkins/workspace/avr-gcc-staging/label/debian7-x86_64/gcc-build/avr/avr5/libgcc/../../../../gcc/libgcc/config/avr/lib1funcs.S:2448
  ee:	ad 32       	cpi	r26, 0x2D	; 45
/home/jenkins/workspace/avr-gcc-staging/label/debian7-x86_64/gcc-build/avr/avr5/libgcc/../../../../gcc/libgcc/config/avr/lib1funcs.S:2449
  f0:	b2 07       	cpc	r27, r18
/home/jenkins/workspace/avr-gcc-staging/label/debian7-x86_64/gcc-build/avr/avr5/libgcc/../../../../gcc/libgcc/config/avr/lib1funcs.S:2450
  f2:	e1 f7       	brne	.-8      	; 0xec <.do_clear_bss_loop>
.do_clear_bss_start():
  f4:	0e 94 12 02 	call	0x424	; 0x424 <main>
  f8:	0c 94 e5 05 	jmp	0xbca	; 0xbca <_exit>

000000fc <__bad_interrupt>:
__vector_22():
  fc:	0c 94 00 00 	jmp	0	; 0x0 <__vectors>

00000100 <pinMode.constprop.1>:
pinMode.constprop.1():
/home/blobinnit/.arduino15/packages/MiniCore/hardware/avr/3.1.2/cores/MCUdude_corefiles/wiring_digital.c:31
#include "wiring_private.h"
#include "pins_arduino.h"

void pinMode(uint8_t pin, uint8_t mode)
{
  uint8_t bit = digitalPinToBitMask(pin);
 100:	90 e0       	ldi	r25, 0x00	; 0
 102:	fc 01       	movw	r30, r24
 104:	e6 55       	subi	r30, 0x56	; 86
 106:	ff 4f       	sbci	r31, 0xFF	; 255
 108:	24 91       	lpm	r18, Z
/home/blobinnit/.arduino15/packages/MiniCore/hardware/avr/3.1.2/cores/MCUdude_corefiles/wiring_digital.c:32
  uint8_t port = digitalPinToPort(pin);
 10a:	8d 56       	subi	r24, 0x6D	; 109
 10c:	9f 4f       	sbci	r25, 0xFF	; 255
 10e:	fc 01       	movw	r30, r24
 110:	84 91       	lpm	r24, Z
/home/blobinnit/.arduino15/packages/MiniCore/hardware/avr/3.1.2/cores/MCUdude_corefiles/wiring_digital.c:35
  volatile uint8_t *reg, *out;

  if (port == NOT_A_PIN) return;
 112:	88 23       	and	r24, r24
 114:	99 f0       	breq	.+38     	; 0x13c <pinMode.constprop.1+0x3c>
/home/blobinnit/.arduino15/packages/MiniCore/hardware/avr/3.1.2/cores/MCUdude_corefiles/wiring_digital.c:38

  // JWS: can I let the optimizer do this?
  reg = portModeRegister(port);
 116:	90 e0       	ldi	r25, 0x00	; 0
 118:	88 0f       	add	r24, r24
 11a:	99 1f       	adc	r25, r25
 11c:	fc 01       	movw	r30, r24
 11e:	e7 57       	subi	r30, 0x77	; 119
 120:	ff 4f       	sbci	r31, 0xFF	; 255
 122:	a5 91       	lpm	r26, Z+
 124:	b4 91       	lpm	r27, Z
/home/blobinnit/.arduino15/packages/MiniCore/hardware/avr/3.1.2/cores/MCUdude_corefiles/wiring_digital.c:39
  out = portOutputRegister(port);
 126:	fc 01       	movw	r30, r24
 128:	e1 58       	subi	r30, 0x81	; 129
 12a:	ff 4f       	sbci	r31, 0xFF	; 255
 12c:	85 91       	lpm	r24, Z+
 12e:	94 91       	lpm	r25, Z
/home/blobinnit/.arduino15/packages/MiniCore/hardware/avr/3.1.2/cores/MCUdude_corefiles/wiring_digital.c:54
    cli();
    *reg &= ~bit;
    *out |= bit;
    SREG = oldSREG;
  } else {
    uint8_t oldSREG = SREG;
 130:	8f b7       	in	r24, 0x3f	; 63
/home/blobinnit/.arduino15/packages/MiniCore/hardware/avr/3.1.2/cores/MCUdude_corefiles/wiring_digital.c:55
    cli();
 132:	f8 94       	cli
/home/blobinnit/.arduino15/packages/MiniCore/hardware/avr/3.1.2/cores/MCUdude_corefiles/wiring_digital.c:56
    *reg |= bit;
 134:	ec 91       	ld	r30, X
 136:	e2 2b       	or	r30, r18
 138:	ec 93       	st	X, r30
/home/blobinnit/.arduino15/packages/MiniCore/hardware/avr/3.1.2/cores/MCUdude_corefiles/wiring_digital.c:57
    SREG = oldSREG;
 13a:	8f bf       	out	0x3f, r24	; 63
/home/blobinnit/.arduino15/packages/MiniCore/hardware/avr/3.1.2/cores/MCUdude_corefiles/wiring_digital.c:59
  }
}
 13c:	08 95       	ret

0000013e <digitalWrite>:
digitalWrite():
/home/blobinnit/.arduino15/packages/MiniCore/hardware/avr/3.1.2/cores/MCUdude_corefiles/wiring_digital.c:189
  }
}

void digitalWrite(uint8_t pin, uint8_t val)
{
  uint8_t timer = digitalPinToTimer(pin);
 13e:	90 e0       	ldi	r25, 0x00	; 0
 140:	fc 01       	movw	r30, r24
 142:	e8 59       	subi	r30, 0x98	; 152
 144:	ff 4f       	sbci	r31, 0xFF	; 255
 146:	24 91       	lpm	r18, Z
/home/blobinnit/.arduino15/packages/MiniCore/hardware/avr/3.1.2/cores/MCUdude_corefiles/wiring_digital.c:190
  uint8_t bit = digitalPinToBitMask(pin);
 148:	fc 01       	movw	r30, r24
 14a:	e6 55       	subi	r30, 0x56	; 86
 14c:	ff 4f       	sbci	r31, 0xFF	; 255
 14e:	34 91       	lpm	r19, Z
/home/blobinnit/.arduino15/packages/MiniCore/hardware/avr/3.1.2/cores/MCUdude_corefiles/wiring_digital.c:191
  uint8_t port = digitalPinToPort(pin);
 150:	fc 01       	movw	r30, r24
 152:	ed 56       	subi	r30, 0x6D	; 109
 154:	ff 4f       	sbci	r31, 0xFF	; 255
 156:	e4 91       	lpm	r30, Z
/home/blobinnit/.arduino15/packages/MiniCore/hardware/avr/3.1.2/cores/MCUdude_corefiles/wiring_digital.c:194
  volatile uint8_t *out;

  if (port == NOT_A_PIN) return;
 158:	ee 23       	and	r30, r30
 15a:	c9 f0       	breq	.+50     	; 0x18e <digitalWrite+0x50>
/home/blobinnit/.arduino15/packages/MiniCore/hardware/avr/3.1.2/cores/MCUdude_corefiles/wiring_digital.c:198

  // If the pin that support PWM output, we need to turn it off
  // before doing a digital write.
  if (timer != NOT_ON_TIMER) turnOffPWM(timer);
 15c:	22 23       	and	r18, r18
 15e:	39 f0       	breq	.+14     	; 0x16e <digitalWrite+0x30>
turnOffPWM():
/home/blobinnit/.arduino15/packages/MiniCore/hardware/avr/3.1.2/cores/MCUdude_corefiles/wiring_digital.c:77
//
//static inline void turnOffPWM(uint8_t timer) __attribute__ ((always_inline));
//static inline void turnOffPWM(uint8_t timer)
static void turnOffPWM(uint8_t timer)
{
  switch (timer)
 160:	24 30       	cpi	r18, 0x04	; 4
 162:	01 f1       	breq	.+64     	; 0x1a4 <digitalWrite+0x66>
 164:	a8 f4       	brcc	.+42     	; 0x190 <digitalWrite+0x52>
 166:	22 30       	cpi	r18, 0x02	; 2
 168:	69 f1       	breq	.+90     	; 0x1c4 <digitalWrite+0x86>
 16a:	23 30       	cpi	r18, 0x03	; 3
 16c:	79 f1       	breq	.+94     	; 0x1cc <digitalWrite+0x8e>
digitalWrite():
/home/blobinnit/.arduino15/packages/MiniCore/hardware/avr/3.1.2/cores/MCUdude_corefiles/wiring_digital.c:200

  // If the pin that support PWM output, we need to turn it off
  // before doing a digital write.
  if (timer != NOT_ON_TIMER) turnOffPWM(timer);

  out = portOutputRegister(port);
 16e:	f0 e0       	ldi	r31, 0x00	; 0
 170:	ee 0f       	add	r30, r30
 172:	ff 1f       	adc	r31, r31
 174:	e1 58       	subi	r30, 0x81	; 129
 176:	ff 4f       	sbci	r31, 0xFF	; 255
 178:	a5 91       	lpm	r26, Z+
 17a:	b4 91       	lpm	r27, Z
/home/blobinnit/.arduino15/packages/MiniCore/hardware/avr/3.1.2/cores/MCUdude_corefiles/wiring_digital.c:202

  uint8_t oldSREG = SREG;
 17c:	8f b7       	in	r24, 0x3f	; 63
/home/blobinnit/.arduino15/packages/MiniCore/hardware/avr/3.1.2/cores/MCUdude_corefiles/wiring_digital.c:203
  cli();
 17e:	f8 94       	cli
/home/blobinnit/.arduino15/packages/MiniCore/hardware/avr/3.1.2/cores/MCUdude_corefiles/wiring_digital.c:206

  if (val == LOW) {
    *out &= ~bit;
 180:	ec 91       	ld	r30, X
/home/blobinnit/.arduino15/packages/MiniCore/hardware/avr/3.1.2/cores/MCUdude_corefiles/wiring_digital.c:205
  out = portOutputRegister(port);

  uint8_t oldSREG = SREG;
  cli();

  if (val == LOW) {
 182:	61 11       	cpse	r22, r1
 184:	26 c0       	rjmp	.+76     	; 0x1d2 <digitalWrite+0x94>
/home/blobinnit/.arduino15/packages/MiniCore/hardware/avr/3.1.2/cores/MCUdude_corefiles/wiring_digital.c:206
    *out &= ~bit;
 186:	30 95       	com	r19
 188:	3e 23       	and	r19, r30
/home/blobinnit/.arduino15/packages/MiniCore/hardware/avr/3.1.2/cores/MCUdude_corefiles/wiring_digital.c:208
  } else {
    *out |= bit;
 18a:	3c 93       	st	X, r19
/home/blobinnit/.arduino15/packages/MiniCore/hardware/avr/3.1.2/cores/MCUdude_corefiles/wiring_digital.c:211
  }

  SREG = oldSREG;
 18c:	8f bf       	out	0x3f, r24	; 63
/home/blobinnit/.arduino15/packages/MiniCore/hardware/avr/3.1.2/cores/MCUdude_corefiles/wiring_digital.c:212
}
 18e:	08 95       	ret
turnOffPWM():
/home/blobinnit/.arduino15/packages/MiniCore/hardware/avr/3.1.2/cores/MCUdude_corefiles/wiring_digital.c:77
//
//static inline void turnOffPWM(uint8_t timer) __attribute__ ((always_inline));
//static inline void turnOffPWM(uint8_t timer)
static void turnOffPWM(uint8_t timer)
{
  switch (timer)
 190:	28 30       	cpi	r18, 0x08	; 8
 192:	71 f0       	breq	.+28     	; 0x1b0 <digitalWrite+0x72>
 194:	29 30       	cpi	r18, 0x09	; 9
 196:	91 f0       	breq	.+36     	; 0x1bc <digitalWrite+0x7e>
 198:	25 30       	cpi	r18, 0x05	; 5
 19a:	49 f7       	brne	.-46     	; 0x16e <digitalWrite+0x30>
/home/blobinnit/.arduino15/packages/MiniCore/hardware/avr/3.1.2/cores/MCUdude_corefiles/wiring_digital.c:87
        TCCR1A &= ~_BV(COM1A1);
        break;
    #endif
    #if defined(TCCR1A) && defined(COM1B1)
      case TIMER1B:
        TCCR1A &= ~_BV(COM1B1);
 19c:	80 91 80 00 	lds	r24, 0x0080	; 0x800080 <__DATA_REGION_ORIGIN__+0x20>
 1a0:	8f 7d       	andi	r24, 0xDF	; 223
 1a2:	03 c0       	rjmp	.+6      	; 0x1aa <digitalWrite+0x6c>
/home/blobinnit/.arduino15/packages/MiniCore/hardware/avr/3.1.2/cores/MCUdude_corefiles/wiring_digital.c:82
  switch (timer)
  {
    // Timer1
    #if defined(TCCR1A) && defined(COM1A1)
      case TIMER1A:
        TCCR1A &= ~_BV(COM1A1);
 1a4:	80 91 80 00 	lds	r24, 0x0080	; 0x800080 <__DATA_REGION_ORIGIN__+0x20>
 1a8:	8f 77       	andi	r24, 0x7F	; 127
/home/blobinnit/.arduino15/packages/MiniCore/hardware/avr/3.1.2/cores/MCUdude_corefiles/wiring_digital.c:87
        break;
    #endif
    #if defined(TCCR1A) && defined(COM1B1)
      case TIMER1B:
        TCCR1A &= ~_BV(COM1B1);
 1aa:	80 93 80 00 	sts	0x0080, r24	; 0x800080 <__DATA_REGION_ORIGIN__+0x20>
 1ae:	df cf       	rjmp	.-66     	; 0x16e <digitalWrite+0x30>
/home/blobinnit/.arduino15/packages/MiniCore/hardware/avr/3.1.2/cores/MCUdude_corefiles/wiring_digital.c:104
        TCCR2 &= ~_BV(COM21);
        break;
    #endif
    #if defined(TCCR2A) && defined(COM2A1)
      case TIMER2A:
        TCCR2A &= ~_BV(COM2A1);
 1b0:	80 91 b0 00 	lds	r24, 0x00B0	; 0x8000b0 <__DATA_REGION_ORIGIN__+0x50>
 1b4:	8f 77       	andi	r24, 0x7F	; 127
/home/blobinnit/.arduino15/packages/MiniCore/hardware/avr/3.1.2/cores/MCUdude_corefiles/wiring_digital.c:109
        break;
    #endif
    #if defined(TCCR2A) && defined(COM2B1)
      case TIMER2B:
        TCCR2A &= ~_BV(COM2B1);
 1b6:	80 93 b0 00 	sts	0x00B0, r24	; 0x8000b0 <__DATA_REGION_ORIGIN__+0x50>
 1ba:	d9 cf       	rjmp	.-78     	; 0x16e <digitalWrite+0x30>
 1bc:	80 91 b0 00 	lds	r24, 0x00B0	; 0x8000b0 <__DATA_REGION_ORIGIN__+0x50>
 1c0:	8f 7d       	andi	r24, 0xDF	; 223
 1c2:	f9 cf       	rjmp	.-14     	; 0x1b6 <digitalWrite+0x78>
/home/blobinnit/.arduino15/packages/MiniCore/hardware/avr/3.1.2/cores/MCUdude_corefiles/wiring_digital.c:176
        TCCR0 &= ~_BV(COM01);
        break;
    #endif
    #if defined(TCCR0A) && defined(COM0A1)
      case TIMER0A:
        TCCR0A &= ~_BV(COM0A1);
 1c4:	84 b5       	in	r24, 0x24	; 36
 1c6:	8f 77       	andi	r24, 0x7F	; 127
/home/blobinnit/.arduino15/packages/MiniCore/hardware/avr/3.1.2/cores/MCUdude_corefiles/wiring_digital.c:181
        break;
    #endif
    #if defined(TCCR0A) && defined(COM0B1)
      case TIMER0B:
        TCCR0A &= ~_BV(COM0B1);
 1c8:	84 bd       	out	0x24, r24	; 36
 1ca:	d1 cf       	rjmp	.-94     	; 0x16e <digitalWrite+0x30>
 1cc:	84 b5       	in	r24, 0x24	; 36
 1ce:	8f 7d       	andi	r24, 0xDF	; 223
 1d0:	fb cf       	rjmp	.-10     	; 0x1c8 <digitalWrite+0x8a>
digitalWrite():
/home/blobinnit/.arduino15/packages/MiniCore/hardware/avr/3.1.2/cores/MCUdude_corefiles/wiring_digital.c:208
  cli();

  if (val == LOW) {
    *out &= ~bit;
  } else {
    *out |= bit;
 1d2:	3e 2b       	or	r19, r30
 1d4:	da cf       	rjmp	.-76     	; 0x18a <digitalWrite+0x4c>

000001d6 <analogWrite>:
analogWrite():
/home/blobinnit/.arduino15/packages/MiniCore/hardware/avr/3.1.2/cores/MCUdude_corefiles/wiring_analog.c:95
// Right now, PWM output only works on the pins with
// hardware support.  These are defined in the appropriate
// pins_*.c file.  For the rest of the pins, we default
// to digital output.
void analogWrite(uint8_t pin, int val)
{
 1d6:	1f 93       	push	r17
 1d8:	cf 93       	push	r28
 1da:	df 93       	push	r29
 1dc:	18 2f       	mov	r17, r24
 1de:	eb 01       	movw	r28, r22
/home/blobinnit/.arduino15/packages/MiniCore/hardware/avr/3.1.2/cores/MCUdude_corefiles/wiring_analog.c:101
  // We need to make sure the PWM output is enabled for those pins
  // that support it, as we turn it off when digitally reading or
  // writing with them.  Also, make sure the pin is in output mode
  // for consistenty with Wiring, which doesn't require a pinMode
  // call for the analog output pins.
  pinMode(pin, OUTPUT);
 1e0:	0e 94 80 00 	call	0x100	; 0x100 <pinMode.constprop.1>
/home/blobinnit/.arduino15/packages/MiniCore/hardware/avr/3.1.2/cores/MCUdude_corefiles/wiring_analog.c:102
  if (val == 0)
 1e4:	20 97       	sbiw	r28, 0x00	; 0
 1e6:	39 f4       	brne	.+14     	; 0x1f6 <analogWrite+0x20>
/home/blobinnit/.arduino15/packages/MiniCore/hardware/avr/3.1.2/cores/MCUdude_corefiles/wiring_analog.c:104
  {
    digitalWrite(pin, LOW);
 1e8:	60 e0       	ldi	r22, 0x00	; 0
/home/blobinnit/.arduino15/packages/MiniCore/hardware/avr/3.1.2/cores/MCUdude_corefiles/wiring_analog.c:108
  }
  else if (val == 255)
  {
    digitalWrite(pin, HIGH);
 1ea:	81 2f       	mov	r24, r17
/home/blobinnit/.arduino15/packages/MiniCore/hardware/avr/3.1.2/cores/MCUdude_corefiles/wiring_analog.c:299
        } else {
          digitalWrite(pin, HIGH);
        }
    }
  }
}
 1ec:	df 91       	pop	r29
 1ee:	cf 91       	pop	r28
 1f0:	1f 91       	pop	r17
/home/blobinnit/.arduino15/packages/MiniCore/hardware/avr/3.1.2/cores/MCUdude_corefiles/wiring_analog.c:108
  {
    digitalWrite(pin, LOW);
  }
  else if (val == 255)
  {
    digitalWrite(pin, HIGH);
 1f2:	0c 94 9f 00 	jmp	0x13e	; 0x13e <digitalWrite>
/home/blobinnit/.arduino15/packages/MiniCore/hardware/avr/3.1.2/cores/MCUdude_corefiles/wiring_analog.c:106
  pinMode(pin, OUTPUT);
  if (val == 0)
  {
    digitalWrite(pin, LOW);
  }
  else if (val == 255)
 1f6:	cf 3f       	cpi	r28, 0xFF	; 255
 1f8:	d1 05       	cpc	r29, r1
 1fa:	11 f4       	brne	.+4      	; 0x200 <analogWrite+0x2a>
/home/blobinnit/.arduino15/packages/MiniCore/hardware/avr/3.1.2/cores/MCUdude_corefiles/wiring_analog.c:108
  {
    digitalWrite(pin, HIGH);
 1fc:	61 e0       	ldi	r22, 0x01	; 1
 1fe:	f5 cf       	rjmp	.-22     	; 0x1ea <analogWrite+0x14>
/home/blobinnit/.arduino15/packages/MiniCore/hardware/avr/3.1.2/cores/MCUdude_corefiles/wiring_analog.c:112
  }
  else
  {
    switch(digitalPinToTimer(pin))
 200:	e1 2f       	mov	r30, r17
 202:	f0 e0       	ldi	r31, 0x00	; 0
 204:	e8 59       	subi	r30, 0x98	; 152
 206:	ff 4f       	sbci	r31, 0xFF	; 255
 208:	e4 91       	lpm	r30, Z
 20a:	e4 30       	cpi	r30, 0x04	; 4
 20c:	31 f1       	breq	.+76     	; 0x25a <analogWrite+0x84>
 20e:	40 f4       	brcc	.+16     	; 0x220 <analogWrite+0x4a>
 210:	e2 30       	cpi	r30, 0x02	; 2
 212:	b1 f0       	breq	.+44     	; 0x240 <analogWrite+0x6a>
 214:	e3 30       	cpi	r30, 0x03	; 3
 216:	e1 f0       	breq	.+56     	; 0x250 <analogWrite+0x7a>
/home/blobinnit/.arduino15/packages/MiniCore/hardware/avr/3.1.2/cores/MCUdude_corefiles/wiring_analog.c:292
        break;
      #endif

      case NOT_ON_TIMER:
      default:
        if (val < 128) {
 218:	c0 38       	cpi	r28, 0x80	; 128
 21a:	d1 05       	cpc	r29, r1
 21c:	7c f7       	brge	.-34     	; 0x1fc <analogWrite+0x26>
 21e:	e4 cf       	rjmp	.-56     	; 0x1e8 <analogWrite+0x12>
/home/blobinnit/.arduino15/packages/MiniCore/hardware/avr/3.1.2/cores/MCUdude_corefiles/wiring_analog.c:112
  {
    digitalWrite(pin, HIGH);
  }
  else
  {
    switch(digitalPinToTimer(pin))
 220:	e8 30       	cpi	r30, 0x08	; 8
 222:	29 f1       	breq	.+74     	; 0x26e <analogWrite+0x98>
 224:	e9 30       	cpi	r30, 0x09	; 9
 226:	59 f1       	breq	.+86     	; 0x27e <analogWrite+0xa8>
 228:	e5 30       	cpi	r30, 0x05	; 5
 22a:	b1 f7       	brne	.-20     	; 0x218 <analogWrite+0x42>
/home/blobinnit/.arduino15/packages/MiniCore/hardware/avr/3.1.2/cores/MCUdude_corefiles/wiring_analog.c:156
      #endif

      #if defined(TCCR1A) && defined(COM1B1)
      case TIMER1B:
        // connect pwm to pin on timer 1, channel B
        TCCR1A |= _BV(COM1B1);
 22c:	80 91 80 00 	lds	r24, 0x0080	; 0x800080 <__DATA_REGION_ORIGIN__+0x20>
 230:	80 62       	ori	r24, 0x20	; 32
 232:	80 93 80 00 	sts	0x0080, r24	; 0x800080 <__DATA_REGION_ORIGIN__+0x20>
/home/blobinnit/.arduino15/packages/MiniCore/hardware/avr/3.1.2/cores/MCUdude_corefiles/wiring_analog.c:157
        OCR1B = val; // set pwm duty
 236:	d0 93 8b 00 	sts	0x008B, r29	; 0x80008b <__DATA_REGION_ORIGIN__+0x2b>
 23a:	c0 93 8a 00 	sts	0x008A, r28	; 0x80008a <__DATA_REGION_ORIGIN__+0x2a>
 23e:	04 c0       	rjmp	.+8      	; 0x248 <analogWrite+0x72>
/home/blobinnit/.arduino15/packages/MiniCore/hardware/avr/3.1.2/cores/MCUdude_corefiles/wiring_analog.c:132
      #endif

      #if defined(TCCR0A) && defined(COM0A1)
      case TIMER0A:
        // connect pwm to pin on timer 0, channel A
        TCCR0A |= _BV(COM0A1);
 240:	84 b5       	in	r24, 0x24	; 36
 242:	80 68       	ori	r24, 0x80	; 128
 244:	84 bd       	out	0x24, r24	; 36
/home/blobinnit/.arduino15/packages/MiniCore/hardware/avr/3.1.2/cores/MCUdude_corefiles/wiring_analog.c:133
        OCR0A = val; // set pwm duty
 246:	c7 bd       	out	0x27, r28	; 39
/home/blobinnit/.arduino15/packages/MiniCore/hardware/avr/3.1.2/cores/MCUdude_corefiles/wiring_analog.c:299
        } else {
          digitalWrite(pin, HIGH);
        }
    }
  }
}
 248:	df 91       	pop	r29
 24a:	cf 91       	pop	r28
 24c:	1f 91       	pop	r17
 24e:	08 95       	ret
/home/blobinnit/.arduino15/packages/MiniCore/hardware/avr/3.1.2/cores/MCUdude_corefiles/wiring_analog.c:140
      #endif

      #if defined(TCCR0A) && defined(COM0B1)
      case TIMER0B:
        // connect pwm to pin on timer 0, channel B
        TCCR0A |= _BV(COM0B1);
 250:	84 b5       	in	r24, 0x24	; 36
 252:	80 62       	ori	r24, 0x20	; 32
 254:	84 bd       	out	0x24, r24	; 36
/home/blobinnit/.arduino15/packages/MiniCore/hardware/avr/3.1.2/cores/MCUdude_corefiles/wiring_analog.c:141
        OCR0B = val; // set pwm duty
 256:	c8 bd       	out	0x28, r28	; 40
 258:	f7 cf       	rjmp	.-18     	; 0x248 <analogWrite+0x72>
/home/blobinnit/.arduino15/packages/MiniCore/hardware/avr/3.1.2/cores/MCUdude_corefiles/wiring_analog.c:148
      #endif

      #if defined(TCCR1A) && defined(COM1A1)
      case TIMER1A:
        // connect pwm to pin on timer 1, channel A
        TCCR1A |= _BV(COM1A1);
 25a:	80 91 80 00 	lds	r24, 0x0080	; 0x800080 <__DATA_REGION_ORIGIN__+0x20>
 25e:	80 68       	ori	r24, 0x80	; 128
 260:	80 93 80 00 	sts	0x0080, r24	; 0x800080 <__DATA_REGION_ORIGIN__+0x20>
/home/blobinnit/.arduino15/packages/MiniCore/hardware/avr/3.1.2/cores/MCUdude_corefiles/wiring_analog.c:149
        OCR1A = val; // set pwm duty
 264:	d0 93 89 00 	sts	0x0089, r29	; 0x800089 <__DATA_REGION_ORIGIN__+0x29>
 268:	c0 93 88 00 	sts	0x0088, r28	; 0x800088 <__DATA_REGION_ORIGIN__+0x28>
 26c:	ed cf       	rjmp	.-38     	; 0x248 <analogWrite+0x72>
/home/blobinnit/.arduino15/packages/MiniCore/hardware/avr/3.1.2/cores/MCUdude_corefiles/wiring_analog.c:180
      #endif

      #if defined(TCCR2A) && defined(COM2A1)
      case TIMER2A:
        // connect pwm to pin on timer 2, channel A
        TCCR2A |= _BV(COM2A1);
 26e:	80 91 b0 00 	lds	r24, 0x00B0	; 0x8000b0 <__DATA_REGION_ORIGIN__+0x50>
 272:	80 68       	ori	r24, 0x80	; 128
 274:	80 93 b0 00 	sts	0x00B0, r24	; 0x8000b0 <__DATA_REGION_ORIGIN__+0x50>
/home/blobinnit/.arduino15/packages/MiniCore/hardware/avr/3.1.2/cores/MCUdude_corefiles/wiring_analog.c:181
        OCR2A = val; // set pwm duty
 278:	c0 93 b3 00 	sts	0x00B3, r28	; 0x8000b3 <__DATA_REGION_ORIGIN__+0x53>
 27c:	e5 cf       	rjmp	.-54     	; 0x248 <analogWrite+0x72>
/home/blobinnit/.arduino15/packages/MiniCore/hardware/avr/3.1.2/cores/MCUdude_corefiles/wiring_analog.c:188
      #endif

      #if defined(TCCR2A) && defined(COM2B1)
      case TIMER2B:
        // connect pwm to pin on timer 2, channel B
        TCCR2A |= _BV(COM2B1);
 27e:	80 91 b0 00 	lds	r24, 0x00B0	; 0x8000b0 <__DATA_REGION_ORIGIN__+0x50>
 282:	80 62       	ori	r24, 0x20	; 32
 284:	80 93 b0 00 	sts	0x00B0, r24	; 0x8000b0 <__DATA_REGION_ORIGIN__+0x50>
/home/blobinnit/.arduino15/packages/MiniCore/hardware/avr/3.1.2/cores/MCUdude_corefiles/wiring_analog.c:189
        OCR2B = val; // set pwm duty
 288:	c0 93 b4 00 	sts	0x00B4, r28	; 0x8000b4 <__DATA_REGION_ORIGIN__+0x54>
 28c:	dd cf       	rjmp	.-70     	; 0x248 <analogWrite+0x72>

0000028e <micros>:
micros():
/home/blobinnit/.arduino15/packages/MiniCore/hardware/avr/3.1.2/cores/MCUdude_corefiles/wiring.c:237
  unsigned char f; // temporary storage for millis fraction counter
  unsigned char q = 0; // record whether an overflow is flagged
#endif
  // t will be the number where the timer0 counter stopped
  uint8_t t;
  uint8_t oldSREG = SREG;
 28e:	3f b7       	in	r19, 0x3f	; 63
/home/blobinnit/.arduino15/packages/MiniCore/hardware/avr/3.1.2/cores/MCUdude_corefiles/wiring.c:240

  // Stop all interrupts
  cli();
 290:	f8 94       	cli
/home/blobinnit/.arduino15/packages/MiniCore/hardware/avr/3.1.2/cores/MCUdude_corefiles/wiring.c:247
#ifdef CORRECT_EXACT_MICROS
  // combine exact millisec and 8usec counters
  m = timer0_millis;
  f = timer0_fract;
#else
  m = timer0_overflow_count;
 292:	80 91 29 01 	lds	r24, 0x0129	; 0x800129 <timer0_overflow_count>
 296:	90 91 2a 01 	lds	r25, 0x012A	; 0x80012a <timer0_overflow_count+0x1>
 29a:	a0 91 2b 01 	lds	r26, 0x012B	; 0x80012b <timer0_overflow_count+0x2>
 29e:	b0 91 2c 01 	lds	r27, 0x012C	; 0x80012c <timer0_overflow_count+0x3>
/home/blobinnit/.arduino15/packages/MiniCore/hardware/avr/3.1.2/cores/MCUdude_corefiles/wiring.c:252
#endif

  // TCNT0 : The Timer Counter Register
#if defined(TCNT0)
  t = TCNT0;
 2a2:	26 b5       	in	r18, 0x26	; 38
/home/blobinnit/.arduino15/packages/MiniCore/hardware/avr/3.1.2/cores/MCUdude_corefiles/wiring.c:261
  #error TIMER 0 not defined
#endif

  // Timer0 Interrupt Flag Register
#ifdef TIFR0
  if ((TIFR0 & _BV(TOV0)) && (t < 255))
 2a4:	a8 9b       	sbis	0x15, 0	; 21
 2a6:	05 c0       	rjmp	.+10     	; 0x2b2 <micros+0x24>
 2a8:	2f 3f       	cpi	r18, 0xFF	; 255
 2aa:	19 f0       	breq	.+6      	; 0x2b2 <micros+0x24>
/home/blobinnit/.arduino15/packages/MiniCore/hardware/avr/3.1.2/cores/MCUdude_corefiles/wiring.c:263
#ifndef CORRECT_EXACT_MICROS
    m++;
 2ac:	01 96       	adiw	r24, 0x01	; 1
 2ae:	a1 1d       	adc	r26, r1
 2b0:	b1 1d       	adc	r27, r1
/home/blobinnit/.arduino15/packages/MiniCore/hardware/avr/3.1.2/cores/MCUdude_corefiles/wiring.c:276
#else
    q = 1;
#endif
#endif
  // Restore SREG
  SREG = oldSREG;
 2b2:	3f bf       	out	0x3f, r19	; 63
/home/blobinnit/.arduino15/packages/MiniCore/hardware/avr/3.1.2/cores/MCUdude_corefiles/wiring.c:292
      ((t * MICROSECONDS_PER_TIMER0_OVERFLOW) >> 8);
  return q ? m + MICROSECONDS_PER_TIMER0_OVERFLOW : m;
#elif 1
  /* All power-of-two Megahertz frequencies enter here, as well as 12.8 MHz.
     We only end up here if right shift before multiplication is exact. */
  return ((m << 8) + t) * (MICROSECONDS_PER_TIMER0_OVERFLOW >> 8);
 2b4:	ba 2f       	mov	r27, r26
 2b6:	a9 2f       	mov	r26, r25
 2b8:	98 2f       	mov	r25, r24
 2ba:	88 27       	eor	r24, r24
 2bc:	bc 01       	movw	r22, r24
 2be:	cd 01       	movw	r24, r26
 2c0:	62 0f       	add	r22, r18
 2c2:	71 1d       	adc	r23, r1
 2c4:	81 1d       	adc	r24, r1
 2c6:	91 1d       	adc	r25, r1
 2c8:	42 e0       	ldi	r20, 0x02	; 2
 2ca:	66 0f       	add	r22, r22
 2cc:	77 1f       	adc	r23, r23
 2ce:	88 1f       	adc	r24, r24
 2d0:	99 1f       	adc	r25, r25
 2d2:	4a 95       	dec	r20
 2d4:	d1 f7       	brne	.-12     	; 0x2ca <micros+0x3c>
/home/blobinnit/.arduino15/packages/MiniCore/hardware/avr/3.1.2/cores/MCUdude_corefiles/wiring.c:393
  // m & t are multiplied by 4 (since it was already multiplied by 256)
  // t is multiplied by 4
  return ((m << 8) + t) * (64 / clockCyclesPerMicrosecond());
#endif
#endif // 0
}
 2d6:	08 95       	ret

000002d8 <move(int, int)>:
_Z4moveii():
/home/blobinnit/github_repos/ATMega328/linefollowerznowymipinami/linefollowerznowymipinami.ino:130
void szukaj_linii() {
  if (ostatni_kierunek == -1) move(-80, 80); 
  else move(80, -80);
}

void move(int ml, int mp) {
 2d8:	ef 92       	push	r14
 2da:	ff 92       	push	r15
 2dc:	0f 93       	push	r16
 2de:	1f 93       	push	r17
 2e0:	cf 93       	push	r28
 2e2:	df 93       	push	r29
 2e4:	7b 01       	movw	r14, r22
 2e6:	8c 01       	movw	r16, r24
 2e8:	8f 3f       	cpi	r24, 0xFF	; 255
 2ea:	91 05       	cpc	r25, r1
 2ec:	19 f0       	breq	.+6      	; 0x2f4 <move(int, int)+0x1c>
 2ee:	14 f0       	brlt	.+4      	; 0x2f4 <move(int, int)+0x1c>
 2f0:	0f ef       	ldi	r16, 0xFF	; 255
 2f2:	10 e0       	ldi	r17, 0x00	; 0
 2f4:	01 30       	cpi	r16, 0x01	; 1
 2f6:	2f ef       	ldi	r18, 0xFF	; 255
 2f8:	12 07       	cpc	r17, r18
 2fa:	14 f4       	brge	.+4      	; 0x300 <move(int, int)+0x28>
 2fc:	01 e0       	ldi	r16, 0x01	; 1
 2fe:	1f ef       	ldi	r17, 0xFF	; 255
 300:	e7 01       	movw	r28, r14
 302:	2f ef       	ldi	r18, 0xFF	; 255
 304:	e2 16       	cp	r14, r18
 306:	f1 04       	cpc	r15, r1
 308:	19 f0       	breq	.+6      	; 0x310 <move(int, int)+0x38>
 30a:	14 f0       	brlt	.+4      	; 0x310 <move(int, int)+0x38>
 30c:	cf ef       	ldi	r28, 0xFF	; 255
 30e:	d0 e0       	ldi	r29, 0x00	; 0
 310:	c1 30       	cpi	r28, 0x01	; 1
 312:	2f ef       	ldi	r18, 0xFF	; 255
 314:	d2 07       	cpc	r29, r18
 316:	14 f4       	brge	.+4      	; 0x31c <move(int, int)+0x44>
 318:	c1 e0       	ldi	r28, 0x01	; 1
 31a:	df ef       	ldi	r29, 0xFF	; 255
/home/blobinnit/github_repos/ATMega328/linefollowerznowymipinami/linefollowerznowymipinami.ino:134
  ml = constrain(ml, -255, 255);
  mp = constrain(mp, -255, 255);

  if (ml >= 0) {
 31c:	97 fd       	sbrc	r25, 7
 31e:	20 c0       	rjmp	.+64     	; 0x360 <move(int, int)+0x88>
/home/blobinnit/github_repos/ATMega328/linefollowerznowymipinami/linefollowerznowymipinami.ino:135
    digitalWrite(m_lewy_A, HIGH); digitalWrite(m_lewy_B, LOW);
 320:	61 e0       	ldi	r22, 0x01	; 1
 322:	82 e0       	ldi	r24, 0x02	; 2
 324:	0e 94 9f 00 	call	0x13e	; 0x13e <digitalWrite>
 328:	60 e0       	ldi	r22, 0x00	; 0
 32a:	83 e0       	ldi	r24, 0x03	; 3
 32c:	0e 94 9f 00 	call	0x13e	; 0x13e <digitalWrite>
/home/blobinnit/github_repos/ATMega328/linefollowerznowymipinami/linefollowerznowymipinami.ino:141
  } else {
    digitalWrite(m_lewy_A, LOW); digitalWrite(m_lewy_B, HIGH);
    ml = -ml;
  }

  if (mp >= 0) {
 330:	f7 fc       	sbrc	r15, 7
 332:	22 c0       	rjmp	.+68     	; 0x378 <move(int, int)+0xa0>
/home/blobinnit/github_repos/ATMega328/linefollowerznowymipinami/linefollowerznowymipinami.ino:142
    digitalWrite(m_prawy_A, HIGH); digitalWrite(m_prawy_B, LOW);
 334:	61 e0       	ldi	r22, 0x01	; 1
 336:	88 e0       	ldi	r24, 0x08	; 8
 338:	0e 94 9f 00 	call	0x13e	; 0x13e <digitalWrite>
 33c:	60 e0       	ldi	r22, 0x00	; 0
 33e:	89 e0       	ldi	r24, 0x09	; 9
 340:	0e 94 9f 00 	call	0x13e	; 0x13e <digitalWrite>
/home/blobinnit/github_repos/ATMega328/linefollowerznowymipinami/linefollowerznowymipinami.ino:148
  } else {
    digitalWrite(m_prawy_A, LOW); digitalWrite(m_prawy_B, HIGH);
    mp = -mp;
  }

  analogWrite(en_lewy, ml);
 344:	b8 01       	movw	r22, r16
 346:	86 e0       	ldi	r24, 0x06	; 6
 348:	0e 94 eb 00 	call	0x1d6	; 0x1d6 <analogWrite>
/home/blobinnit/github_repos/ATMega328/linefollowerznowymipinami/linefollowerznowymipinami.ino:149
  analogWrite(en_prawy, mp);
 34c:	be 01       	movw	r22, r28
 34e:	85 e0       	ldi	r24, 0x05	; 5
/home/blobinnit/github_repos/ATMega328/linefollowerznowymipinami/linefollowerznowymipinami.ino:150
}
 350:	df 91       	pop	r29
 352:	cf 91       	pop	r28
 354:	1f 91       	pop	r17
 356:	0f 91       	pop	r16
 358:	ff 90       	pop	r15
 35a:	ef 90       	pop	r14
/home/blobinnit/github_repos/ATMega328/linefollowerznowymipinami/linefollowerznowymipinami.ino:149
    digitalWrite(m_prawy_A, LOW); digitalWrite(m_prawy_B, HIGH);
    mp = -mp;
  }

  analogWrite(en_lewy, ml);
  analogWrite(en_prawy, mp);
 35c:	0c 94 eb 00 	jmp	0x1d6	; 0x1d6 <analogWrite>
/home/blobinnit/github_repos/ATMega328/linefollowerznowymipinami/linefollowerznowymipinami.ino:137
  mp = constrain(mp, -255, 255);

  if (ml >= 0) {
    digitalWrite(m_lewy_A, HIGH); digitalWrite(m_lewy_B, LOW);
  } else {
    digitalWrite(m_lewy_A, LOW); digitalWrite(m_lewy_B, HIGH);
 360:	60 e0       	ldi	r22, 0x00	; 0
 362:	82 e0       	ldi	r24, 0x02	; 2
 364:	0e 94 9f 00 	call	0x13e	; 0x13e <digitalWrite>
 368:	61 e0       	ldi	r22, 0x01	; 1
 36a:	83 e0       	ldi	r24, 0x03	; 3
 36c:	0e 94 9f 00 	call	0x13e	; 0x13e <digitalWrite>
/home/blobinnit/github_repos/ATMega328/linefollowerznowymipinami/linefollowerznowymipinami.ino:138
    ml = -ml;
 370:	11 95       	neg	r17
 372:	01 95       	neg	r16
 374:	11 09       	sbc	r17, r1
 376:	dc cf       	rjmp	.-72     	; 0x330 <move(int, int)+0x58>
/home/blobinnit/github_repos/ATMega328/linefollowerznowymipinami/linefollowerznowymipinami.ino:144
  }

  if (mp >= 0) {
    digitalWrite(m_prawy_A, HIGH); digitalWrite(m_prawy_B, LOW);
  } else {
    digitalWrite(m_prawy_A, LOW); digitalWrite(m_prawy_B, HIGH);
 378:	60 e0       	ldi	r22, 0x00	; 0
 37a:	88 e0       	ldi	r24, 0x08	; 8
 37c:	0e 94 9f 00 	call	0x13e	; 0x13e <digitalWrite>
 380:	61 e0       	ldi	r22, 0x01	; 1
 382:	89 e0       	ldi	r24, 0x09	; 9
 384:	0e 94 9f 00 	call	0x13e	; 0x13e <digitalWrite>
/home/blobinnit/github_repos/ATMega328/linefollowerznowymipinami/linefollowerznowymipinami.ino:145
    mp = -mp;
 388:	d1 95       	neg	r29
 38a:	c1 95       	neg	r28
 38c:	d1 09       	sbc	r29, r1
 38e:	da cf       	rjmp	.-76     	; 0x344 <move(int, int)+0x6c>

00000390 <__vector_16>:
__vector_16():
/home/blobinnit/.arduino15/packages/MiniCore/hardware/avr/3.1.2/cores/MCUdude_corefiles/wiring.c:159
#if defined(__AVR_ATtiny24__) || defined(__AVR_ATtiny44__) || defined(__AVR_ATtiny84__)
ISR(TIM0_OVF_vect)
#else
ISR(TIMER0_OVF_vect)
#endif
{
 390:	1f 92       	push	r1
 392:	0f 92       	push	r0
 394:	0f b6       	in	r0, 0x3f	; 63
 396:	0f 92       	push	r0
 398:	11 24       	eor	r1, r1
 39a:	2f 93       	push	r18
 39c:	3f 93       	push	r19
 39e:	8f 93       	push	r24
 3a0:	9f 93       	push	r25
 3a2:	af 93       	push	r26
 3a4:	bf 93       	push	r27
/home/blobinnit/.arduino15/packages/MiniCore/hardware/avr/3.1.2/cores/MCUdude_corefiles/wiring.c:167
  static unsigned char timer0_exact = 0;
#endif

  // copy these to local variables so they can be stored in registers
  // (volatile variables must be read from memory on every access, so this saves time)
  unsigned long m = timer0_millis;
 3a6:	80 91 25 01 	lds	r24, 0x0125	; 0x800125 <timer0_millis>
 3aa:	90 91 26 01 	lds	r25, 0x0126	; 0x800126 <timer0_millis+0x1>
 3ae:	a0 91 27 01 	lds	r26, 0x0127	; 0x800127 <timer0_millis+0x2>
 3b2:	b0 91 28 01 	lds	r27, 0x0128	; 0x800128 <timer0_millis+0x3>
/home/blobinnit/.arduino15/packages/MiniCore/hardware/avr/3.1.2/cores/MCUdude_corefiles/wiring.c:168
  unsigned char f = timer0_fract;
 3b6:	30 91 24 01 	lds	r19, 0x0124	; 0x800124 <timer0_fract>
/home/blobinnit/.arduino15/packages/MiniCore/hardware/avr/3.1.2/cores/MCUdude_corefiles/wiring.c:170

  f += FRACT_INC FRACT_INC_PLUS;
 3ba:	23 e0       	ldi	r18, 0x03	; 3
 3bc:	23 0f       	add	r18, r19
/home/blobinnit/.arduino15/packages/MiniCore/hardware/avr/3.1.2/cores/MCUdude_corefiles/wiring.c:200
    ++f;
  }
#endif
#endif // CORRECT_EXACT_MILLIS

  if (f >= FRACT_MAX) {
 3be:	2d 37       	cpi	r18, 0x7D	; 125
 3c0:	68 f1       	brcs	.+90     	; 0x41c <__LOCK_REGION_LENGTH__+0x1c>
/home/blobinnit/.arduino15/packages/MiniCore/hardware/avr/3.1.2/cores/MCUdude_corefiles/wiring.c:201
    f -= FRACT_MAX;
 3c2:	26 e8       	ldi	r18, 0x86	; 134
 3c4:	23 0f       	add	r18, r19
/home/blobinnit/.arduino15/packages/MiniCore/hardware/avr/3.1.2/cores/MCUdude_corefiles/wiring.c:202
    m += MILLIS_INC + 1;
 3c6:	02 96       	adiw	r24, 0x02	; 2
 3c8:	a1 1d       	adc	r26, r1
 3ca:	b1 1d       	adc	r27, r1
/home/blobinnit/.arduino15/packages/MiniCore/hardware/avr/3.1.2/cores/MCUdude_corefiles/wiring.c:208
  }
  else {
    m += MILLIS_INC;
  }

  timer0_fract = f;
 3cc:	20 93 24 01 	sts	0x0124, r18	; 0x800124 <timer0_fract>
/home/blobinnit/.arduino15/packages/MiniCore/hardware/avr/3.1.2/cores/MCUdude_corefiles/wiring.c:209
  timer0_millis = m;
 3d0:	80 93 25 01 	sts	0x0125, r24	; 0x800125 <timer0_millis>
 3d4:	90 93 26 01 	sts	0x0126, r25	; 0x800126 <timer0_millis+0x1>
 3d8:	a0 93 27 01 	sts	0x0127, r26	; 0x800127 <timer0_millis+0x2>
 3dc:	b0 93 28 01 	sts	0x0128, r27	; 0x800128 <timer0_millis+0x3>
/home/blobinnit/.arduino15/packages/MiniCore/hardware/avr/3.1.2/cores/MCUdude_corefiles/wiring.c:211
#ifndef CORRECT_EXACT_MICROS
  timer0_overflow_count++;
 3e0:	80 91 29 01 	lds	r24, 0x0129	; 0x800129 <timer0_overflow_count>
 3e4:	90 91 2a 01 	lds	r25, 0x012A	; 0x80012a <timer0_overflow_count+0x1>
 3e8:	a0 91 2b 01 	lds	r26, 0x012B	; 0x80012b <timer0_overflow_count+0x2>
 3ec:	b0 91 2c 01 	lds	r27, 0x012C	; 0x80012c <timer0_overflow_count+0x3>
 3f0:	01 96       	adiw	r24, 0x01	; 1
 3f2:	a1 1d       	adc	r26, r1
 3f4:	b1 1d       	adc	r27, r1
 3f6:	80 93 29 01 	sts	0x0129, r24	; 0x800129 <timer0_overflow_count>
 3fa:	90 93 2a 01 	sts	0x012A, r25	; 0x80012a <timer0_overflow_count+0x1>
 3fe:	a0 93 2b 01 	sts	0x012B, r26	; 0x80012b <timer0_overflow_count+0x2>
 402:	b0 93 2c 01 	sts	0x012C, r27	; 0x80012c <timer0_overflow_count+0x3>
/home/blobinnit/.arduino15/packages/MiniCore/hardware/avr/3.1.2/cores/MCUdude_corefiles/wiring.c:213
#endif
}
 406:	bf 91       	pop	r27
 408:	af 91       	pop	r26
 40a:	9f 91       	pop	r25
 40c:	8f 91       	pop	r24
 40e:	3f 91       	pop	r19
 410:	2f 91       	pop	r18
 412:	0f 90       	pop	r0
 414:	0f be       	out	0x3f, r0	; 63
 416:	0f 90       	pop	r0
 418:	1f 90       	pop	r1
 41a:	18 95       	reti
/home/blobinnit/.arduino15/packages/MiniCore/hardware/avr/3.1.2/cores/MCUdude_corefiles/wiring.c:205
  if (f >= FRACT_MAX) {
    f -= FRACT_MAX;
    m += MILLIS_INC + 1;
  }
  else {
    m += MILLIS_INC;
 41c:	01 96       	adiw	r24, 0x01	; 1
 41e:	a1 1d       	adc	r26, r1
 420:	b1 1d       	adc	r27, r1
 422:	d4 cf       	rjmp	.-88     	; 0x3cc <__vector_16+0x3c>

00000424 <main>:
main():
/home/blobinnit/.arduino15/packages/MiniCore/hardware/avr/3.1.2/cores/MCUdude_corefiles/main.cpp:34

//void setupUSB() __attribute__((weak));
//void setupUSB() { }

int main(void)
{
 424:	cf 93       	push	r28
 426:	df 93       	push	r29
 428:	cd b7       	in	r28, 0x3d	; 61
 42a:	de b7       	in	r29, 0x3e	; 62
 42c:	2e 97       	sbiw	r28, 0x0e	; 14
 42e:	0f b6       	in	r0, 0x3f	; 63
 430:	f8 94       	cli
 432:	de bf       	out	0x3e, r29	; 62
 434:	0f be       	out	0x3f, r0	; 63
 436:	cd bf       	out	0x3d, r28	; 61
init():
/home/blobinnit/.arduino15/packages/MiniCore/hardware/avr/3.1.2/cores/MCUdude_corefiles/wiring.c:945

void init()
{
  // this needs to be called before setup() or some functions won't
  // work there
  sei();
 438:	78 94       	sei
/home/blobinnit/.arduino15/packages/MiniCore/hardware/avr/3.1.2/cores/MCUdude_corefiles/wiring.c:957

  // On the ATmega168, timer 0 is also used for fast hardware pwm
  // (using phase-correct PWM would mean that timer 0 overflowed half as often
  // resulting in different millis() behavior on the ATmega8 and ATmega168)
#if defined(TCCR0A) && defined(WGM01)
  TCCR0A |= _BV(WGM01) | _BV(WGM00);
 43a:	84 b5       	in	r24, 0x24	; 36
 43c:	83 60       	ori	r24, 0x03	; 3
 43e:	84 bd       	out	0x24, r24	; 36
/home/blobinnit/.arduino15/packages/MiniCore/hardware/avr/3.1.2/cores/MCUdude_corefiles/wiring.c:972
  #if defined(WGM00) && defined(WGM01) // The ATmega8 doesn't have WGM00 and WGM01
    TCCR0 |= _BV(WGM01) | _BV(WGM00);
  #endif
#elif defined(TCCR0B) && defined(CS01) && defined(CS00)
  // This combination is for the standard 168/328/640/1280/1281/2560/2561
  TCCR0B |= _BV(CS01) | _BV(CS00);
 440:	85 b5       	in	r24, 0x25	; 37
 442:	83 60       	ori	r24, 0x03	; 3
 444:	85 bd       	out	0x25, r24	; 37
/home/blobinnit/.arduino15/packages/MiniCore/hardware/avr/3.1.2/cores/MCUdude_corefiles/wiring.c:984

// Enable timer 0 overflow interrupt
#if defined(TIMSK) && defined(TOIE0)
  TIMSK |= _BV(TOIE0);
#elif defined(TIMSK0) && defined(TOIE0)
  TIMSK0 |= _BV(TOIE0);
 446:	80 91 6e 00 	lds	r24, 0x006E	; 0x80006e <__DATA_REGION_ORIGIN__+0xe>
 44a:	81 60       	ori	r24, 0x01	; 1
 44c:	80 93 6e 00 	sts	0x006E, r24	; 0x80006e <__DATA_REGION_ORIGIN__+0xe>
/home/blobinnit/.arduino15/packages/MiniCore/hardware/avr/3.1.2/cores/MCUdude_corefiles/wiring.c:995
// this is better for motors as it ensures an even waveform
// note, however, that fast pwm mode can achieve a frequency of up
// 8 MHz (with a 16 MHz clock) at 50% duty cycle

#if defined(TCCR1B) && defined(CS11) && defined(CS10)
  TCCR1B = _BV(CS11); // Set timer 1 prescale factor to 64
 450:	82 e0       	ldi	r24, 0x02	; 2
 452:	80 93 81 00 	sts	0x0081, r24	; 0x800081 <__DATA_REGION_ORIGIN__+0x21>
/home/blobinnit/.arduino15/packages/MiniCore/hardware/avr/3.1.2/cores/MCUdude_corefiles/wiring.c:997
#if F_CPU >= 8000000L
  TCCR1B |= _BV(CS10);
 456:	80 91 81 00 	lds	r24, 0x0081	; 0x800081 <__DATA_REGION_ORIGIN__+0x21>
 45a:	81 60       	ori	r24, 0x01	; 1
 45c:	80 93 81 00 	sts	0x0081, r24	; 0x800081 <__DATA_REGION_ORIGIN__+0x21>
/home/blobinnit/.arduino15/packages/MiniCore/hardware/avr/3.1.2/cores/MCUdude_corefiles/wiring.c:1006
#if F_CPU >= 8000000L
  TCCR1 |= _BV(CS10);
#endif
#endif
#if defined(TCCR1A) && defined(WGM10)
  TCCR1A |= _BV(WGM10); // Put timer 1 in 8-bit phase correct pwm mode
 460:	80 91 80 00 	lds	r24, 0x0080	; 0x800080 <__DATA_REGION_ORIGIN__+0x20>
 464:	81 60       	ori	r24, 0x01	; 1
 466:	80 93 80 00 	sts	0x0080, r24	; 0x800080 <__DATA_REGION_ORIGIN__+0x20>
/home/blobinnit/.arduino15/packages/MiniCore/hardware/avr/3.1.2/cores/MCUdude_corefiles/wiring.c:1013

// Set timer 2 prescale factor to 64
#if defined(TCCR2) && defined(CS22)
  TCCR2 |= _BV(CS22);
#elif defined(TCCR2B) && defined(CS22)
  TCCR2B |= _BV(CS22);
 46a:	80 91 b1 00 	lds	r24, 0x00B1	; 0x8000b1 <__DATA_REGION_ORIGIN__+0x51>
 46e:	84 60       	ori	r24, 0x04	; 4
 470:	80 93 b1 00 	sts	0x00B1, r24	; 0x8000b1 <__DATA_REGION_ORIGIN__+0x51>
/home/blobinnit/.arduino15/packages/MiniCore/hardware/avr/3.1.2/cores/MCUdude_corefiles/wiring.c:1022

// Configure timer 2 for phase correct pwm (8-bit)
#if defined(TCCR2) && defined(WGM20)
  TCCR2 |= _BV(WGM20);
#elif defined(TCCR2A) && defined(WGM20)
  TCCR2A |= _BV(WGM20);
 474:	80 91 b0 00 	lds	r24, 0x00B0	; 0x8000b0 <__DATA_REGION_ORIGIN__+0x50>
 478:	81 60       	ori	r24, 0x01	; 1
 47a:	80 93 b0 00 	sts	0x00B0, r24	; 0x8000b0 <__DATA_REGION_ORIGIN__+0x50>
/home/blobinnit/.arduino15/packages/MiniCore/hardware/avr/3.1.2/cores/MCUdude_corefiles/wiring.c:1050
#endif

#if defined(ADCSRA)
  // set a2d prescaler so we are inside the desired 50-200 KHz range.
  #if F_CPU >= 16000000 // 16 MHz / 128 = 125 KHz
    ADCSRA = _BV(ADPS2) | _BV(ADPS1) | _BV(ADPS0) | _BV(ADEN);
 47e:	87 e8       	ldi	r24, 0x87	; 135
 480:	80 93 7a 00 	sts	0x007A, r24	; 0x80007a <__DATA_REGION_ORIGIN__+0x1a>
/home/blobinnit/.arduino15/packages/MiniCore/hardware/avr/3.1.2/cores/MCUdude_corefiles/wiring.c:1070
  // here so they can be used as normal digital i/o; they will be
  // reconnected in Serial.begin()
#if defined(UCSRB)
  UCSRB = 0;
#elif defined(UCSR0B)
  UCSR0B = 0;
 484:	10 92 c1 00 	sts	0x00C1, r1	; 0x8000c1 <__DATA_REGION_ORIGIN__+0x61>
setup():
/home/blobinnit/github_repos/ATMega328/linefollowerznowymipinami/linefollowerznowymipinami.ino:43
// 850 - działa ok
// 800 - super
const int PROG_LINII = 800; // Czarna linia = niski odczyt (<400), białe tło = wysoki (>400)

void setup() {
  pinMode(m_prawy_A, OUTPUT); pinMode(m_prawy_B, OUTPUT);
 488:	88 e0       	ldi	r24, 0x08	; 8
 48a:	0e 94 80 00 	call	0x100	; 0x100 <pinMode.constprop.1>
 48e:	89 e0       	ldi	r24, 0x09	; 9
 490:	0e 94 80 00 	call	0x100	; 0x100 <pinMode.constprop.1>
/home/blobinnit/github_repos/ATMega328/linefollowerznowymipinami/linefollowerznowymipinami.ino:44
  pinMode(m_lewy_A, OUTPUT); pinMode(m_lewy_B, OUTPUT);
 494:	82 e0       	ldi	r24, 0x02	; 2
 496:	0e 94 80 00 	call	0x100	; 0x100 <pinMode.constprop.1>
 49a:	83 e0       	ldi	r24, 0x03	; 3
 49c:	0e 94 80 00 	call	0x100	; 0x100 <pinMode.constprop.1>
/home/blobinnit/github_repos/ATMega328/linefollowerznowymipinami/linefollowerznowymipinami.ino:45
  pinMode(en_prawy, OUTPUT); pinMode(en_lewy, OUTPUT);
 4a0:	85 e0       	ldi	r24, 0x05	; 5
 4a2:	0e 94 80 00 	call	0x100	; 0x100 <pinMode.constprop.1>
 4a6:	86 e0       	ldi	r24, 0x06	; 6
 4a8:	0e 94 80 00 	call	0x100	; 0x100 <pinMode.constprop.1>
delay():
/home/blobinnit/.arduino15/packages/MiniCore/hardware/avr/3.1.2/cores/MCUdude_corefiles/wiring.c:397
#endif // 0
}

void delay(unsigned long ms)
{
  unsigned long start = micros();
 4ac:	0e 94 47 01 	call	0x28e	; 0x28e <micros>
 4b0:	4b 01       	movw	r8, r22
 4b2:	5c 01       	movw	r10, r24
 4b4:	38 eb       	ldi	r19, 0xB8	; 184
 4b6:	c3 2e       	mov	r12, r19
 4b8:	3b e0       	ldi	r19, 0x0B	; 11
 4ba:	d3 2e       	mov	r13, r19
 4bc:	e1 2c       	mov	r14, r1
 4be:	f1 2c       	mov	r15, r1
/home/blobinnit/.arduino15/packages/MiniCore/hardware/avr/3.1.2/cores/MCUdude_corefiles/wiring.c:401

  while (ms > 0UL) {
    yield();
    while (ms > 0UL && (micros() - start) >= 1000UL) {
 4c0:	0e 94 47 01 	call	0x28e	; 0x28e <micros>
 4c4:	68 19       	sub	r22, r8
 4c6:	79 09       	sbc	r23, r9
 4c8:	8a 09       	sbc	r24, r10
 4ca:	9b 09       	sbc	r25, r11
 4cc:	68 3e       	cpi	r22, 0xE8	; 232
 4ce:	73 40       	sbci	r23, 0x03	; 3
 4d0:	81 05       	cpc	r24, r1
 4d2:	91 05       	cpc	r25, r1
 4d4:	a8 f3       	brcs	.-22     	; 0x4c0 <main+0x9c>
/home/blobinnit/.arduino15/packages/MiniCore/hardware/avr/3.1.2/cores/MCUdude_corefiles/wiring.c:402
      ms--;
 4d6:	21 e0       	ldi	r18, 0x01	; 1
 4d8:	c2 1a       	sub	r12, r18
 4da:	d1 08       	sbc	r13, r1
 4dc:	e1 08       	sbc	r14, r1
 4de:	f1 08       	sbc	r15, r1
/home/blobinnit/.arduino15/packages/MiniCore/hardware/avr/3.1.2/cores/MCUdude_corefiles/wiring.c:403
      start += 1000UL;
 4e0:	38 ee       	ldi	r19, 0xE8	; 232
 4e2:	83 0e       	add	r8, r19
 4e4:	33 e0       	ldi	r19, 0x03	; 3
 4e6:	93 1e       	adc	r9, r19
 4e8:	a1 1c       	adc	r10, r1
 4ea:	b1 1c       	adc	r11, r1
/home/blobinnit/.arduino15/packages/MiniCore/hardware/avr/3.1.2/cores/MCUdude_corefiles/wiring.c:401
{
  unsigned long start = micros();

  while (ms > 0UL) {
    yield();
    while (ms > 0UL && (micros() - start) >= 1000UL) {
 4ec:	c1 14       	cp	r12, r1
 4ee:	d1 04       	cpc	r13, r1
 4f0:	e1 04       	cpc	r14, r1
 4f2:	f1 04       	cpc	r15, r1
 4f4:	29 f7       	brne	.-54     	; 0x4c0 <main+0x9c>
oblicz_pozycje():
/home/blobinnit/github_repos/ATMega328/linefollowerznowymipinami/linefollowerznowymipinami.ino:119

  if (aktywnych == 0) return 10000;

  int pozycja = suma_wag / aktywnych;

  if (pozycja < 0) ostatni_kierunek = -1;
 4f6:	22 24       	eor	r2, r2
 4f8:	2a 94       	dec	r2
 4fa:	32 2c       	mov	r3, r2
/home/blobinnit/github_repos/ATMega328/linefollowerznowymipinami/linefollowerznowymipinami.ino:105
}

int oblicz_pozycje() {
  long suma_wag = 0;
  int aktywnych = 0;
  int wagi[] = {-2000, -1000, 0, 1000, 2000};
 4fc:	8a e0       	ldi	r24, 0x0A	; 10
 4fe:	e0 e0       	ldi	r30, 0x00	; 0
 500:	f1 e0       	ldi	r31, 0x01	; 1
 502:	de 01       	movw	r26, r28
 504:	11 96       	adiw	r26, 0x01	; 1
 506:	01 90       	ld	r0, Z+
 508:	0d 92       	st	X+, r0
 50a:	8a 95       	dec	r24
 50c:	e1 f7       	brne	.-8      	; 0x506 <main+0xe2>
 50e:	ea e0       	ldi	r30, 0x0A	; 10
 510:	f1 e0       	ldi	r31, 0x01	; 1
 512:	ae 01       	movw	r20, r28
 514:	4f 5f       	subi	r20, 0xFF	; 255
 516:	5f 4f       	sbci	r21, 0xFF	; 255
main():
/home/blobinnit/github_repos/ATMega328/linefollowerznowymipinami/linefollowerznowymipinami.ino:104
  move(moc_lewy, moc_prawy);
}

int oblicz_pozycje() {
  long suma_wag = 0;
  int aktywnych = 0;
 518:	30 e0       	ldi	r19, 0x00	; 0
 51a:	20 e0       	ldi	r18, 0x00	; 0
/home/blobinnit/github_repos/ATMega328/linefollowerznowymipinami/linefollowerznowymipinami.ino:103

  move(moc_lewy, moc_prawy);
}

int oblicz_pozycje() {
  long suma_wag = 0;
 51c:	c1 2c       	mov	r12, r1
 51e:	d1 2c       	mov	r13, r1
 520:	76 01       	movw	r14, r12
oblicz_pozycje():
/home/blobinnit/github_repos/ATMega328/linefollowerznowymipinami/linefollowerznowymipinami.ino:108
  int aktywnych = 0;
  int wagi[] = {-2000, -1000, 0, 1000, 2000};
  
  for (int i = 0; i < 5; i++) {
    int odczyt = analogRead(czujniki[i]);
 522:	90 81       	ld	r25, Z
 524:	32 96       	adiw	r30, 0x02	; 2
 526:	89 2f       	mov	r24, r25
analogRead():
/home/blobinnit/.arduino15/packages/MiniCore/hardware/avr/3.1.2/cores/MCUdude_corefiles/wiring_analog.c:49
int analogRead(uint8_t pin)
{

// Macro located in the pins_arduino.h file
#ifdef analogPinToChannel
  pin = analogPinToChannel(pin);
 528:	98 30       	cpi	r25, 0x08	; 8
 52a:	20 f0       	brcs	.+8      	; 0x534 <main+0x110>
 52c:	9d 30       	cpi	r25, 0x0D	; 13
 52e:	08 f4       	brcc	.+2      	; 0x532 <main+0x10e>
 530:	8d e0       	ldi	r24, 0x0D	; 13
 532:	8e 50       	subi	r24, 0x0E	; 14
/home/blobinnit/.arduino15/packages/MiniCore/hardware/avr/3.1.2/cores/MCUdude_corefiles/wiring_analog.c:68
  
  // set the analog reference (high two bits of ADMUX) and select the
  // channel (low 4 bits).  this also sets ADLAR (left-adjust result)
  // to 0 (the default).
#if defined(ADMUX)
  ADMUX = (analog_reference << 6) | (pin & 0x07);
 534:	87 70       	andi	r24, 0x07	; 7
 536:	80 64       	ori	r24, 0x40	; 64
 538:	80 93 7c 00 	sts	0x007C, r24	; 0x80007c <__DATA_REGION_ORIGIN__+0x1c>
/home/blobinnit/.arduino15/packages/MiniCore/hardware/avr/3.1.2/cores/MCUdude_corefiles/wiring_analog.c:76
  // without a delay, we seem to read from the wrong channel
  //delay(1);

#if defined(ADCSRA) && defined(ADC)
  // start the conversion
  ADCSRA |= _BV(ADSC);
 53c:	80 91 7a 00 	lds	r24, 0x007A	; 0x80007a <__DATA_REGION_ORIGIN__+0x1a>
 540:	80 64       	ori	r24, 0x40	; 64
 542:	80 93 7a 00 	sts	0x007A, r24	; 0x80007a <__DATA_REGION_ORIGIN__+0x1a>
/home/blobinnit/.arduino15/packages/MiniCore/hardware/avr/3.1.2/cores/MCUdude_corefiles/wiring_analog.c:79

  // ADSC is cleared when the conversion finishes
  while (ADCSRA & _BV(ADSC)) {};
 546:	80 91 7a 00 	lds	r24, 0x007A	; 0x80007a <__DATA_REGION_ORIGIN__+0x1a>
 54a:	86 fd       	sbrc	r24, 6
 54c:	fc cf       	rjmp	.-8      	; 0x546 <main+0x122>
/home/blobinnit/.arduino15/packages/MiniCore/hardware/avr/3.1.2/cores/MCUdude_corefiles/wiring_analog.c:83

  // ADC macro takes care of reading ADC register.
 	// avr-gcc implements the proper reading order: ADCL is read first.
 	return ADC;
 54e:	80 91 78 00 	lds	r24, 0x0078	; 0x800078 <__DATA_REGION_ORIGIN__+0x18>
 552:	90 91 79 00 	lds	r25, 0x0079	; 0x800079 <__DATA_REGION_ORIGIN__+0x19>
oblicz_pozycje():
/home/blobinnit/github_repos/ATMega328/linefollowerznowymipinami/linefollowerznowymipinami.ino:109
    if (odczyt < PROG_LINII) {
 556:	80 32       	cpi	r24, 0x20	; 32
 558:	93 40       	sbci	r25, 0x03	; 3
 55a:	6c f4       	brge	.+26     	; 0x576 <main+0x152>
/home/blobinnit/github_repos/ATMega328/linefollowerznowymipinami/linefollowerznowymipinami.ino:110
      suma_wag += wagi[i];
 55c:	da 01       	movw	r26, r20
 55e:	8d 91       	ld	r24, X+
 560:	9c 91       	ld	r25, X
 562:	09 2e       	mov	r0, r25
 564:	00 0c       	add	r0, r0
 566:	aa 0b       	sbc	r26, r26
 568:	bb 0b       	sbc	r27, r27
 56a:	c8 0e       	add	r12, r24
 56c:	d9 1e       	adc	r13, r25
 56e:	ea 1e       	adc	r14, r26
 570:	fb 1e       	adc	r15, r27
/home/blobinnit/github_repos/ATMega328/linefollowerznowymipinami/linefollowerznowymipinami.ino:111
      aktywnych++;
 572:	2f 5f       	subi	r18, 0xFF	; 255
 574:	3f 4f       	sbci	r19, 0xFF	; 255
 576:	4e 5f       	subi	r20, 0xFE	; 254
 578:	5f 4f       	sbci	r21, 0xFF	; 255
/home/blobinnit/github_repos/ATMega328/linefollowerznowymipinami/linefollowerznowymipinami.ino:107
int oblicz_pozycje() {
  long suma_wag = 0;
  int aktywnych = 0;
  int wagi[] = {-2000, -1000, 0, 1000, 2000};
  
  for (int i = 0; i < 5; i++) {
 57a:	64 e1       	ldi	r22, 0x14	; 20
 57c:	71 e0       	ldi	r23, 0x01	; 1
 57e:	6e 17       	cp	r22, r30
 580:	7f 07       	cpc	r23, r31
 582:	79 f6       	brne	.-98     	; 0x522 <main+0xfe>
/home/blobinnit/github_repos/ATMega328/linefollowerznowymipinami/linefollowerznowymipinami.ino:115
      suma_wag += wagi[i];
      aktywnych++;
    }
  }

  if (aktywnych == 0) return 10000;
 584:	21 15       	cp	r18, r1
 586:	31 05       	cpc	r19, r1
 588:	09 f4       	brne	.+2      	; 0x58c <main+0x168>
 58a:	e9 c0       	rjmp	.+466    	; 0x75e <main+0x33a>
/home/blobinnit/github_repos/ATMega328/linefollowerznowymipinami/linefollowerznowymipinami.ino:117

  int pozycja = suma_wag / aktywnych;
 58c:	03 2e       	mov	r0, r19
 58e:	00 0c       	add	r0, r0
 590:	44 0b       	sbc	r20, r20
 592:	55 0b       	sbc	r21, r21
 594:	c7 01       	movw	r24, r14
 596:	b6 01       	movw	r22, r12
 598:	0e 94 a4 05 	call	0xb48	; 0xb48 <__divmodsi4>
 59c:	c9 01       	movw	r24, r18
/home/blobinnit/github_repos/ATMega328/linefollowerznowymipinami/linefollowerznowymipinami.ino:119

  if (pozycja < 0) ostatni_kierunek = -1;
 59e:	37 ff       	sbrs	r19, 7
 5a0:	d0 c0       	rjmp	.+416    	; 0x742 <main+0x31e>
 5a2:	30 92 15 01 	sts	0x0115, r3	; 0x800115 <__data_end+0x1>
 5a6:	20 92 14 01 	sts	0x0114, r2	; 0x800114 <__data_end>
loop():
/home/blobinnit/github_repos/ATMega328/linefollowerznowymipinami/linefollowerznowymipinami.ino:58
  if (pozycja == 10000) {
    szukaj_linii();
    return;
  }

  blad = pozycja;
 5aa:	30 93 23 01 	sts	0x0123, r19	; 0x800123 <blad+0x1>
 5ae:	20 93 22 01 	sts	0x0122, r18	; 0x800122 <blad>
millis():
/home/blobinnit/.arduino15/packages/MiniCore/hardware/avr/3.1.2/cores/MCUdude_corefiles/wiring.c:218
}

unsigned long millis()
{
  unsigned long m;
  uint8_t oldSREG = SREG;
 5b2:	8f b7       	in	r24, 0x3f	; 63
/home/blobinnit/.arduino15/packages/MiniCore/hardware/avr/3.1.2/cores/MCUdude_corefiles/wiring.c:222

  // disable interrupts while we read timer0_millis or we might get an
  // inconsistent value (e.g. in the middle of a write to timer0_millis)
  cli();
 5b4:	f8 94       	cli
/home/blobinnit/.arduino15/packages/MiniCore/hardware/avr/3.1.2/cores/MCUdude_corefiles/wiring.c:223
  m = timer0_millis;
 5b6:	40 90 25 01 	lds	r4, 0x0125	; 0x800125 <timer0_millis>
 5ba:	50 90 26 01 	lds	r5, 0x0126	; 0x800126 <timer0_millis+0x1>
 5be:	60 90 27 01 	lds	r6, 0x0127	; 0x800127 <timer0_millis+0x2>
 5c2:	70 90 28 01 	lds	r7, 0x0128	; 0x800128 <timer0_millis+0x3>
/home/blobinnit/.arduino15/packages/MiniCore/hardware/avr/3.1.2/cores/MCUdude_corefiles/wiring.c:224
  SREG = oldSREG;
 5c6:	8f bf       	out	0x3f, r24	; 63
loop():
/home/blobinnit/github_repos/ATMega328/linefollowerznowymipinami/linefollowerznowymipinami.ino:64
  // test start
  // Pobieramy aktualny czas w milisekundach
  unsigned long aktualny_czas = millis();

  // Liczymy PID tylko jeśli minęło 5 milisekund (czyli 200 razy na sekundę)
  if (aktualny_czas - poprzedni_czas >= 5) {
 5c8:	80 91 1e 01 	lds	r24, 0x011E	; 0x80011e <poprzedni_czas>
 5cc:	90 91 1f 01 	lds	r25, 0x011F	; 0x80011f <poprzedni_czas+0x1>
 5d0:	a0 91 20 01 	lds	r26, 0x0120	; 0x800120 <poprzedni_czas+0x2>
 5d4:	b0 91 21 01 	lds	r27, 0x0121	; 0x800121 <poprzedni_czas+0x3>
 5d8:	b3 01       	movw	r22, r6
 5da:	a2 01       	movw	r20, r4
 5dc:	48 1b       	sub	r20, r24
 5de:	59 0b       	sbc	r21, r25
 5e0:	6a 0b       	sbc	r22, r26
 5e2:	7b 0b       	sbc	r23, r27
 5e4:	db 01       	movw	r26, r22
 5e6:	ca 01       	movw	r24, r20
 5e8:	05 97       	sbiw	r24, 0x05	; 5
 5ea:	a1 05       	cpc	r26, r1
 5ec:	b1 05       	cpc	r27, r1
 5ee:	08 f4       	brcc	.+2      	; 0x5f2 <main+0x1ce>
 5f0:	7b c0       	rjmp	.+246    	; 0x6e8 <main+0x2c4>
/home/blobinnit/github_repos/ATMega328/linefollowerznowymipinami/linefollowerznowymipinami.ino:65
      calka = calka + blad;
 5f2:	00 91 22 01 	lds	r16, 0x0122	; 0x800122 <blad>
 5f6:	10 91 23 01 	lds	r17, 0x0123	; 0x800123 <blad+0x1>
 5fa:	b8 01       	movw	r22, r16
 5fc:	01 2e       	mov	r0, r17
 5fe:	00 0c       	add	r0, r0
 600:	88 0b       	sbc	r24, r24
 602:	99 0b       	sbc	r25, r25
 604:	0e 94 82 04 	call	0x904	; 0x904 <__floatsisf>
 608:	4b 01       	movw	r8, r22
 60a:	5c 01       	movw	r10, r24
 60c:	20 91 1a 01 	lds	r18, 0x011A	; 0x80011a <calka>
 610:	30 91 1b 01 	lds	r19, 0x011B	; 0x80011b <calka+0x1>
 614:	40 91 1c 01 	lds	r20, 0x011C	; 0x80011c <calka+0x2>
 618:	50 91 1d 01 	lds	r21, 0x011D	; 0x80011d <calka+0x3>
 61c:	0e 94 d9 03 	call	0x7b2	; 0x7b2 <__addsf3>
 620:	6b 01       	movw	r12, r22
 622:	7c 01       	movw	r14, r24
_Z9constrainIfiiEDTqultfp_fp0_fp0_qugtfp_fp1_fp1_fp_ERKT_RKT0_RKT1_():
/home/blobinnit/.arduino15/packages/MiniCore/hardware/avr/3.1.2/cores/MCUdude_corefiles/Arduino.h:345
    return rad * RAD_TO_DEG;
  }

  template<class T, class L, class H>
	auto constrain(const T& x, const L& l, const H& h) -> decltype((x < l) ? l : (x > h) ? h : x) {
		return (x < l) ? l : (x > h) ? h : x;
 624:	20 e0       	ldi	r18, 0x00	; 0
 626:	30 e8       	ldi	r19, 0x80	; 128
 628:	4b e3       	ldi	r20, 0x3B	; 59
 62a:	55 ec       	ldi	r21, 0xC5	; 197
 62c:	0e 94 45 04 	call	0x88a	; 0x88a <__cmpsf2>
 630:	87 fd       	sbrc	r24, 7
 632:	ae c0       	rjmp	.+348    	; 0x790 <main+0x36c>
 634:	20 e0       	ldi	r18, 0x00	; 0
 636:	30 e8       	ldi	r19, 0x80	; 128
 638:	4b e3       	ldi	r20, 0x3B	; 59
 63a:	55 e4       	ldi	r21, 0x45	; 69
 63c:	c7 01       	movw	r24, r14
 63e:	b6 01       	movw	r22, r12
 640:	0e 94 32 05 	call	0xa64	; 0xa64 <__gesf2>
 644:	18 16       	cp	r1, r24
 646:	0c f4       	brge	.+2      	; 0x64a <main+0x226>
 648:	ab c0       	rjmp	.+342    	; 0x7a0 <main+0x37c>
loop():
/home/blobinnit/github_repos/ATMega328/linefollowerznowymipinami/linefollowerznowymipinami.ino:66
      calka = constrain(calka, -3000, 3000);
 64a:	c0 92 1a 01 	sts	0x011A, r12	; 0x80011a <calka>
 64e:	d0 92 1b 01 	sts	0x011B, r13	; 0x80011b <calka+0x1>
 652:	e0 92 1c 01 	sts	0x011C, r14	; 0x80011c <calka+0x2>
 656:	f0 92 1d 01 	sts	0x011D, r15	; 0x80011d <calka+0x3>
/home/blobinnit/github_repos/ATMega328/linefollowerznowymipinami/linefollowerznowymipinami.ino:68

      int rozniczka = blad - poprzedni_blad;
 65a:	80 91 18 01 	lds	r24, 0x0118	; 0x800118 <poprzedni_blad>
 65e:	90 91 19 01 	lds	r25, 0x0119	; 0x800119 <poprzedni_blad+0x1>
 662:	b8 01       	movw	r22, r16
 664:	68 1b       	sub	r22, r24
 666:	79 0b       	sbc	r23, r25
/home/blobinnit/github_repos/ATMega328/linefollowerznowymipinami/linefollowerznowymipinami.ino:70
      
      korekta = (Kp * blad) + (Ki * calka) + (Kd * rozniczka);
 668:	07 2e       	mov	r0, r23
 66a:	00 0c       	add	r0, r0
 66c:	88 0b       	sbc	r24, r24
 66e:	99 0b       	sbc	r25, r25
 670:	0e 94 82 04 	call	0x904	; 0x904 <__floatsisf>
 674:	20 e0       	ldi	r18, 0x00	; 0
 676:	30 e0       	ldi	r19, 0x00	; 0
 678:	a9 01       	movw	r20, r18
 67a:	0e 94 37 05 	call	0xa6e	; 0xa6e <__mulsf3>
 67e:	6b 87       	std	Y+11, r22	; 0x0b
 680:	7c 87       	std	Y+12, r23	; 0x0c
 682:	8d 87       	std	Y+13, r24	; 0x0d
 684:	9e 87       	std	Y+14, r25	; 0x0e
 686:	2f e8       	ldi	r18, 0x8F	; 143
 688:	32 ec       	ldi	r19, 0xC2	; 194
 68a:	45 ef       	ldi	r20, 0xF5	; 245
 68c:	5d e3       	ldi	r21, 0x3D	; 61
 68e:	c5 01       	movw	r24, r10
 690:	b4 01       	movw	r22, r8
 692:	0e 94 37 05 	call	0xa6e	; 0xa6e <__mulsf3>
 696:	4b 01       	movw	r8, r22
 698:	5c 01       	movw	r10, r24
 69a:	20 e0       	ldi	r18, 0x00	; 0
 69c:	30 e0       	ldi	r19, 0x00	; 0
 69e:	a9 01       	movw	r20, r18
 6a0:	c7 01       	movw	r24, r14
 6a2:	b6 01       	movw	r22, r12
 6a4:	0e 94 37 05 	call	0xa6e	; 0xa6e <__mulsf3>
 6a8:	9b 01       	movw	r18, r22
 6aa:	ac 01       	movw	r20, r24
 6ac:	c5 01       	movw	r24, r10
 6ae:	b4 01       	movw	r22, r8
 6b0:	0e 94 d9 03 	call	0x7b2	; 0x7b2 <__addsf3>
 6b4:	9b 01       	movw	r18, r22
 6b6:	ac 01       	movw	r20, r24
 6b8:	6b 85       	ldd	r22, Y+11	; 0x0b
 6ba:	7c 85       	ldd	r23, Y+12	; 0x0c
 6bc:	8d 85       	ldd	r24, Y+13	; 0x0d
 6be:	9e 85       	ldd	r25, Y+14	; 0x0e
 6c0:	0e 94 d9 03 	call	0x7b2	; 0x7b2 <__addsf3>
 6c4:	0e 94 4a 04 	call	0x894	; 0x894 <__fixsfsi>
 6c8:	70 93 17 01 	sts	0x0117, r23	; 0x800117 <korekta+0x1>
 6cc:	60 93 16 01 	sts	0x0116, r22	; 0x800116 <korekta>
/home/blobinnit/github_repos/ATMega328/linefollowerznowymipinami/linefollowerznowymipinami.ino:72
      
      poprzedni_blad = blad;
 6d0:	10 93 19 01 	sts	0x0119, r17	; 0x800119 <poprzedni_blad+0x1>
 6d4:	00 93 18 01 	sts	0x0118, r16	; 0x800118 <poprzedni_blad>
/home/blobinnit/github_repos/ATMega328/linefollowerznowymipinami/linefollowerznowymipinami.ino:73
      poprzedni_czas = aktualny_czas; // Zapisujemy czas do następnego sprawdzenia
 6d8:	40 92 1e 01 	sts	0x011E, r4	; 0x80011e <poprzedni_czas>
 6dc:	50 92 1f 01 	sts	0x011F, r5	; 0x80011f <poprzedni_czas+0x1>
 6e0:	60 92 20 01 	sts	0x0120, r6	; 0x800120 <poprzedni_czas+0x2>
 6e4:	70 92 21 01 	sts	0x0121, r7	; 0x800121 <poprzedni_czas+0x3>
/home/blobinnit/github_repos/ATMega328/linefollowerznowymipinami/linefollowerznowymipinami.ino:86
  // 1.0 = ostre hamowanie przed każdym łukiem
  float wspolczynnik = 0.5; 
  
  // Odejmujemy część korekty od prędkości maksymalnej.
  // Używamy abs(korekta), bo chcemy zwalniać niezależnie czy skręcamy w lewo czy w prawo.
  int aktualne_v = V_BAZA - (abs(korekta) * wspolczynnik);
 6e8:	00 91 16 01 	lds	r16, 0x0116	; 0x800116 <korekta>
 6ec:	10 91 17 01 	lds	r17, 0x0117	; 0x800117 <korekta+0x1>
 6f0:	b8 01       	movw	r22, r16
 6f2:	17 ff       	sbrs	r17, 7
 6f4:	04 c0       	rjmp	.+8      	; 0x6fe <main+0x2da>
 6f6:	66 27       	eor	r22, r22
 6f8:	77 27       	eor	r23, r23
 6fa:	60 1b       	sub	r22, r16
 6fc:	71 0b       	sbc	r23, r17
 6fe:	07 2e       	mov	r0, r23
 700:	00 0c       	add	r0, r0
 702:	88 0b       	sbc	r24, r24
 704:	99 0b       	sbc	r25, r25
 706:	0e 94 82 04 	call	0x904	; 0x904 <__floatsisf>
 70a:	20 e0       	ldi	r18, 0x00	; 0
 70c:	30 e0       	ldi	r19, 0x00	; 0
 70e:	40 e0       	ldi	r20, 0x00	; 0
 710:	5f e3       	ldi	r21, 0x3F	; 63
 712:	0e 94 37 05 	call	0xa6e	; 0xa6e <__mulsf3>
 716:	9b 01       	movw	r18, r22
 718:	ac 01       	movw	r20, r24
 71a:	60 e0       	ldi	r22, 0x00	; 0
 71c:	70 e0       	ldi	r23, 0x00	; 0
 71e:	8a e7       	ldi	r24, 0x7A	; 122
 720:	93 e4       	ldi	r25, 0x43	; 67
 722:	0e 94 d8 03 	call	0x7b0	; 0x7b0 <__subsf3>
 726:	0e 94 4a 04 	call	0x894	; 0x894 <__fixsfsi>
 72a:	cb 01       	movw	r24, r22
 72c:	60 35       	cpi	r22, 0x50	; 80
 72e:	71 05       	cpc	r23, r1
 730:	14 f4       	brge	.+4      	; 0x736 <main+0x312>
 732:	80 e5       	ldi	r24, 0x50	; 80
 734:	90 e0       	ldi	r25, 0x00	; 0
/home/blobinnit/github_repos/ATMega328/linefollowerznowymipinami/linefollowerznowymipinami.ino:97
      aktualne_v = 80;
  }

  // Obliczamy ostateczną moc na koła używając nowej, bezpiecznej bazy
  int moc_lewy  = aktualne_v + korekta;
  int moc_prawy = aktualne_v - korekta;
 736:	bc 01       	movw	r22, r24
 738:	60 1b       	sub	r22, r16
 73a:	71 0b       	sbc	r23, r17
/home/blobinnit/github_repos/ATMega328/linefollowerznowymipinami/linefollowerznowymipinami.ino:99

  move(moc_lewy, moc_prawy);
 73c:	80 0f       	add	r24, r16
 73e:	91 1f       	adc	r25, r17
 740:	18 c0       	rjmp	.+48     	; 0x772 <main+0x34e>
oblicz_pozycje():
/home/blobinnit/github_repos/ATMega328/linefollowerznowymipinami/linefollowerznowymipinami.ino:120
  if (aktywnych == 0) return 10000;

  int pozycja = suma_wag / aktywnych;

  if (pozycja < 0) ostatni_kierunek = -1;
  else if (pozycja > 0) ostatni_kierunek = 1;
 742:	89 2b       	or	r24, r25
 744:	09 f4       	brne	.+2      	; 0x748 <main+0x324>
 746:	31 cf       	rjmp	.-414    	; 0x5aa <main+0x186>
 748:	a1 e0       	ldi	r26, 0x01	; 1
 74a:	b0 e0       	ldi	r27, 0x00	; 0
 74c:	b0 93 15 01 	sts	0x0115, r27	; 0x800115 <__data_end+0x1>
 750:	a0 93 14 01 	sts	0x0114, r26	; 0x800114 <__data_end>
loop():
/home/blobinnit/github_repos/ATMega328/linefollowerznowymipinami/linefollowerznowymipinami.ino:53
}

void loop() {
  int pozycja = oblicz_pozycje();

  if (pozycja == 10000) {
 754:	20 31       	cpi	r18, 0x10	; 16
 756:	b7 e2       	ldi	r27, 0x27	; 39
 758:	3b 07       	cpc	r19, r27
 75a:	09 f0       	breq	.+2      	; 0x75e <main+0x33a>
 75c:	26 cf       	rjmp	.-436    	; 0x5aa <main+0x186>
szukaj_linii():
/home/blobinnit/github_repos/ATMega328/linefollowerznowymipinami/linefollowerznowymipinami.ino:126

  return pozycja;
}

void szukaj_linii() {
  if (ostatni_kierunek == -1) move(-80, 80); 
 75e:	80 91 14 01 	lds	r24, 0x0114	; 0x800114 <__data_end>
 762:	90 91 15 01 	lds	r25, 0x0115	; 0x800115 <__data_end+0x1>
 766:	01 96       	adiw	r24, 0x01	; 1
 768:	71 f4       	brne	.+28     	; 0x786 <main+0x362>
 76a:	60 e5       	ldi	r22, 0x50	; 80
 76c:	70 e0       	ldi	r23, 0x00	; 0
 76e:	80 eb       	ldi	r24, 0xB0	; 176
 770:	9f ef       	ldi	r25, 0xFF	; 255
loop():
/home/blobinnit/github_repos/ATMega328/linefollowerznowymipinami/linefollowerznowymipinami.ino:99

  // Obliczamy ostateczną moc na koła używając nowej, bezpiecznej bazy
  int moc_lewy  = aktualne_v + korekta;
  int moc_prawy = aktualne_v - korekta;

  move(moc_lewy, moc_prawy);
 772:	0e 94 6c 01 	call	0x2d8	; 0x2d8 <move(int, int)>
main():
/home/blobinnit/.arduino15/packages/MiniCore/hardware/avr/3.1.2/cores/MCUdude_corefiles/main.cpp:47
  
  setup();
    
  for (;;) {
    loop();
    if (serialEventRun) serialEventRun();
 776:	60 e0       	ldi	r22, 0x00	; 0
 778:	70 e0       	ldi	r23, 0x00	; 0
 77a:	67 2b       	or	r22, r23
 77c:	09 f4       	brne	.+2      	; 0x780 <main+0x35c>
 77e:	be ce       	rjmp	.-644    	; 0x4fc <main+0xd8>
 780:	0e 94 00 00 	call	0	; 0x0 <__vectors>
 784:	bb ce       	rjmp	.-650    	; 0x4fc <main+0xd8>
szukaj_linii():
/home/blobinnit/github_repos/ATMega328/linefollowerznowymipinami/linefollowerznowymipinami.ino:127
  return pozycja;
}

void szukaj_linii() {
  if (ostatni_kierunek == -1) move(-80, 80); 
  else move(80, -80);
 786:	60 eb       	ldi	r22, 0xB0	; 176
 788:	7f ef       	ldi	r23, 0xFF	; 255
 78a:	80 e5       	ldi	r24, 0x50	; 80
 78c:	90 e0       	ldi	r25, 0x00	; 0
 78e:	f1 cf       	rjmp	.-30     	; 0x772 <main+0x34e>
main():
/home/blobinnit/.arduino15/packages/MiniCore/hardware/avr/3.1.2/cores/MCUdude_corefiles/Arduino.h:345
 790:	c1 2c       	mov	r12, r1
 792:	90 e8       	ldi	r25, 0x80	; 128
 794:	d9 2e       	mov	r13, r25
 796:	9b e3       	ldi	r25, 0x3B	; 59
 798:	e9 2e       	mov	r14, r25
 79a:	95 ec       	ldi	r25, 0xC5	; 197
 79c:	f9 2e       	mov	r15, r25
 79e:	55 cf       	rjmp	.-342    	; 0x64a <main+0x226>
 7a0:	c1 2c       	mov	r12, r1
 7a2:	80 e8       	ldi	r24, 0x80	; 128
 7a4:	d8 2e       	mov	r13, r24
 7a6:	8b e3       	ldi	r24, 0x3B	; 59
 7a8:	e8 2e       	mov	r14, r24
 7aa:	85 e4       	ldi	r24, 0x45	; 69
 7ac:	f8 2e       	mov	r15, r24
 7ae:	4d cf       	rjmp	.-358    	; 0x64a <main+0x226>

000007b0 <__subsf3>:
__subsf3():
 7b0:	50 58       	subi	r21, 0x80	; 128

000007b2 <__addsf3>:
 7b2:	bb 27       	eor	r27, r27
 7b4:	aa 27       	eor	r26, r26
 7b6:	0e 94 f0 03 	call	0x7e0	; 0x7e0 <__addsf3x>
 7ba:	0c 94 f8 04 	jmp	0x9f0	; 0x9f0 <__fp_round>
__addsf3():
 7be:	0e 94 ea 04 	call	0x9d4	; 0x9d4 <__fp_pscA>
 7c2:	38 f0       	brcs	.+14     	; 0x7d2 <__addsf3+0x20>
 7c4:	0e 94 f1 04 	call	0x9e2	; 0x9e2 <__fp_pscB>
 7c8:	20 f0       	brcs	.+8      	; 0x7d2 <__addsf3+0x20>
 7ca:	39 f4       	brne	.+14     	; 0x7da <__addsf3+0x28>
 7cc:	9f 3f       	cpi	r25, 0xFF	; 255
 7ce:	19 f4       	brne	.+6      	; 0x7d6 <__addsf3+0x24>
 7d0:	26 f4       	brtc	.+8      	; 0x7da <__addsf3+0x28>
 7d2:	0c 94 e7 04 	jmp	0x9ce	; 0x9ce <__fp_nan>
 7d6:	0e f4       	brtc	.+2      	; 0x7da <__addsf3+0x28>
 7d8:	e0 95       	com	r30
 7da:	e7 fb       	bst	r30, 7
 7dc:	0c 94 e1 04 	jmp	0x9c2	; 0x9c2 <__fp_inf>

000007e0 <__addsf3x>:
__addsf3x():
 7e0:	e9 2f       	mov	r30, r25
 7e2:	0e 94 09 05 	call	0xa12	; 0xa12 <__fp_split3>
 7e6:	58 f3       	brcs	.-42     	; 0x7be <__addsf3+0xc>
 7e8:	ba 17       	cp	r27, r26
 7ea:	62 07       	cpc	r22, r18
 7ec:	73 07       	cpc	r23, r19
 7ee:	84 07       	cpc	r24, r20
 7f0:	95 07       	cpc	r25, r21
 7f2:	20 f0       	brcs	.+8      	; 0x7fc <__addsf3x+0x1c>
 7f4:	79 f4       	brne	.+30     	; 0x814 <__addsf3x+0x34>
 7f6:	a6 f5       	brtc	.+104    	; 0x860 <__addsf3x+0x80>
 7f8:	0c 94 2b 05 	jmp	0xa56	; 0xa56 <__fp_zero>
 7fc:	0e f4       	brtc	.+2      	; 0x800 <__addsf3x+0x20>
 7fe:	e0 95       	com	r30
 800:	0b 2e       	mov	r0, r27
 802:	ba 2f       	mov	r27, r26
 804:	a0 2d       	mov	r26, r0
 806:	0b 01       	movw	r0, r22
 808:	b9 01       	movw	r22, r18
 80a:	90 01       	movw	r18, r0
 80c:	0c 01       	movw	r0, r24
 80e:	ca 01       	movw	r24, r20
 810:	a0 01       	movw	r20, r0
 812:	11 24       	eor	r1, r1
 814:	ff 27       	eor	r31, r31
 816:	59 1b       	sub	r21, r25
 818:	99 f0       	breq	.+38     	; 0x840 <__addsf3x+0x60>
 81a:	59 3f       	cpi	r21, 0xF9	; 249
 81c:	50 f4       	brcc	.+20     	; 0x832 <__addsf3x+0x52>
 81e:	50 3e       	cpi	r21, 0xE0	; 224
 820:	68 f1       	brcs	.+90     	; 0x87c <__addsf3x+0x9c>
 822:	1a 16       	cp	r1, r26
 824:	f0 40       	sbci	r31, 0x00	; 0
 826:	a2 2f       	mov	r26, r18
 828:	23 2f       	mov	r18, r19
 82a:	34 2f       	mov	r19, r20
 82c:	44 27       	eor	r20, r20
 82e:	58 5f       	subi	r21, 0xF8	; 248
 830:	f3 cf       	rjmp	.-26     	; 0x818 <__addsf3x+0x38>
 832:	46 95       	lsr	r20
 834:	37 95       	ror	r19
 836:	27 95       	ror	r18
 838:	a7 95       	ror	r26
 83a:	f0 40       	sbci	r31, 0x00	; 0
 83c:	53 95       	inc	r21
 83e:	c9 f7       	brne	.-14     	; 0x832 <__addsf3x+0x52>
 840:	7e f4       	brtc	.+30     	; 0x860 <__addsf3x+0x80>
 842:	1f 16       	cp	r1, r31
 844:	ba 0b       	sbc	r27, r26
 846:	62 0b       	sbc	r22, r18
 848:	73 0b       	sbc	r23, r19
 84a:	84 0b       	sbc	r24, r20
 84c:	ba f0       	brmi	.+46     	; 0x87c <__addsf3x+0x9c>
 84e:	91 50       	subi	r25, 0x01	; 1
 850:	a1 f0       	breq	.+40     	; 0x87a <__addsf3x+0x9a>
 852:	ff 0f       	add	r31, r31
 854:	bb 1f       	adc	r27, r27
 856:	66 1f       	adc	r22, r22
 858:	77 1f       	adc	r23, r23
 85a:	88 1f       	adc	r24, r24
 85c:	c2 f7       	brpl	.-16     	; 0x84e <__addsf3x+0x6e>
 85e:	0e c0       	rjmp	.+28     	; 0x87c <__addsf3x+0x9c>
 860:	ba 0f       	add	r27, r26
 862:	62 1f       	adc	r22, r18
 864:	73 1f       	adc	r23, r19
 866:	84 1f       	adc	r24, r20
 868:	48 f4       	brcc	.+18     	; 0x87c <__addsf3x+0x9c>
 86a:	87 95       	ror	r24
 86c:	77 95       	ror	r23
 86e:	67 95       	ror	r22
 870:	b7 95       	ror	r27
 872:	f7 95       	ror	r31
 874:	9e 3f       	cpi	r25, 0xFE	; 254
 876:	08 f0       	brcs	.+2      	; 0x87a <__addsf3x+0x9a>
 878:	b0 cf       	rjmp	.-160    	; 0x7da <__addsf3+0x28>
 87a:	93 95       	inc	r25
 87c:	88 0f       	add	r24, r24
 87e:	08 f0       	brcs	.+2      	; 0x882 <__addsf3x+0xa2>
 880:	99 27       	eor	r25, r25
 882:	ee 0f       	add	r30, r30
 884:	97 95       	ror	r25
 886:	87 95       	ror	r24
 888:	08 95       	ret

0000088a <__cmpsf2>:
 88a:	0e 94 bd 04 	call	0x97a	; 0x97a <__fp_cmp>
 88e:	08 f4       	brcc	.+2      	; 0x892 <__cmpsf2+0x8>
 890:	81 e0       	ldi	r24, 0x01	; 1
 892:	08 95       	ret

00000894 <__fixsfsi>:
 894:	0e 94 51 04 	call	0x8a2	; 0x8a2 <__fixunssfsi>
 898:	68 94       	set
 89a:	b1 11       	cpse	r27, r1
 89c:	0c 94 2c 05 	jmp	0xa58	; 0xa58 <__fp_szero>
 8a0:	08 95       	ret

000008a2 <__fixunssfsi>:
 8a2:	0e 94 11 05 	call	0xa22	; 0xa22 <__fp_splitA>
 8a6:	88 f0       	brcs	.+34     	; 0x8ca <__fixunssfsi+0x28>
 8a8:	9f 57       	subi	r25, 0x7F	; 127
 8aa:	98 f0       	brcs	.+38     	; 0x8d2 <__fixunssfsi+0x30>
__fixunssfsi():
 8ac:	b9 2f       	mov	r27, r25
 8ae:	99 27       	eor	r25, r25
 8b0:	b7 51       	subi	r27, 0x17	; 23
 8b2:	b0 f0       	brcs	.+44     	; 0x8e0 <__fixunssfsi+0x3e>
 8b4:	e1 f0       	breq	.+56     	; 0x8ee <__fixunssfsi+0x4c>
 8b6:	66 0f       	add	r22, r22
 8b8:	77 1f       	adc	r23, r23
 8ba:	88 1f       	adc	r24, r24
 8bc:	99 1f       	adc	r25, r25
 8be:	1a f0       	brmi	.+6      	; 0x8c6 <__fixunssfsi+0x24>
 8c0:	ba 95       	dec	r27
 8c2:	c9 f7       	brne	.-14     	; 0x8b6 <__fixunssfsi+0x14>
 8c4:	14 c0       	rjmp	.+40     	; 0x8ee <__fixunssfsi+0x4c>
 8c6:	b1 30       	cpi	r27, 0x01	; 1
 8c8:	91 f0       	breq	.+36     	; 0x8ee <__fixunssfsi+0x4c>
 8ca:	0e 94 2b 05 	call	0xa56	; 0xa56 <__fp_zero>
 8ce:	b1 e0       	ldi	r27, 0x01	; 1
 8d0:	08 95       	ret
 8d2:	0c 94 2b 05 	jmp	0xa56	; 0xa56 <__fp_zero>
 8d6:	67 2f       	mov	r22, r23
 8d8:	78 2f       	mov	r23, r24
 8da:	88 27       	eor	r24, r24
 8dc:	b8 5f       	subi	r27, 0xF8	; 248
 8de:	39 f0       	breq	.+14     	; 0x8ee <__fixunssfsi+0x4c>
 8e0:	b9 3f       	cpi	r27, 0xF9	; 249
 8e2:	cc f3       	brlt	.-14     	; 0x8d6 <__fixunssfsi+0x34>
 8e4:	86 95       	lsr	r24
 8e6:	77 95       	ror	r23
 8e8:	67 95       	ror	r22
 8ea:	b3 95       	inc	r27
 8ec:	d9 f7       	brne	.-10     	; 0x8e4 <__fixunssfsi+0x42>
 8ee:	3e f4       	brtc	.+14     	; 0x8fe <__fixunssfsi+0x5c>
 8f0:	90 95       	com	r25
 8f2:	80 95       	com	r24
 8f4:	70 95       	com	r23
 8f6:	61 95       	neg	r22
 8f8:	7f 4f       	sbci	r23, 0xFF	; 255
 8fa:	8f 4f       	sbci	r24, 0xFF	; 255
 8fc:	9f 4f       	sbci	r25, 0xFF	; 255
 8fe:	08 95       	ret

00000900 <__floatunsisf>:
__floatunsisf():
 900:	e8 94       	clt
 902:	09 c0       	rjmp	.+18     	; 0x916 <__floatsisf+0x12>

00000904 <__floatsisf>:
 904:	97 fb       	bst	r25, 7
 906:	3e f4       	brtc	.+14     	; 0x916 <__floatsisf+0x12>
 908:	90 95       	com	r25
 90a:	80 95       	com	r24
 90c:	70 95       	com	r23
 90e:	61 95       	neg	r22
 910:	7f 4f       	sbci	r23, 0xFF	; 255
 912:	8f 4f       	sbci	r24, 0xFF	; 255
 914:	9f 4f       	sbci	r25, 0xFF	; 255
 916:	99 23       	and	r25, r25
 918:	a9 f0       	breq	.+42     	; 0x944 <__floatsisf+0x40>
 91a:	f9 2f       	mov	r31, r25
 91c:	96 e9       	ldi	r25, 0x96	; 150
 91e:	bb 27       	eor	r27, r27
 920:	93 95       	inc	r25
 922:	f6 95       	lsr	r31
 924:	87 95       	ror	r24
 926:	77 95       	ror	r23
 928:	67 95       	ror	r22
 92a:	b7 95       	ror	r27
 92c:	f1 11       	cpse	r31, r1
 92e:	f8 cf       	rjmp	.-16     	; 0x920 <__floatsisf+0x1c>
 930:	fa f4       	brpl	.+62     	; 0x970 <__floatsisf+0x6c>
 932:	bb 0f       	add	r27, r27
 934:	11 f4       	brne	.+4      	; 0x93a <__floatsisf+0x36>
 936:	60 ff       	sbrs	r22, 0
 938:	1b c0       	rjmp	.+54     	; 0x970 <__floatsisf+0x6c>
 93a:	6f 5f       	subi	r22, 0xFF	; 255
 93c:	7f 4f       	sbci	r23, 0xFF	; 255
 93e:	8f 4f       	sbci	r24, 0xFF	; 255
 940:	9f 4f       	sbci	r25, 0xFF	; 255
 942:	16 c0       	rjmp	.+44     	; 0x970 <__floatsisf+0x6c>
 944:	88 23       	and	r24, r24
 946:	11 f0       	breq	.+4      	; 0x94c <__floatsisf+0x48>
 948:	96 e9       	ldi	r25, 0x96	; 150
 94a:	11 c0       	rjmp	.+34     	; 0x96e <__floatsisf+0x6a>
 94c:	77 23       	and	r23, r23
 94e:	21 f0       	breq	.+8      	; 0x958 <__floatsisf+0x54>
 950:	9e e8       	ldi	r25, 0x8E	; 142
 952:	87 2f       	mov	r24, r23
 954:	76 2f       	mov	r23, r22
 956:	05 c0       	rjmp	.+10     	; 0x962 <__floatsisf+0x5e>
 958:	66 23       	and	r22, r22
 95a:	71 f0       	breq	.+28     	; 0x978 <__floatsisf+0x74>
 95c:	96 e8       	ldi	r25, 0x86	; 134
 95e:	86 2f       	mov	r24, r22
 960:	70 e0       	ldi	r23, 0x00	; 0
 962:	60 e0       	ldi	r22, 0x00	; 0
 964:	2a f0       	brmi	.+10     	; 0x970 <__floatsisf+0x6c>
 966:	9a 95       	dec	r25
 968:	66 0f       	add	r22, r22
 96a:	77 1f       	adc	r23, r23
 96c:	88 1f       	adc	r24, r24
 96e:	da f7       	brpl	.-10     	; 0x966 <__floatsisf+0x62>
 970:	88 0f       	add	r24, r24
 972:	96 95       	lsr	r25
 974:	87 95       	ror	r24
 976:	97 f9       	bld	r25, 7
 978:	08 95       	ret

0000097a <__fp_cmp>:
__fp_cmp():
 97a:	99 0f       	add	r25, r25
 97c:	00 08       	sbc	r0, r0
 97e:	55 0f       	add	r21, r21
 980:	aa 0b       	sbc	r26, r26
 982:	e0 e8       	ldi	r30, 0x80	; 128
 984:	fe ef       	ldi	r31, 0xFE	; 254
 986:	16 16       	cp	r1, r22
 988:	17 06       	cpc	r1, r23
 98a:	e8 07       	cpc	r30, r24
 98c:	f9 07       	cpc	r31, r25
 98e:	c0 f0       	brcs	.+48     	; 0x9c0 <__fp_cmp+0x46>
 990:	12 16       	cp	r1, r18
 992:	13 06       	cpc	r1, r19
 994:	e4 07       	cpc	r30, r20
 996:	f5 07       	cpc	r31, r21
 998:	98 f0       	brcs	.+38     	; 0x9c0 <__fp_cmp+0x46>
 99a:	62 1b       	sub	r22, r18
 99c:	73 0b       	sbc	r23, r19
 99e:	84 0b       	sbc	r24, r20
 9a0:	95 0b       	sbc	r25, r21
 9a2:	39 f4       	brne	.+14     	; 0x9b2 <__fp_cmp+0x38>
 9a4:	0a 26       	eor	r0, r26
 9a6:	61 f0       	breq	.+24     	; 0x9c0 <__fp_cmp+0x46>
 9a8:	23 2b       	or	r18, r19
 9aa:	24 2b       	or	r18, r20
 9ac:	25 2b       	or	r18, r21
 9ae:	21 f4       	brne	.+8      	; 0x9b8 <__fp_cmp+0x3e>
 9b0:	08 95       	ret
 9b2:	0a 26       	eor	r0, r26
 9b4:	09 f4       	brne	.+2      	; 0x9b8 <__fp_cmp+0x3e>
 9b6:	a1 40       	sbci	r26, 0x01	; 1
 9b8:	a6 95       	lsr	r26
 9ba:	8f ef       	ldi	r24, 0xFF	; 255
 9bc:	81 1d       	adc	r24, r1
 9be:	81 1d       	adc	r24, r1
 9c0:	08 95       	ret

000009c2 <__fp_inf>:
__fp_inf():
 9c2:	97 f9       	bld	r25, 7
 9c4:	9f 67       	ori	r25, 0x7F	; 127
 9c6:	80 e8       	ldi	r24, 0x80	; 128
 9c8:	70 e0       	ldi	r23, 0x00	; 0
 9ca:	60 e0       	ldi	r22, 0x00	; 0
 9cc:	08 95       	ret

000009ce <__fp_nan>:
__fp_nan():
 9ce:	9f ef       	ldi	r25, 0xFF	; 255
 9d0:	80 ec       	ldi	r24, 0xC0	; 192
 9d2:	08 95       	ret

000009d4 <__fp_pscA>:
__fp_pscA():
 9d4:	00 24       	eor	r0, r0
 9d6:	0a 94       	dec	r0
 9d8:	16 16       	cp	r1, r22
 9da:	17 06       	cpc	r1, r23
 9dc:	18 06       	cpc	r1, r24
 9de:	09 06       	cpc	r0, r25
 9e0:	08 95       	ret

000009e2 <__fp_pscB>:
__fp_pscB():
 9e2:	00 24       	eor	r0, r0
 9e4:	0a 94       	dec	r0
 9e6:	12 16       	cp	r1, r18
 9e8:	13 06       	cpc	r1, r19
 9ea:	14 06       	cpc	r1, r20
 9ec:	05 06       	cpc	r0, r21
 9ee:	08 95       	ret

000009f0 <__fp_round>:
__fp_round():
 9f0:	09 2e       	mov	r0, r25
 9f2:	03 94       	inc	r0
 9f4:	00 0c       	add	r0, r0
 9f6:	11 f4       	brne	.+4      	; 0x9fc <__fp_round+0xc>
 9f8:	88 23       	and	r24, r24
 9fa:	52 f0       	brmi	.+20     	; 0xa10 <__fp_round+0x20>
 9fc:	bb 0f       	add	r27, r27
 9fe:	40 f4       	brcc	.+16     	; 0xa10 <__fp_round+0x20>
 a00:	bf 2b       	or	r27, r31
 a02:	11 f4       	brne	.+4      	; 0xa08 <__fp_round+0x18>
 a04:	60 ff       	sbrs	r22, 0
 a06:	04 c0       	rjmp	.+8      	; 0xa10 <__fp_round+0x20>
 a08:	6f 5f       	subi	r22, 0xFF	; 255
 a0a:	7f 4f       	sbci	r23, 0xFF	; 255
 a0c:	8f 4f       	sbci	r24, 0xFF	; 255
 a0e:	9f 4f       	sbci	r25, 0xFF	; 255
 a10:	08 95       	ret

00000a12 <__fp_split3>:
__fp_split3():
 a12:	57 fd       	sbrc	r21, 7
 a14:	90 58       	subi	r25, 0x80	; 128
 a16:	44 0f       	add	r20, r20
 a18:	55 1f       	adc	r21, r21
 a1a:	59 f0       	breq	.+22     	; 0xa32 <__fp_splitA+0x10>
 a1c:	5f 3f       	cpi	r21, 0xFF	; 255
 a1e:	71 f0       	breq	.+28     	; 0xa3c <__fp_splitA+0x1a>
 a20:	47 95       	ror	r20

00000a22 <__fp_splitA>:
 a22:	88 0f       	add	r24, r24
 a24:	97 fb       	bst	r25, 7
 a26:	99 1f       	adc	r25, r25
 a28:	61 f0       	breq	.+24     	; 0xa42 <__fp_splitA+0x20>
 a2a:	9f 3f       	cpi	r25, 0xFF	; 255
 a2c:	79 f0       	breq	.+30     	; 0xa4c <__fp_splitA+0x2a>
 a2e:	87 95       	ror	r24
 a30:	08 95       	ret
 a32:	12 16       	cp	r1, r18
 a34:	13 06       	cpc	r1, r19
 a36:	14 06       	cpc	r1, r20
 a38:	55 1f       	adc	r21, r21
 a3a:	f2 cf       	rjmp	.-28     	; 0xa20 <__fp_split3+0xe>
 a3c:	46 95       	lsr	r20
 a3e:	f1 df       	rcall	.-30     	; 0xa22 <__fp_splitA>
 a40:	08 c0       	rjmp	.+16     	; 0xa52 <__fp_splitA+0x30>
 a42:	16 16       	cp	r1, r22
 a44:	17 06       	cpc	r1, r23
 a46:	18 06       	cpc	r1, r24
 a48:	99 1f       	adc	r25, r25
 a4a:	f1 cf       	rjmp	.-30     	; 0xa2e <__fp_splitA+0xc>
 a4c:	86 95       	lsr	r24
 a4e:	71 05       	cpc	r23, r1
 a50:	61 05       	cpc	r22, r1
 a52:	08 94       	sec
 a54:	08 95       	ret

00000a56 <__fp_zero>:
__fp_zero():
 a56:	e8 94       	clt

00000a58 <__fp_szero>:
 a58:	bb 27       	eor	r27, r27
 a5a:	66 27       	eor	r22, r22
 a5c:	77 27       	eor	r23, r23
 a5e:	cb 01       	movw	r24, r22
 a60:	97 f9       	bld	r25, 7
 a62:	08 95       	ret

00000a64 <__gesf2>:
__gesf2():
 a64:	0e 94 bd 04 	call	0x97a	; 0x97a <__fp_cmp>
 a68:	08 f4       	brcc	.+2      	; 0xa6c <__gesf2+0x8>
 a6a:	8f ef       	ldi	r24, 0xFF	; 255
 a6c:	08 95       	ret

00000a6e <__mulsf3>:
__mulsf3():
 a6e:	0e 94 4a 05 	call	0xa94	; 0xa94 <__mulsf3x>
 a72:	0c 94 f8 04 	jmp	0x9f0	; 0x9f0 <__fp_round>
 a76:	0e 94 ea 04 	call	0x9d4	; 0x9d4 <__fp_pscA>
 a7a:	38 f0       	brcs	.+14     	; 0xa8a <__mulsf3+0x1c>
 a7c:	0e 94 f1 04 	call	0x9e2	; 0x9e2 <__fp_pscB>
 a80:	20 f0       	brcs	.+8      	; 0xa8a <__mulsf3+0x1c>
 a82:	95 23       	and	r25, r21
 a84:	11 f0       	breq	.+4      	; 0xa8a <__mulsf3+0x1c>
 a86:	0c 94 e1 04 	jmp	0x9c2	; 0x9c2 <__fp_inf>
 a8a:	0c 94 e7 04 	jmp	0x9ce	; 0x9ce <__fp_nan>
 a8e:	11 24       	eor	r1, r1
 a90:	0c 94 2c 05 	jmp	0xa58	; 0xa58 <__fp_szero>

00000a94 <__mulsf3x>:
__mulsf3x():
 a94:	0e 94 09 05 	call	0xa12	; 0xa12 <__fp_split3>
 a98:	70 f3       	brcs	.-36     	; 0xa76 <__mulsf3+0x8>

00000a9a <__mulsf3_pse>:
 a9a:	95 9f       	mul	r25, r21
 a9c:	c1 f3       	breq	.-16     	; 0xa8e <__mulsf3+0x20>
 a9e:	95 0f       	add	r25, r21
 aa0:	50 e0       	ldi	r21, 0x00	; 0
 aa2:	55 1f       	adc	r21, r21
 aa4:	62 9f       	mul	r22, r18
 aa6:	f0 01       	movw	r30, r0
 aa8:	72 9f       	mul	r23, r18
 aaa:	bb 27       	eor	r27, r27
 aac:	f0 0d       	add	r31, r0
 aae:	b1 1d       	adc	r27, r1
 ab0:	63 9f       	mul	r22, r19
 ab2:	aa 27       	eor	r26, r26
 ab4:	f0 0d       	add	r31, r0
 ab6:	b1 1d       	adc	r27, r1
 ab8:	aa 1f       	adc	r26, r26
 aba:	64 9f       	mul	r22, r20
 abc:	66 27       	eor	r22, r22
 abe:	b0 0d       	add	r27, r0
 ac0:	a1 1d       	adc	r26, r1
 ac2:	66 1f       	adc	r22, r22
 ac4:	82 9f       	mul	r24, r18
 ac6:	22 27       	eor	r18, r18
 ac8:	b0 0d       	add	r27, r0
 aca:	a1 1d       	adc	r26, r1
 acc:	62 1f       	adc	r22, r18
 ace:	73 9f       	mul	r23, r19
 ad0:	b0 0d       	add	r27, r0
 ad2:	a1 1d       	adc	r26, r1
 ad4:	62 1f       	adc	r22, r18
 ad6:	83 9f       	mul	r24, r19
 ad8:	a0 0d       	add	r26, r0
 ada:	61 1d       	adc	r22, r1
 adc:	22 1f       	adc	r18, r18
 ade:	74 9f       	mul	r23, r20
 ae0:	33 27       	eor	r19, r19
 ae2:	a0 0d       	add	r26, r0
 ae4:	61 1d       	adc	r22, r1
 ae6:	23 1f       	adc	r18, r19
 ae8:	84 9f       	mul	r24, r20
 aea:	60 0d       	add	r22, r0
 aec:	21 1d       	adc	r18, r1
 aee:	82 2f       	mov	r24, r18
 af0:	76 2f       	mov	r23, r22
 af2:	6a 2f       	mov	r22, r26
 af4:	11 24       	eor	r1, r1
 af6:	9f 57       	subi	r25, 0x7F	; 127
 af8:	50 40       	sbci	r21, 0x00	; 0
 afa:	9a f0       	brmi	.+38     	; 0xb22 <__mulsf3_pse+0x88>
 afc:	f1 f0       	breq	.+60     	; 0xb3a <__mulsf3_pse+0xa0>
 afe:	88 23       	and	r24, r24
 b00:	4a f0       	brmi	.+18     	; 0xb14 <__mulsf3_pse+0x7a>
 b02:	ee 0f       	add	r30, r30
 b04:	ff 1f       	adc	r31, r31
 b06:	bb 1f       	adc	r27, r27
 b08:	66 1f       	adc	r22, r22
 b0a:	77 1f       	adc	r23, r23
 b0c:	88 1f       	adc	r24, r24
 b0e:	91 50       	subi	r25, 0x01	; 1
 b10:	50 40       	sbci	r21, 0x00	; 0
 b12:	a9 f7       	brne	.-22     	; 0xafe <__mulsf3_pse+0x64>
 b14:	9e 3f       	cpi	r25, 0xFE	; 254
 b16:	51 05       	cpc	r21, r1
 b18:	80 f0       	brcs	.+32     	; 0xb3a <__mulsf3_pse+0xa0>
 b1a:	0c 94 e1 04 	jmp	0x9c2	; 0x9c2 <__fp_inf>
 b1e:	0c 94 2c 05 	jmp	0xa58	; 0xa58 <__fp_szero>
 b22:	5f 3f       	cpi	r21, 0xFF	; 255
 b24:	e4 f3       	brlt	.-8      	; 0xb1e <__mulsf3_pse+0x84>
 b26:	98 3e       	cpi	r25, 0xE8	; 232
 b28:	d4 f3       	brlt	.-12     	; 0xb1e <__mulsf3_pse+0x84>
 b2a:	86 95       	lsr	r24
 b2c:	77 95       	ror	r23
 b2e:	67 95       	ror	r22
 b30:	b7 95       	ror	r27
 b32:	f7 95       	ror	r31
 b34:	e7 95       	ror	r30
 b36:	9f 5f       	subi	r25, 0xFF	; 255
 b38:	c1 f7       	brne	.-16     	; 0xb2a <__mulsf3_pse+0x90>
 b3a:	fe 2b       	or	r31, r30
 b3c:	88 0f       	add	r24, r24
 b3e:	91 1d       	adc	r25, r1
 b40:	96 95       	lsr	r25
 b42:	87 95       	ror	r24
 b44:	97 f9       	bld	r25, 7
 b46:	08 95       	ret

00000b48 <__divmodsi4>:
/home/jenkins/workspace/avr-gcc-staging/label/debian7-x86_64/gcc-build/avr/avr5/libgcc/../../../../gcc/libgcc/config/avr/lib1funcs.S:1686
 b48:	05 2e       	mov	r0, r21
/home/jenkins/workspace/avr-gcc-staging/label/debian7-x86_64/gcc-build/avr/avr5/libgcc/../../../../gcc/libgcc/config/avr/lib1funcs.S:1687
 b4a:	97 fb       	bst	r25, 7
/home/jenkins/workspace/avr-gcc-staging/label/debian7-x86_64/gcc-build/avr/avr5/libgcc/../../../../gcc/libgcc/config/avr/lib1funcs.S:1688
 b4c:	1e f4       	brtc	.+6      	; 0xb54 <__divmodsi4+0xc>
/home/jenkins/workspace/avr-gcc-staging/label/debian7-x86_64/gcc-build/avr/avr5/libgcc/../../../../gcc/libgcc/config/avr/lib1funcs.S:1689
 b4e:	00 94       	com	r0
/home/jenkins/workspace/avr-gcc-staging/label/debian7-x86_64/gcc-build/avr/avr5/libgcc/../../../../gcc/libgcc/config/avr/lib1funcs.S:1690
 b50:	0e 94 bb 05 	call	0xb76	; 0xb76 <__negsi2>
/home/jenkins/workspace/avr-gcc-staging/label/debian7-x86_64/gcc-build/avr/avr5/libgcc/../../../../gcc/libgcc/config/avr/lib1funcs.S:1692
 b54:	57 fd       	sbrc	r21, 7
/home/jenkins/workspace/avr-gcc-staging/label/debian7-x86_64/gcc-build/avr/avr5/libgcc/../../../../gcc/libgcc/config/avr/lib1funcs.S:1693
 b56:	07 d0       	rcall	.+14     	; 0xb66 <__divmodsi4_neg2>
/home/jenkins/workspace/avr-gcc-staging/label/debian7-x86_64/gcc-build/avr/avr5/libgcc/../../../../gcc/libgcc/config/avr/lib1funcs.S:1694
 b58:	0e 94 c3 05 	call	0xb86	; 0xb86 <__udivmodsi4>
/home/jenkins/workspace/avr-gcc-staging/label/debian7-x86_64/gcc-build/avr/avr5/libgcc/../../../../gcc/libgcc/config/avr/lib1funcs.S:1695
 b5c:	07 fc       	sbrc	r0, 7
/home/jenkins/workspace/avr-gcc-staging/label/debian7-x86_64/gcc-build/avr/avr5/libgcc/../../../../gcc/libgcc/config/avr/lib1funcs.S:1696
 b5e:	03 d0       	rcall	.+6      	; 0xb66 <__divmodsi4_neg2>
/home/jenkins/workspace/avr-gcc-staging/label/debian7-x86_64/gcc-build/avr/avr5/libgcc/../../../../gcc/libgcc/config/avr/lib1funcs.S:1697
 b60:	4e f4       	brtc	.+18     	; 0xb74 <__divmodsi4_exit>
/home/jenkins/workspace/avr-gcc-staging/label/debian7-x86_64/gcc-build/avr/avr5/libgcc/../../../../gcc/libgcc/config/avr/lib1funcs.S:1698
 b62:	0c 94 bb 05 	jmp	0xb76	; 0xb76 <__negsi2>

00000b66 <__divmodsi4_neg2>:
__divmodsi4_neg2():
/home/jenkins/workspace/avr-gcc-staging/label/debian7-x86_64/gcc-build/avr/avr5/libgcc/../../../../gcc/libgcc/config/avr/lib1funcs.S:1701
 b66:	50 95       	com	r21
/home/jenkins/workspace/avr-gcc-staging/label/debian7-x86_64/gcc-build/avr/avr5/libgcc/../../../../gcc/libgcc/config/avr/lib1funcs.S:1702
 b68:	40 95       	com	r20
/home/jenkins/workspace/avr-gcc-staging/label/debian7-x86_64/gcc-build/avr/avr5/libgcc/../../../../gcc/libgcc/config/avr/lib1funcs.S:1703
 b6a:	30 95       	com	r19
/home/jenkins/workspace/avr-gcc-staging/label/debian7-x86_64/gcc-build/avr/avr5/libgcc/../../../../gcc/libgcc/config/avr/lib1funcs.S:1704
 b6c:	21 95       	neg	r18
/home/jenkins/workspace/avr-gcc-staging/label/debian7-x86_64/gcc-build/avr/avr5/libgcc/../../../../gcc/libgcc/config/avr/lib1funcs.S:1705
 b6e:	3f 4f       	sbci	r19, 0xFF	; 255
/home/jenkins/workspace/avr-gcc-staging/label/debian7-x86_64/gcc-build/avr/avr5/libgcc/../../../../gcc/libgcc/config/avr/lib1funcs.S:1706
 b70:	4f 4f       	sbci	r20, 0xFF	; 255
/home/jenkins/workspace/avr-gcc-staging/label/debian7-x86_64/gcc-build/avr/avr5/libgcc/../../../../gcc/libgcc/config/avr/lib1funcs.S:1707
 b72:	5f 4f       	sbci	r21, 0xFF	; 255

00000b74 <__divmodsi4_exit>:
__divmodsi4_exit():
/home/jenkins/workspace/avr-gcc-staging/label/debian7-x86_64/gcc-build/avr/avr5/libgcc/../../../../gcc/libgcc/config/avr/lib1funcs.S:1709
 b74:	08 95       	ret

00000b76 <__negsi2>:
__negsi2():
/home/jenkins/workspace/avr-gcc-staging/label/debian7-x86_64/gcc-build/avr/avr5/libgcc/../../../../gcc/libgcc/config/avr/lib1funcs.S:1718
 b76:	90 95       	com	r25
 b78:	80 95       	com	r24
 b7a:	70 95       	com	r23
 b7c:	61 95       	neg	r22
 b7e:	7f 4f       	sbci	r23, 0xFF	; 255
 b80:	8f 4f       	sbci	r24, 0xFF	; 255
 b82:	9f 4f       	sbci	r25, 0xFF	; 255
/home/jenkins/workspace/avr-gcc-staging/label/debian7-x86_64/gcc-build/avr/avr5/libgcc/../../../../gcc/libgcc/config/avr/lib1funcs.S:1719
 b84:	08 95       	ret

00000b86 <__udivmodsi4>:
__udivmodsi4():
/home/jenkins/workspace/avr-gcc-staging/label/debian7-x86_64/gcc-build/avr/avr5/libgcc/../../../../gcc/libgcc/config/avr/lib1funcs.S:1638
 b86:	a1 e2       	ldi	r26, 0x21	; 33
/home/jenkins/workspace/avr-gcc-staging/label/debian7-x86_64/gcc-build/avr/avr5/libgcc/../../../../gcc/libgcc/config/avr/lib1funcs.S:1639
 b88:	1a 2e       	mov	r1, r26
/home/jenkins/workspace/avr-gcc-staging/label/debian7-x86_64/gcc-build/avr/avr5/libgcc/../../../../gcc/libgcc/config/avr/lib1funcs.S:1640
 b8a:	aa 1b       	sub	r26, r26
/home/jenkins/workspace/avr-gcc-staging/label/debian7-x86_64/gcc-build/avr/avr5/libgcc/../../../../gcc/libgcc/config/avr/lib1funcs.S:1641
 b8c:	bb 1b       	sub	r27, r27
/home/jenkins/workspace/avr-gcc-staging/label/debian7-x86_64/gcc-build/avr/avr5/libgcc/../../../../gcc/libgcc/config/avr/lib1funcs.S:1642
 b8e:	fd 01       	movw	r30, r26
/home/jenkins/workspace/avr-gcc-staging/label/debian7-x86_64/gcc-build/avr/avr5/libgcc/../../../../gcc/libgcc/config/avr/lib1funcs.S:1644
 b90:	0d c0       	rjmp	.+26     	; 0xbac <__udivmodsi4_ep>

00000b92 <__udivmodsi4_loop>:
/home/jenkins/workspace/avr-gcc-staging/label/debian7-x86_64/gcc-build/avr/avr5/libgcc/../../../../gcc/libgcc/config/avr/lib1funcs.S:1646
 b92:	aa 1f       	adc	r26, r26
/home/jenkins/workspace/avr-gcc-staging/label/debian7-x86_64/gcc-build/avr/avr5/libgcc/../../../../gcc/libgcc/config/avr/lib1funcs.S:1647
 b94:	bb 1f       	adc	r27, r27
/home/jenkins/workspace/avr-gcc-staging/label/debian7-x86_64/gcc-build/avr/avr5/libgcc/../../../../gcc/libgcc/config/avr/lib1funcs.S:1648
 b96:	ee 1f       	adc	r30, r30
/home/jenkins/workspace/avr-gcc-staging/label/debian7-x86_64/gcc-build/avr/avr5/libgcc/../../../../gcc/libgcc/config/avr/lib1funcs.S:1649
 b98:	ff 1f       	adc	r31, r31
/home/jenkins/workspace/avr-gcc-staging/label/debian7-x86_64/gcc-build/avr/avr5/libgcc/../../../../gcc/libgcc/config/avr/lib1funcs.S:1650
 b9a:	a2 17       	cp	r26, r18
/home/jenkins/workspace/avr-gcc-staging/label/debian7-x86_64/gcc-build/avr/avr5/libgcc/../../../../gcc/libgcc/config/avr/lib1funcs.S:1651
 b9c:	b3 07       	cpc	r27, r19
/home/jenkins/workspace/avr-gcc-staging/label/debian7-x86_64/gcc-build/avr/avr5/libgcc/../../../../gcc/libgcc/config/avr/lib1funcs.S:1652
 b9e:	e4 07       	cpc	r30, r20
/home/jenkins/workspace/avr-gcc-staging/label/debian7-x86_64/gcc-build/avr/avr5/libgcc/../../../../gcc/libgcc/config/avr/lib1funcs.S:1653
 ba0:	f5 07       	cpc	r31, r21
/home/jenkins/workspace/avr-gcc-staging/label/debian7-x86_64/gcc-build/avr/avr5/libgcc/../../../../gcc/libgcc/config/avr/lib1funcs.S:1654
 ba2:	20 f0       	brcs	.+8      	; 0xbac <__udivmodsi4_ep>
/home/jenkins/workspace/avr-gcc-staging/label/debian7-x86_64/gcc-build/avr/avr5/libgcc/../../../../gcc/libgcc/config/avr/lib1funcs.S:1655
 ba4:	a2 1b       	sub	r26, r18
/home/jenkins/workspace/avr-gcc-staging/label/debian7-x86_64/gcc-build/avr/avr5/libgcc/../../../../gcc/libgcc/config/avr/lib1funcs.S:1656
 ba6:	b3 0b       	sbc	r27, r19
/home/jenkins/workspace/avr-gcc-staging/label/debian7-x86_64/gcc-build/avr/avr5/libgcc/../../../../gcc/libgcc/config/avr/lib1funcs.S:1657
 ba8:	e4 0b       	sbc	r30, r20
/home/jenkins/workspace/avr-gcc-staging/label/debian7-x86_64/gcc-build/avr/avr5/libgcc/../../../../gcc/libgcc/config/avr/lib1funcs.S:1658
 baa:	f5 0b       	sbc	r31, r21

00000bac <__udivmodsi4_ep>:
/home/jenkins/workspace/avr-gcc-staging/label/debian7-x86_64/gcc-build/avr/avr5/libgcc/../../../../gcc/libgcc/config/avr/lib1funcs.S:1660
 bac:	66 1f       	adc	r22, r22
/home/jenkins/workspace/avr-gcc-staging/label/debian7-x86_64/gcc-build/avr/avr5/libgcc/../../../../gcc/libgcc/config/avr/lib1funcs.S:1661
 bae:	77 1f       	adc	r23, r23
/home/jenkins/workspace/avr-gcc-staging/label/debian7-x86_64/gcc-build/avr/avr5/libgcc/../../../../gcc/libgcc/config/avr/lib1funcs.S:1662
 bb0:	88 1f       	adc	r24, r24
/home/jenkins/workspace/avr-gcc-staging/label/debian7-x86_64/gcc-build/avr/avr5/libgcc/../../../../gcc/libgcc/config/avr/lib1funcs.S:1663
 bb2:	99 1f       	adc	r25, r25
/home/jenkins/workspace/avr-gcc-staging/label/debian7-x86_64/gcc-build/avr/avr5/libgcc/../../../../gcc/libgcc/config/avr/lib1funcs.S:1664
 bb4:	1a 94       	dec	r1
/home/jenkins/workspace/avr-gcc-staging/label/debian7-x86_64/gcc-build/avr/avr5/libgcc/../../../../gcc/libgcc/config/avr/lib1funcs.S:1665
 bb6:	69 f7       	brne	.-38     	; 0xb92 <__udivmodsi4_loop>
/home/jenkins/workspace/avr-gcc-staging/label/debian7-x86_64/gcc-build/avr/avr5/libgcc/../../../../gcc/libgcc/config/avr/lib1funcs.S:1667
 bb8:	60 95       	com	r22
/home/jenkins/workspace/avr-gcc-staging/label/debian7-x86_64/gcc-build/avr/avr5/libgcc/../../../../gcc/libgcc/config/avr/lib1funcs.S:1668
 bba:	70 95       	com	r23
/home/jenkins/workspace/avr-gcc-staging/label/debian7-x86_64/gcc-build/avr/avr5/libgcc/../../../../gcc/libgcc/config/avr/lib1funcs.S:1669
 bbc:	80 95       	com	r24
/home/jenkins/workspace/avr-gcc-staging/label/debian7-x86_64/gcc-build/avr/avr5/libgcc/../../../../gcc/libgcc/config/avr/lib1funcs.S:1670
 bbe:	90 95       	com	r25
/home/jenkins/workspace/avr-gcc-staging/label/debian7-x86_64/gcc-build/avr/avr5/libgcc/../../../../gcc/libgcc/config/avr/lib1funcs.S:1672
 bc0:	9b 01       	movw	r18, r22
/home/jenkins/workspace/avr-gcc-staging/label/debian7-x86_64/gcc-build/avr/avr5/libgcc/../../../../gcc/libgcc/config/avr/lib1funcs.S:1674
 bc2:	ac 01       	movw	r20, r24
/home/jenkins/workspace/avr-gcc-staging/label/debian7-x86_64/gcc-build/avr/avr5/libgcc/../../../../gcc/libgcc/config/avr/lib1funcs.S:1676
 bc4:	bd 01       	movw	r22, r26
/home/jenkins/workspace/avr-gcc-staging/label/debian7-x86_64/gcc-build/avr/avr5/libgcc/../../../../gcc/libgcc/config/avr/lib1funcs.S:1678
 bc6:	cf 01       	movw	r24, r30
/home/jenkins/workspace/avr-gcc-staging/label/debian7-x86_64/gcc-build/avr/avr5/libgcc/../../../../gcc/libgcc/config/avr/lib1funcs.S:1680
 bc8:	08 95       	ret

00000bca <_exit>:
exit():
/home/jenkins/workspace/avr-gcc-staging/label/debian7-x86_64/gcc-build/avr/avr5/libgcc/../../../../gcc/libgcc/config/avr/lib1funcs.S:2278
 bca:	f8 94       	cli

00000bcc <__stop_program>:
__stop_program():
/home/jenkins/workspace/avr-gcc-staging/label/debian7-x86_64/gcc-build/avr/avr5/libgcc/../../../../gcc/libgcc/config/avr/lib1funcs.S:2280
 bcc:	ff cf       	rjmp	.-2      	; 0xbcc <__stop_program>
