
/home/blobinnit/.cache/arduino/sketches/B6890854B1BFDEF774729D767DDCB4FE/linefollowerznowymipinami.ino.elf:     file format elf32-avr


Disassembly of section .text:

00000000 <__vectors>:
__vectors():
   0:	0c 94 61 00 	jmp	0xc2	; 0xc2 <__ctors_end>
   4:	0c 94 7e 00 	jmp	0xfc	; 0xfc <__bad_interrupt>
   8:	0c 94 7e 00 	jmp	0xfc	; 0xfc <__bad_interrupt>
   c:	0c 94 7e 00 	jmp	0xfc	; 0xfc <__bad_interrupt>
  10:	0c 94 7e 00 	jmp	0xfc	; 0xfc <__bad_interrupt>
  14:	0c 94 7e 00 	jmp	0xfc	; 0xfc <__bad_interrupt>
  18:	0c 94 7e 00 	jmp	0xfc	; 0xfc <__bad_interrupt>
  1c:	0c 94 7e 00 	jmp	0xfc	; 0xfc <__bad_interrupt>
  20:	0c 94 7e 00 	jmp	0xfc	; 0xfc <__bad_interrupt>
  24:	0c 94 7e 00 	jmp	0xfc	; 0xfc <__bad_interrupt>
  28:	0c 94 7e 00 	jmp	0xfc	; 0xfc <__bad_interrupt>
  2c:	0c 94 7e 00 	jmp	0xfc	; 0xfc <__bad_interrupt>
  30:	0c 94 7e 00 	jmp	0xfc	; 0xfc <__bad_interrupt>
  34:	0c 94 7e 00 	jmp	0xfc	; 0xfc <__bad_interrupt>
  38:	0c 94 7e 00 	jmp	0xfc	; 0xfc <__bad_interrupt>
  3c:	0c 94 7e 00 	jmp	0xfc	; 0xfc <__bad_interrupt>
  40:	0c 94 6c 01 	jmp	0x2d8	; 0x2d8 <__vector_16>
  44:	0c 94 7e 00 	jmp	0xfc	; 0xfc <__bad_interrupt>
  48:	0c 94 7e 00 	jmp	0xfc	; 0xfc <__bad_interrupt>
  4c:	0c 94 7e 00 	jmp	0xfc	; 0xfc <__bad_interrupt>
  50:	0c 94 7e 00 	jmp	0xfc	; 0xfc <__bad_interrupt>
  54:	0c 94 7e 00 	jmp	0xfc	; 0xfc <__bad_interrupt>
  58:	0c 94 7e 00 	jmp	0xfc	; 0xfc <__bad_interrupt>
  5c:	0c 94 7e 00 	jmp	0xfc	; 0xfc <__bad_interrupt>
  60:	0c 94 7e 00 	jmp	0xfc	; 0xfc <__bad_interrupt>
  64:	0c 94 7e 00 	jmp	0xfc	; 0xfc <__bad_interrupt>

00000068 <__trampolines_end>:
__trampolines_start():
  68:	00 00       	nop
  6a:	00 09       	sbc	r16, r0
  6c:	00 03       	mulsu	r16, r16
  6e:	02 00       	.word	0x0002	; ????
  70:	00 04       	cpc	r0, r0
  72:	05 08       	sbc	r0, r5
	...

0000007f <port_to_output_PGM>:
  7f:	00 00 00 00 25 00 28 00 2b 00                       ....%.(.+.

00000089 <port_to_mode_PGM>:
  89:	00 00 00 00 24 00 27 00 2a 00                       ....$.'.*.

00000093 <digital_pin_to_port_PGM>:
  93:	04 04 04 04 04 04 04 04 02 02 02 02 02 02 03 03     ................
  a3:	03 03 03 03 02 02 03                                .......

000000aa <digital_pin_to_bit_mask_PGM>:
  aa:	01 02 04 08 10 20 40 80 01 02 04 08 10 20 01 02     ..... @...... ..
  ba:	04 08 10 20 40 80 40 00                             ... @.@.

000000c2 <__ctors_end>:
__dtors_end():
  c2:	11 24       	eor	r1, r1
  c4:	1f be       	out	0x3f, r1	; 63
  c6:	cf ef       	ldi	r28, 0xFF	; 255
  c8:	d8 e0       	ldi	r29, 0x08	; 8
  ca:	de bf       	out	0x3e, r29	; 62
  cc:	cd bf       	out	0x3d, r28	; 61

000000ce <__do_copy_data>:
__do_copy_data():
/home/jenkins/workspace/avr-gcc-staging/label/debian7-x86_64/gcc-build/avr/avr5/libgcc/../../../../gcc/libgcc/config/avr/lib1funcs.S:2409
  ce:	11 e0       	ldi	r17, 0x01	; 1
/home/jenkins/workspace/avr-gcc-staging/label/debian7-x86_64/gcc-build/avr/avr5/libgcc/../../../../gcc/libgcc/config/avr/lib1funcs.S:2410
  d0:	a0 e0       	ldi	r26, 0x00	; 0
/home/jenkins/workspace/avr-gcc-staging/label/debian7-x86_64/gcc-build/avr/avr5/libgcc/../../../../gcc/libgcc/config/avr/lib1funcs.S:2411
  d2:	b1 e0       	ldi	r27, 0x01	; 1
/home/jenkins/workspace/avr-gcc-staging/label/debian7-x86_64/gcc-build/avr/avr5/libgcc/../../../../gcc/libgcc/config/avr/lib1funcs.S:2412
  d4:	e4 eb       	ldi	r30, 0xB4	; 180
/home/jenkins/workspace/avr-gcc-staging/label/debian7-x86_64/gcc-build/avr/avr5/libgcc/../../../../gcc/libgcc/config/avr/lib1funcs.S:2413
  d6:	fb e0       	ldi	r31, 0x0B	; 11
/home/jenkins/workspace/avr-gcc-staging/label/debian7-x86_64/gcc-build/avr/avr5/libgcc/../../../../gcc/libgcc/config/avr/lib1funcs.S:2414
  d8:	02 c0       	rjmp	.+4      	; 0xde <__do_copy_data+0x10>
/home/jenkins/workspace/avr-gcc-staging/label/debian7-x86_64/gcc-build/avr/avr5/libgcc/../../../../gcc/libgcc/config/avr/lib1funcs.S:2417
  da:	05 90       	lpm	r0, Z+
/home/jenkins/workspace/avr-gcc-staging/label/debian7-x86_64/gcc-build/avr/avr5/libgcc/../../../../gcc/libgcc/config/avr/lib1funcs.S:2422
  dc:	0d 92       	st	X+, r0
/home/jenkins/workspace/avr-gcc-staging/label/debian7-x86_64/gcc-build/avr/avr5/libgcc/../../../../gcc/libgcc/config/avr/lib1funcs.S:2424
  de:	a4 31       	cpi	r26, 0x14	; 20
/home/jenkins/workspace/avr-gcc-staging/label/debian7-x86_64/gcc-build/avr/avr5/libgcc/../../../../gcc/libgcc/config/avr/lib1funcs.S:2425
  e0:	b1 07       	cpc	r27, r17
/home/jenkins/workspace/avr-gcc-staging/label/debian7-x86_64/gcc-build/avr/avr5/libgcc/../../../../gcc/libgcc/config/avr/lib1funcs.S:2426
  e2:	d9 f7       	brne	.-10     	; 0xda <__do_copy_data+0xc>

000000e4 <__do_clear_bss>:
__do_clear_bss():
/home/jenkins/workspace/avr-gcc-staging/label/debian7-x86_64/gcc-build/avr/avr5/libgcc/../../../../gcc/libgcc/config/avr/lib1funcs.S:2441
  e4:	21 e0       	ldi	r18, 0x01	; 1
/home/jenkins/workspace/avr-gcc-staging/label/debian7-x86_64/gcc-build/avr/avr5/libgcc/../../../../gcc/libgcc/config/avr/lib1funcs.S:2442
  e6:	a4 e1       	ldi	r26, 0x14	; 20
/home/jenkins/workspace/avr-gcc-staging/label/debian7-x86_64/gcc-build/avr/avr5/libgcc/../../../../gcc/libgcc/config/avr/lib1funcs.S:2443
  e8:	b1 e0       	ldi	r27, 0x01	; 1
/home/jenkins/workspace/avr-gcc-staging/label/debian7-x86_64/gcc-build/avr/avr5/libgcc/../../../../gcc/libgcc/config/avr/lib1funcs.S:2444
  ea:	01 c0       	rjmp	.+2      	; 0xee <.do_clear_bss_start>

000000ec <.do_clear_bss_loop>:
/home/jenkins/workspace/avr-gcc-staging/label/debian7-x86_64/gcc-build/avr/avr5/libgcc/../../../../gcc/libgcc/config/avr/lib1funcs.S:2446
  ec:	1d 92       	st	X+, r1

000000ee <.do_clear_bss_start>:
/home/jenkins/workspace/avr-gcc-staging/label/debian7-x86_64/gcc-build/avr/avr5/libgcc/../../../../gcc/libgcc/config/avr/lib1funcs.S:2448
  ee:	ad 32       	cpi	r26, 0x2D	; 45
/home/jenkins/workspace/avr-gcc-staging/label/debian7-x86_64/gcc-build/avr/avr5/libgcc/../../../../gcc/libgcc/config/avr/lib1funcs.S:2449
  f0:	b2 07       	cpc	r27, r18
/home/jenkins/workspace/avr-gcc-staging/label/debian7-x86_64/gcc-build/avr/avr5/libgcc/../../../../gcc/libgcc/config/avr/lib1funcs.S:2450
  f2:	e1 f7       	brne	.-8      	; 0xec <.do_clear_bss_loop>
.do_clear_bss_start():
  f4:	0e 94 b6 01 	call	0x36c	; 0x36c <main>
  f8:	0c 94 d8 05 	jmp	0xbb0	; 0xbb0 <_exit>

000000fc <__bad_interrupt>:
__vector_22():
  fc:	0c 94 00 00 	jmp	0	; 0x0 <__vectors>

00000100 <pinMode.constprop.1>:
pinMode.constprop.1():
/home/blobinnit/.arduino15/packages/MiniCore/hardware/avr/3.1.2/cores/MCUdude_corefiles/wiring_digital.c:31
#include "wiring_private.h"
#include "pins_arduino.h"

void pinMode(uint8_t pin, uint8_t mode)
{
  uint8_t bit = digitalPinToBitMask(pin);
 100:	90 e0       	ldi	r25, 0x00	; 0
 102:	fc 01       	movw	r30, r24
 104:	e6 55       	subi	r30, 0x56	; 86
 106:	ff 4f       	sbci	r31, 0xFF	; 255
 108:	24 91       	lpm	r18, Z
/home/blobinnit/.arduino15/packages/MiniCore/hardware/avr/3.1.2/cores/MCUdude_corefiles/wiring_digital.c:32
  uint8_t port = digitalPinToPort(pin);
 10a:	8d 56       	subi	r24, 0x6D	; 109
 10c:	9f 4f       	sbci	r25, 0xFF	; 255
 10e:	fc 01       	movw	r30, r24
 110:	84 91       	lpm	r24, Z
/home/blobinnit/.arduino15/packages/MiniCore/hardware/avr/3.1.2/cores/MCUdude_corefiles/wiring_digital.c:35
  volatile uint8_t *reg, *out;

  if (port == NOT_A_PIN) return;
 112:	88 23       	and	r24, r24
 114:	99 f0       	breq	.+38     	; 0x13c <pinMode.constprop.1+0x3c>
/home/blobinnit/.arduino15/packages/MiniCore/hardware/avr/3.1.2/cores/MCUdude_corefiles/wiring_digital.c:38

  // JWS: can I let the optimizer do this?
  reg = portModeRegister(port);
 116:	90 e0       	ldi	r25, 0x00	; 0
 118:	88 0f       	add	r24, r24
 11a:	99 1f       	adc	r25, r25
 11c:	fc 01       	movw	r30, r24
 11e:	e7 57       	subi	r30, 0x77	; 119
 120:	ff 4f       	sbci	r31, 0xFF	; 255
 122:	a5 91       	lpm	r26, Z+
 124:	b4 91       	lpm	r27, Z
/home/blobinnit/.arduino15/packages/MiniCore/hardware/avr/3.1.2/cores/MCUdude_corefiles/wiring_digital.c:39
  out = portOutputRegister(port);
 126:	fc 01       	movw	r30, r24
 128:	e1 58       	subi	r30, 0x81	; 129
 12a:	ff 4f       	sbci	r31, 0xFF	; 255
 12c:	85 91       	lpm	r24, Z+
 12e:	94 91       	lpm	r25, Z
/home/blobinnit/.arduino15/packages/MiniCore/hardware/avr/3.1.2/cores/MCUdude_corefiles/wiring_digital.c:54
    cli();
    *reg &= ~bit;
    *out |= bit;
    SREG = oldSREG;
  } else {
    uint8_t oldSREG = SREG;
 130:	8f b7       	in	r24, 0x3f	; 63
/home/blobinnit/.arduino15/packages/MiniCore/hardware/avr/3.1.2/cores/MCUdude_corefiles/wiring_digital.c:55
    cli();
 132:	f8 94       	cli
/home/blobinnit/.arduino15/packages/MiniCore/hardware/avr/3.1.2/cores/MCUdude_corefiles/wiring_digital.c:56
    *reg |= bit;
 134:	ec 91       	ld	r30, X
 136:	e2 2b       	or	r30, r18
 138:	ec 93       	st	X, r30
/home/blobinnit/.arduino15/packages/MiniCore/hardware/avr/3.1.2/cores/MCUdude_corefiles/wiring_digital.c:57
    SREG = oldSREG;
 13a:	8f bf       	out	0x3f, r24	; 63
/home/blobinnit/.arduino15/packages/MiniCore/hardware/avr/3.1.2/cores/MCUdude_corefiles/wiring_digital.c:59
  }
}
 13c:	08 95       	ret

0000013e <digitalWrite>:
digitalWrite():
/home/blobinnit/.arduino15/packages/MiniCore/hardware/avr/3.1.2/cores/MCUdude_corefiles/wiring_digital.c:189
  }
}

void digitalWrite(uint8_t pin, uint8_t val)
{
  uint8_t timer = digitalPinToTimer(pin);
 13e:	90 e0       	ldi	r25, 0x00	; 0
 140:	fc 01       	movw	r30, r24
 142:	e8 59       	subi	r30, 0x98	; 152
 144:	ff 4f       	sbci	r31, 0xFF	; 255
 146:	24 91       	lpm	r18, Z
/home/blobinnit/.arduino15/packages/MiniCore/hardware/avr/3.1.2/cores/MCUdude_corefiles/wiring_digital.c:190
  uint8_t bit = digitalPinToBitMask(pin);
 148:	fc 01       	movw	r30, r24
 14a:	e6 55       	subi	r30, 0x56	; 86
 14c:	ff 4f       	sbci	r31, 0xFF	; 255
 14e:	34 91       	lpm	r19, Z
/home/blobinnit/.arduino15/packages/MiniCore/hardware/avr/3.1.2/cores/MCUdude_corefiles/wiring_digital.c:191
  uint8_t port = digitalPinToPort(pin);
 150:	fc 01       	movw	r30, r24
 152:	ed 56       	subi	r30, 0x6D	; 109
 154:	ff 4f       	sbci	r31, 0xFF	; 255
 156:	e4 91       	lpm	r30, Z
/home/blobinnit/.arduino15/packages/MiniCore/hardware/avr/3.1.2/cores/MCUdude_corefiles/wiring_digital.c:194
  volatile uint8_t *out;

  if (port == NOT_A_PIN) return;
 158:	ee 23       	and	r30, r30
 15a:	c9 f0       	breq	.+50     	; 0x18e <digitalWrite+0x50>
/home/blobinnit/.arduino15/packages/MiniCore/hardware/avr/3.1.2/cores/MCUdude_corefiles/wiring_digital.c:198

  // If the pin that support PWM output, we need to turn it off
  // before doing a digital write.
  if (timer != NOT_ON_TIMER) turnOffPWM(timer);
 15c:	22 23       	and	r18, r18
 15e:	39 f0       	breq	.+14     	; 0x16e <digitalWrite+0x30>
turnOffPWM():
/home/blobinnit/.arduino15/packages/MiniCore/hardware/avr/3.1.2/cores/MCUdude_corefiles/wiring_digital.c:77
//
//static inline void turnOffPWM(uint8_t timer) __attribute__ ((always_inline));
//static inline void turnOffPWM(uint8_t timer)
static void turnOffPWM(uint8_t timer)
{
  switch (timer)
 160:	24 30       	cpi	r18, 0x04	; 4
 162:	01 f1       	breq	.+64     	; 0x1a4 <digitalWrite+0x66>
 164:	a8 f4       	brcc	.+42     	; 0x190 <digitalWrite+0x52>
 166:	22 30       	cpi	r18, 0x02	; 2
 168:	69 f1       	breq	.+90     	; 0x1c4 <digitalWrite+0x86>
 16a:	23 30       	cpi	r18, 0x03	; 3
 16c:	79 f1       	breq	.+94     	; 0x1cc <digitalWrite+0x8e>
digitalWrite():
/home/blobinnit/.arduino15/packages/MiniCore/hardware/avr/3.1.2/cores/MCUdude_corefiles/wiring_digital.c:200

  // If the pin that support PWM output, we need to turn it off
  // before doing a digital write.
  if (timer != NOT_ON_TIMER) turnOffPWM(timer);

  out = portOutputRegister(port);
 16e:	f0 e0       	ldi	r31, 0x00	; 0
 170:	ee 0f       	add	r30, r30
 172:	ff 1f       	adc	r31, r31
 174:	e1 58       	subi	r30, 0x81	; 129
 176:	ff 4f       	sbci	r31, 0xFF	; 255
 178:	a5 91       	lpm	r26, Z+
 17a:	b4 91       	lpm	r27, Z
/home/blobinnit/.arduino15/packages/MiniCore/hardware/avr/3.1.2/cores/MCUdude_corefiles/wiring_digital.c:202

  uint8_t oldSREG = SREG;
 17c:	8f b7       	in	r24, 0x3f	; 63
/home/blobinnit/.arduino15/packages/MiniCore/hardware/avr/3.1.2/cores/MCUdude_corefiles/wiring_digital.c:203
  cli();
 17e:	f8 94       	cli
/home/blobinnit/.arduino15/packages/MiniCore/hardware/avr/3.1.2/cores/MCUdude_corefiles/wiring_digital.c:206

  if (val == LOW) {
    *out &= ~bit;
 180:	ec 91       	ld	r30, X
/home/blobinnit/.arduino15/packages/MiniCore/hardware/avr/3.1.2/cores/MCUdude_corefiles/wiring_digital.c:205
  out = portOutputRegister(port);

  uint8_t oldSREG = SREG;
  cli();

  if (val == LOW) {
 182:	61 11       	cpse	r22, r1
 184:	26 c0       	rjmp	.+76     	; 0x1d2 <digitalWrite+0x94>
/home/blobinnit/.arduino15/packages/MiniCore/hardware/avr/3.1.2/cores/MCUdude_corefiles/wiring_digital.c:206
    *out &= ~bit;
 186:	30 95       	com	r19
 188:	3e 23       	and	r19, r30
/home/blobinnit/.arduino15/packages/MiniCore/hardware/avr/3.1.2/cores/MCUdude_corefiles/wiring_digital.c:208
  } else {
    *out |= bit;
 18a:	3c 93       	st	X, r19
/home/blobinnit/.arduino15/packages/MiniCore/hardware/avr/3.1.2/cores/MCUdude_corefiles/wiring_digital.c:211
  }

  SREG = oldSREG;
 18c:	8f bf       	out	0x3f, r24	; 63
/home/blobinnit/.arduino15/packages/MiniCore/hardware/avr/3.1.2/cores/MCUdude_corefiles/wiring_digital.c:212
}
 18e:	08 95       	ret
turnOffPWM():
/home/blobinnit/.arduino15/packages/MiniCore/hardware/avr/3.1.2/cores/MCUdude_corefiles/wiring_digital.c:77
//
//static inline void turnOffPWM(uint8_t timer) __attribute__ ((always_inline));
//static inline void turnOffPWM(uint8_t timer)
static void turnOffPWM(uint8_t timer)
{
  switch (timer)
 190:	28 30       	cpi	r18, 0x08	; 8
 192:	71 f0       	breq	.+28     	; 0x1b0 <digitalWrite+0x72>
 194:	29 30       	cpi	r18, 0x09	; 9
 196:	91 f0       	breq	.+36     	; 0x1bc <digitalWrite+0x7e>
 198:	25 30       	cpi	r18, 0x05	; 5
 19a:	49 f7       	brne	.-46     	; 0x16e <digitalWrite+0x30>
/home/blobinnit/.arduino15/packages/MiniCore/hardware/avr/3.1.2/cores/MCUdude_corefiles/wiring_digital.c:87
        TCCR1A &= ~_BV(COM1A1);
        break;
    #endif
    #if defined(TCCR1A) && defined(COM1B1)
      case TIMER1B:
        TCCR1A &= ~_BV(COM1B1);
 19c:	80 91 80 00 	lds	r24, 0x0080	; 0x800080 <__DATA_REGION_ORIGIN__+0x20>
 1a0:	8f 7d       	andi	r24, 0xDF	; 223
 1a2:	03 c0       	rjmp	.+6      	; 0x1aa <digitalWrite+0x6c>
/home/blobinnit/.arduino15/packages/MiniCore/hardware/avr/3.1.2/cores/MCUdude_corefiles/wiring_digital.c:82
  switch (timer)
  {
    // Timer1
    #if defined(TCCR1A) && defined(COM1A1)
      case TIMER1A:
        TCCR1A &= ~_BV(COM1A1);
 1a4:	80 91 80 00 	lds	r24, 0x0080	; 0x800080 <__DATA_REGION_ORIGIN__+0x20>
 1a8:	8f 77       	andi	r24, 0x7F	; 127
/home/blobinnit/.arduino15/packages/MiniCore/hardware/avr/3.1.2/cores/MCUdude_corefiles/wiring_digital.c:87
        break;
    #endif
    #if defined(TCCR1A) && defined(COM1B1)
      case TIMER1B:
        TCCR1A &= ~_BV(COM1B1);
 1aa:	80 93 80 00 	sts	0x0080, r24	; 0x800080 <__DATA_REGION_ORIGIN__+0x20>
 1ae:	df cf       	rjmp	.-66     	; 0x16e <digitalWrite+0x30>
/home/blobinnit/.arduino15/packages/MiniCore/hardware/avr/3.1.2/cores/MCUdude_corefiles/wiring_digital.c:104
        TCCR2 &= ~_BV(COM21);
        break;
    #endif
    #if defined(TCCR2A) && defined(COM2A1)
      case TIMER2A:
        TCCR2A &= ~_BV(COM2A1);
 1b0:	80 91 b0 00 	lds	r24, 0x00B0	; 0x8000b0 <__DATA_REGION_ORIGIN__+0x50>
 1b4:	8f 77       	andi	r24, 0x7F	; 127
/home/blobinnit/.arduino15/packages/MiniCore/hardware/avr/3.1.2/cores/MCUdude_corefiles/wiring_digital.c:109
        break;
    #endif
    #if defined(TCCR2A) && defined(COM2B1)
      case TIMER2B:
        TCCR2A &= ~_BV(COM2B1);
 1b6:	80 93 b0 00 	sts	0x00B0, r24	; 0x8000b0 <__DATA_REGION_ORIGIN__+0x50>
 1ba:	d9 cf       	rjmp	.-78     	; 0x16e <digitalWrite+0x30>
 1bc:	80 91 b0 00 	lds	r24, 0x00B0	; 0x8000b0 <__DATA_REGION_ORIGIN__+0x50>
 1c0:	8f 7d       	andi	r24, 0xDF	; 223
 1c2:	f9 cf       	rjmp	.-14     	; 0x1b6 <digitalWrite+0x78>
/home/blobinnit/.arduino15/packages/MiniCore/hardware/avr/3.1.2/cores/MCUdude_corefiles/wiring_digital.c:176
        TCCR0 &= ~_BV(COM01);
        break;
    #endif
    #if defined(TCCR0A) && defined(COM0A1)
      case TIMER0A:
        TCCR0A &= ~_BV(COM0A1);
 1c4:	84 b5       	in	r24, 0x24	; 36
 1c6:	8f 77       	andi	r24, 0x7F	; 127
/home/blobinnit/.arduino15/packages/MiniCore/hardware/avr/3.1.2/cores/MCUdude_corefiles/wiring_digital.c:181
        break;
    #endif
    #if defined(TCCR0A) && defined(COM0B1)
      case TIMER0B:
        TCCR0A &= ~_BV(COM0B1);
 1c8:	84 bd       	out	0x24, r24	; 36
 1ca:	d1 cf       	rjmp	.-94     	; 0x16e <digitalWrite+0x30>
 1cc:	84 b5       	in	r24, 0x24	; 36
 1ce:	8f 7d       	andi	r24, 0xDF	; 223
 1d0:	fb cf       	rjmp	.-10     	; 0x1c8 <digitalWrite+0x8a>
digitalWrite():
/home/blobinnit/.arduino15/packages/MiniCore/hardware/avr/3.1.2/cores/MCUdude_corefiles/wiring_digital.c:208
  cli();

  if (val == LOW) {
    *out &= ~bit;
  } else {
    *out |= bit;
 1d2:	3e 2b       	or	r19, r30
 1d4:	da cf       	rjmp	.-76     	; 0x18a <digitalWrite+0x4c>

000001d6 <analogWrite>:
analogWrite():
/home/blobinnit/.arduino15/packages/MiniCore/hardware/avr/3.1.2/cores/MCUdude_corefiles/wiring_analog.c:95
// Right now, PWM output only works on the pins with
// hardware support.  These are defined in the appropriate
// pins_*.c file.  For the rest of the pins, we default
// to digital output.
void analogWrite(uint8_t pin, int val)
{
 1d6:	1f 93       	push	r17
 1d8:	cf 93       	push	r28
 1da:	df 93       	push	r29
 1dc:	18 2f       	mov	r17, r24
 1de:	eb 01       	movw	r28, r22
/home/blobinnit/.arduino15/packages/MiniCore/hardware/avr/3.1.2/cores/MCUdude_corefiles/wiring_analog.c:101
  // We need to make sure the PWM output is enabled for those pins
  // that support it, as we turn it off when digitally reading or
  // writing with them.  Also, make sure the pin is in output mode
  // for consistenty with Wiring, which doesn't require a pinMode
  // call for the analog output pins.
  pinMode(pin, OUTPUT);
 1e0:	0e 94 80 00 	call	0x100	; 0x100 <pinMode.constprop.1>
/home/blobinnit/.arduino15/packages/MiniCore/hardware/avr/3.1.2/cores/MCUdude_corefiles/wiring_analog.c:102
  if (val == 0)
 1e4:	20 97       	sbiw	r28, 0x00	; 0
 1e6:	39 f4       	brne	.+14     	; 0x1f6 <analogWrite+0x20>
/home/blobinnit/.arduino15/packages/MiniCore/hardware/avr/3.1.2/cores/MCUdude_corefiles/wiring_analog.c:104
  {
    digitalWrite(pin, LOW);
 1e8:	60 e0       	ldi	r22, 0x00	; 0
/home/blobinnit/.arduino15/packages/MiniCore/hardware/avr/3.1.2/cores/MCUdude_corefiles/wiring_analog.c:108
  }
  else if (val == 255)
  {
    digitalWrite(pin, HIGH);
 1ea:	81 2f       	mov	r24, r17
/home/blobinnit/.arduino15/packages/MiniCore/hardware/avr/3.1.2/cores/MCUdude_corefiles/wiring_analog.c:299
        } else {
          digitalWrite(pin, HIGH);
        }
    }
  }
}
 1ec:	df 91       	pop	r29
 1ee:	cf 91       	pop	r28
 1f0:	1f 91       	pop	r17
/home/blobinnit/.arduino15/packages/MiniCore/hardware/avr/3.1.2/cores/MCUdude_corefiles/wiring_analog.c:108
  {
    digitalWrite(pin, LOW);
  }
  else if (val == 255)
  {
    digitalWrite(pin, HIGH);
 1f2:	0c 94 9f 00 	jmp	0x13e	; 0x13e <digitalWrite>
/home/blobinnit/.arduino15/packages/MiniCore/hardware/avr/3.1.2/cores/MCUdude_corefiles/wiring_analog.c:106
  pinMode(pin, OUTPUT);
  if (val == 0)
  {
    digitalWrite(pin, LOW);
  }
  else if (val == 255)
 1f6:	cf 3f       	cpi	r28, 0xFF	; 255
 1f8:	d1 05       	cpc	r29, r1
 1fa:	11 f4       	brne	.+4      	; 0x200 <analogWrite+0x2a>
/home/blobinnit/.arduino15/packages/MiniCore/hardware/avr/3.1.2/cores/MCUdude_corefiles/wiring_analog.c:108
  {
    digitalWrite(pin, HIGH);
 1fc:	61 e0       	ldi	r22, 0x01	; 1
 1fe:	f5 cf       	rjmp	.-22     	; 0x1ea <analogWrite+0x14>
/home/blobinnit/.arduino15/packages/MiniCore/hardware/avr/3.1.2/cores/MCUdude_corefiles/wiring_analog.c:112
  }
  else
  {
    switch(digitalPinToTimer(pin))
 200:	e1 2f       	mov	r30, r17
 202:	f0 e0       	ldi	r31, 0x00	; 0
 204:	e8 59       	subi	r30, 0x98	; 152
 206:	ff 4f       	sbci	r31, 0xFF	; 255
 208:	e4 91       	lpm	r30, Z
 20a:	e4 30       	cpi	r30, 0x04	; 4
 20c:	31 f1       	breq	.+76     	; 0x25a <analogWrite+0x84>
 20e:	40 f4       	brcc	.+16     	; 0x220 <analogWrite+0x4a>
 210:	e2 30       	cpi	r30, 0x02	; 2
 212:	b1 f0       	breq	.+44     	; 0x240 <analogWrite+0x6a>
 214:	e3 30       	cpi	r30, 0x03	; 3
 216:	e1 f0       	breq	.+56     	; 0x250 <analogWrite+0x7a>
/home/blobinnit/.arduino15/packages/MiniCore/hardware/avr/3.1.2/cores/MCUdude_corefiles/wiring_analog.c:292
        break;
      #endif

      case NOT_ON_TIMER:
      default:
        if (val < 128) {
 218:	c0 38       	cpi	r28, 0x80	; 128
 21a:	d1 05       	cpc	r29, r1
 21c:	7c f7       	brge	.-34     	; 0x1fc <analogWrite+0x26>
 21e:	e4 cf       	rjmp	.-56     	; 0x1e8 <analogWrite+0x12>
/home/blobinnit/.arduino15/packages/MiniCore/hardware/avr/3.1.2/cores/MCUdude_corefiles/wiring_analog.c:112
  {
    digitalWrite(pin, HIGH);
  }
  else
  {
    switch(digitalPinToTimer(pin))
 220:	e8 30       	cpi	r30, 0x08	; 8
 222:	29 f1       	breq	.+74     	; 0x26e <analogWrite+0x98>
 224:	e9 30       	cpi	r30, 0x09	; 9
 226:	59 f1       	breq	.+86     	; 0x27e <analogWrite+0xa8>
 228:	e5 30       	cpi	r30, 0x05	; 5
 22a:	b1 f7       	brne	.-20     	; 0x218 <analogWrite+0x42>
/home/blobinnit/.arduino15/packages/MiniCore/hardware/avr/3.1.2/cores/MCUdude_corefiles/wiring_analog.c:156
      #endif

      #if defined(TCCR1A) && defined(COM1B1)
      case TIMER1B:
        // connect pwm to pin on timer 1, channel B
        TCCR1A |= _BV(COM1B1);
 22c:	80 91 80 00 	lds	r24, 0x0080	; 0x800080 <__DATA_REGION_ORIGIN__+0x20>
 230:	80 62       	ori	r24, 0x20	; 32
 232:	80 93 80 00 	sts	0x0080, r24	; 0x800080 <__DATA_REGION_ORIGIN__+0x20>
/home/blobinnit/.arduino15/packages/MiniCore/hardware/avr/3.1.2/cores/MCUdude_corefiles/wiring_analog.c:157
        OCR1B = val; // set pwm duty
 236:	d0 93 8b 00 	sts	0x008B, r29	; 0x80008b <__DATA_REGION_ORIGIN__+0x2b>
 23a:	c0 93 8a 00 	sts	0x008A, r28	; 0x80008a <__DATA_REGION_ORIGIN__+0x2a>
 23e:	04 c0       	rjmp	.+8      	; 0x248 <analogWrite+0x72>
/home/blobinnit/.arduino15/packages/MiniCore/hardware/avr/3.1.2/cores/MCUdude_corefiles/wiring_analog.c:132
      #endif

      #if defined(TCCR0A) && defined(COM0A1)
      case TIMER0A:
        // connect pwm to pin on timer 0, channel A
        TCCR0A |= _BV(COM0A1);
 240:	84 b5       	in	r24, 0x24	; 36
 242:	80 68       	ori	r24, 0x80	; 128
 244:	84 bd       	out	0x24, r24	; 36
/home/blobinnit/.arduino15/packages/MiniCore/hardware/avr/3.1.2/cores/MCUdude_corefiles/wiring_analog.c:133
        OCR0A = val; // set pwm duty
 246:	c7 bd       	out	0x27, r28	; 39
/home/blobinnit/.arduino15/packages/MiniCore/hardware/avr/3.1.2/cores/MCUdude_corefiles/wiring_analog.c:299
        } else {
          digitalWrite(pin, HIGH);
        }
    }
  }
}
 248:	df 91       	pop	r29
 24a:	cf 91       	pop	r28
 24c:	1f 91       	pop	r17
 24e:	08 95       	ret
/home/blobinnit/.arduino15/packages/MiniCore/hardware/avr/3.1.2/cores/MCUdude_corefiles/wiring_analog.c:140
      #endif

      #if defined(TCCR0A) && defined(COM0B1)
      case TIMER0B:
        // connect pwm to pin on timer 0, channel B
        TCCR0A |= _BV(COM0B1);
 250:	84 b5       	in	r24, 0x24	; 36
 252:	80 62       	ori	r24, 0x20	; 32
 254:	84 bd       	out	0x24, r24	; 36
/home/blobinnit/.arduino15/packages/MiniCore/hardware/avr/3.1.2/cores/MCUdude_corefiles/wiring_analog.c:141
        OCR0B = val; // set pwm duty
 256:	c8 bd       	out	0x28, r28	; 40
 258:	f7 cf       	rjmp	.-18     	; 0x248 <analogWrite+0x72>
/home/blobinnit/.arduino15/packages/MiniCore/hardware/avr/3.1.2/cores/MCUdude_corefiles/wiring_analog.c:148
      #endif

      #if defined(TCCR1A) && defined(COM1A1)
      case TIMER1A:
        // connect pwm to pin on timer 1, channel A
        TCCR1A |= _BV(COM1A1);
 25a:	80 91 80 00 	lds	r24, 0x0080	; 0x800080 <__DATA_REGION_ORIGIN__+0x20>
 25e:	80 68       	ori	r24, 0x80	; 128
 260:	80 93 80 00 	sts	0x0080, r24	; 0x800080 <__DATA_REGION_ORIGIN__+0x20>
/home/blobinnit/.arduino15/packages/MiniCore/hardware/avr/3.1.2/cores/MCUdude_corefiles/wiring_analog.c:149
        OCR1A = val; // set pwm duty
 264:	d0 93 89 00 	sts	0x0089, r29	; 0x800089 <__DATA_REGION_ORIGIN__+0x29>
 268:	c0 93 88 00 	sts	0x0088, r28	; 0x800088 <__DATA_REGION_ORIGIN__+0x28>
 26c:	ed cf       	rjmp	.-38     	; 0x248 <analogWrite+0x72>
/home/blobinnit/.arduino15/packages/MiniCore/hardware/avr/3.1.2/cores/MCUdude_corefiles/wiring_analog.c:180
      #endif

      #if defined(TCCR2A) && defined(COM2A1)
      case TIMER2A:
        // connect pwm to pin on timer 2, channel A
        TCCR2A |= _BV(COM2A1);
 26e:	80 91 b0 00 	lds	r24, 0x00B0	; 0x8000b0 <__DATA_REGION_ORIGIN__+0x50>
 272:	80 68       	ori	r24, 0x80	; 128
 274:	80 93 b0 00 	sts	0x00B0, r24	; 0x8000b0 <__DATA_REGION_ORIGIN__+0x50>
/home/blobinnit/.arduino15/packages/MiniCore/hardware/avr/3.1.2/cores/MCUdude_corefiles/wiring_analog.c:181
        OCR2A = val; // set pwm duty
 278:	c0 93 b3 00 	sts	0x00B3, r28	; 0x8000b3 <__DATA_REGION_ORIGIN__+0x53>
 27c:	e5 cf       	rjmp	.-54     	; 0x248 <analogWrite+0x72>
/home/blobinnit/.arduino15/packages/MiniCore/hardware/avr/3.1.2/cores/MCUdude_corefiles/wiring_analog.c:188
      #endif

      #if defined(TCCR2A) && defined(COM2B1)
      case TIMER2B:
        // connect pwm to pin on timer 2, channel B
        TCCR2A |= _BV(COM2B1);
 27e:	80 91 b0 00 	lds	r24, 0x00B0	; 0x8000b0 <__DATA_REGION_ORIGIN__+0x50>
 282:	80 62       	ori	r24, 0x20	; 32
 284:	80 93 b0 00 	sts	0x00B0, r24	; 0x8000b0 <__DATA_REGION_ORIGIN__+0x50>
/home/blobinnit/.arduino15/packages/MiniCore/hardware/avr/3.1.2/cores/MCUdude_corefiles/wiring_analog.c:189
        OCR2B = val; // set pwm duty
 288:	c0 93 b4 00 	sts	0x00B4, r28	; 0x8000b4 <__DATA_REGION_ORIGIN__+0x54>
 28c:	dd cf       	rjmp	.-70     	; 0x248 <analogWrite+0x72>

0000028e <micros>:
micros():
/home/blobinnit/.arduino15/packages/MiniCore/hardware/avr/3.1.2/cores/MCUdude_corefiles/wiring.c:237
  unsigned char f; // temporary storage for millis fraction counter
  unsigned char q = 0; // record whether an overflow is flagged
#endif
  // t will be the number where the timer0 counter stopped
  uint8_t t;
  uint8_t oldSREG = SREG;
 28e:	3f b7       	in	r19, 0x3f	; 63
/home/blobinnit/.arduino15/packages/MiniCore/hardware/avr/3.1.2/cores/MCUdude_corefiles/wiring.c:240

  // Stop all interrupts
  cli();
 290:	f8 94       	cli
/home/blobinnit/.arduino15/packages/MiniCore/hardware/avr/3.1.2/cores/MCUdude_corefiles/wiring.c:247
#ifdef CORRECT_EXACT_MICROS
  // combine exact millisec and 8usec counters
  m = timer0_millis;
  f = timer0_fract;
#else
  m = timer0_overflow_count;
 292:	80 91 29 01 	lds	r24, 0x0129	; 0x800129 <timer0_overflow_count>
 296:	90 91 2a 01 	lds	r25, 0x012A	; 0x80012a <timer0_overflow_count+0x1>
 29a:	a0 91 2b 01 	lds	r26, 0x012B	; 0x80012b <timer0_overflow_count+0x2>
 29e:	b0 91 2c 01 	lds	r27, 0x012C	; 0x80012c <timer0_overflow_count+0x3>
/home/blobinnit/.arduino15/packages/MiniCore/hardware/avr/3.1.2/cores/MCUdude_corefiles/wiring.c:252
#endif

  // TCNT0 : The Timer Counter Register
#if defined(TCNT0)
  t = TCNT0;
 2a2:	26 b5       	in	r18, 0x26	; 38
/home/blobinnit/.arduino15/packages/MiniCore/hardware/avr/3.1.2/cores/MCUdude_corefiles/wiring.c:261
  #error TIMER 0 not defined
#endif

  // Timer0 Interrupt Flag Register
#ifdef TIFR0
  if ((TIFR0 & _BV(TOV0)) && (t < 255))
 2a4:	a8 9b       	sbis	0x15, 0	; 21
 2a6:	05 c0       	rjmp	.+10     	; 0x2b2 <micros+0x24>
 2a8:	2f 3f       	cpi	r18, 0xFF	; 255
 2aa:	19 f0       	breq	.+6      	; 0x2b2 <micros+0x24>
/home/blobinnit/.arduino15/packages/MiniCore/hardware/avr/3.1.2/cores/MCUdude_corefiles/wiring.c:263
#ifndef CORRECT_EXACT_MICROS
    m++;
 2ac:	01 96       	adiw	r24, 0x01	; 1
 2ae:	a1 1d       	adc	r26, r1
 2b0:	b1 1d       	adc	r27, r1
/home/blobinnit/.arduino15/packages/MiniCore/hardware/avr/3.1.2/cores/MCUdude_corefiles/wiring.c:276
#else
    q = 1;
#endif
#endif
  // Restore SREG
  SREG = oldSREG;
 2b2:	3f bf       	out	0x3f, r19	; 63
/home/blobinnit/.arduino15/packages/MiniCore/hardware/avr/3.1.2/cores/MCUdude_corefiles/wiring.c:292
      ((t * MICROSECONDS_PER_TIMER0_OVERFLOW) >> 8);
  return q ? m + MICROSECONDS_PER_TIMER0_OVERFLOW : m;
#elif 1
  /* All power-of-two Megahertz frequencies enter here, as well as 12.8 MHz.
     We only end up here if right shift before multiplication is exact. */
  return ((m << 8) + t) * (MICROSECONDS_PER_TIMER0_OVERFLOW >> 8);
 2b4:	ba 2f       	mov	r27, r26
 2b6:	a9 2f       	mov	r26, r25
 2b8:	98 2f       	mov	r25, r24
 2ba:	88 27       	eor	r24, r24
 2bc:	bc 01       	movw	r22, r24
 2be:	cd 01       	movw	r24, r26
 2c0:	62 0f       	add	r22, r18
 2c2:	71 1d       	adc	r23, r1
 2c4:	81 1d       	adc	r24, r1
 2c6:	91 1d       	adc	r25, r1
 2c8:	42 e0       	ldi	r20, 0x02	; 2
 2ca:	66 0f       	add	r22, r22
 2cc:	77 1f       	adc	r23, r23
 2ce:	88 1f       	adc	r24, r24
 2d0:	99 1f       	adc	r25, r25
 2d2:	4a 95       	dec	r20
 2d4:	d1 f7       	brne	.-12     	; 0x2ca <micros+0x3c>
/home/blobinnit/.arduino15/packages/MiniCore/hardware/avr/3.1.2/cores/MCUdude_corefiles/wiring.c:393
  // m & t are multiplied by 4 (since it was already multiplied by 256)
  // t is multiplied by 4
  return ((m << 8) + t) * (64 / clockCyclesPerMicrosecond());
#endif
#endif // 0
}
 2d6:	08 95       	ret

000002d8 <__vector_16>:
__vector_16():
/home/blobinnit/.arduino15/packages/MiniCore/hardware/avr/3.1.2/cores/MCUdude_corefiles/wiring.c:159
#if defined(__AVR_ATtiny24__) || defined(__AVR_ATtiny44__) || defined(__AVR_ATtiny84__)
ISR(TIM0_OVF_vect)
#else
ISR(TIMER0_OVF_vect)
#endif
{
 2d8:	1f 92       	push	r1
 2da:	0f 92       	push	r0
 2dc:	0f b6       	in	r0, 0x3f	; 63
 2de:	0f 92       	push	r0
 2e0:	11 24       	eor	r1, r1
 2e2:	2f 93       	push	r18
 2e4:	3f 93       	push	r19
 2e6:	8f 93       	push	r24
 2e8:	9f 93       	push	r25
 2ea:	af 93       	push	r26
 2ec:	bf 93       	push	r27
/home/blobinnit/.arduino15/packages/MiniCore/hardware/avr/3.1.2/cores/MCUdude_corefiles/wiring.c:167
  static unsigned char timer0_exact = 0;
#endif

  // copy these to local variables so they can be stored in registers
  // (volatile variables must be read from memory on every access, so this saves time)
  unsigned long m = timer0_millis;
 2ee:	80 91 25 01 	lds	r24, 0x0125	; 0x800125 <timer0_millis>
 2f2:	90 91 26 01 	lds	r25, 0x0126	; 0x800126 <timer0_millis+0x1>
 2f6:	a0 91 27 01 	lds	r26, 0x0127	; 0x800127 <timer0_millis+0x2>
 2fa:	b0 91 28 01 	lds	r27, 0x0128	; 0x800128 <timer0_millis+0x3>
/home/blobinnit/.arduino15/packages/MiniCore/hardware/avr/3.1.2/cores/MCUdude_corefiles/wiring.c:168
  unsigned char f = timer0_fract;
 2fe:	30 91 24 01 	lds	r19, 0x0124	; 0x800124 <timer0_fract>
/home/blobinnit/.arduino15/packages/MiniCore/hardware/avr/3.1.2/cores/MCUdude_corefiles/wiring.c:170

  f += FRACT_INC FRACT_INC_PLUS;
 302:	23 e0       	ldi	r18, 0x03	; 3
 304:	23 0f       	add	r18, r19
/home/blobinnit/.arduino15/packages/MiniCore/hardware/avr/3.1.2/cores/MCUdude_corefiles/wiring.c:200
    ++f;
  }
#endif
#endif // CORRECT_EXACT_MILLIS

  if (f >= FRACT_MAX) {
 306:	2d 37       	cpi	r18, 0x7D	; 125
 308:	68 f1       	brcs	.+90     	; 0x364 <__vector_16+0x8c>
/home/blobinnit/.arduino15/packages/MiniCore/hardware/avr/3.1.2/cores/MCUdude_corefiles/wiring.c:201
    f -= FRACT_MAX;
 30a:	26 e8       	ldi	r18, 0x86	; 134
 30c:	23 0f       	add	r18, r19
/home/blobinnit/.arduino15/packages/MiniCore/hardware/avr/3.1.2/cores/MCUdude_corefiles/wiring.c:202
    m += MILLIS_INC + 1;
 30e:	02 96       	adiw	r24, 0x02	; 2
 310:	a1 1d       	adc	r26, r1
 312:	b1 1d       	adc	r27, r1
/home/blobinnit/.arduino15/packages/MiniCore/hardware/avr/3.1.2/cores/MCUdude_corefiles/wiring.c:208
  }
  else {
    m += MILLIS_INC;
  }

  timer0_fract = f;
 314:	20 93 24 01 	sts	0x0124, r18	; 0x800124 <timer0_fract>
/home/blobinnit/.arduino15/packages/MiniCore/hardware/avr/3.1.2/cores/MCUdude_corefiles/wiring.c:209
  timer0_millis = m;
 318:	80 93 25 01 	sts	0x0125, r24	; 0x800125 <timer0_millis>
 31c:	90 93 26 01 	sts	0x0126, r25	; 0x800126 <timer0_millis+0x1>
 320:	a0 93 27 01 	sts	0x0127, r26	; 0x800127 <timer0_millis+0x2>
 324:	b0 93 28 01 	sts	0x0128, r27	; 0x800128 <timer0_millis+0x3>
/home/blobinnit/.arduino15/packages/MiniCore/hardware/avr/3.1.2/cores/MCUdude_corefiles/wiring.c:211
#ifndef CORRECT_EXACT_MICROS
  timer0_overflow_count++;
 328:	80 91 29 01 	lds	r24, 0x0129	; 0x800129 <timer0_overflow_count>
 32c:	90 91 2a 01 	lds	r25, 0x012A	; 0x80012a <timer0_overflow_count+0x1>
 330:	a0 91 2b 01 	lds	r26, 0x012B	; 0x80012b <timer0_overflow_count+0x2>
 334:	b0 91 2c 01 	lds	r27, 0x012C	; 0x80012c <timer0_overflow_count+0x3>
 338:	01 96       	adiw	r24, 0x01	; 1
 33a:	a1 1d       	adc	r26, r1
 33c:	b1 1d       	adc	r27, r1
 33e:	80 93 29 01 	sts	0x0129, r24	; 0x800129 <timer0_overflow_count>
 342:	90 93 2a 01 	sts	0x012A, r25	; 0x80012a <timer0_overflow_count+0x1>
 346:	a0 93 2b 01 	sts	0x012B, r26	; 0x80012b <timer0_overflow_count+0x2>
 34a:	b0 93 2c 01 	sts	0x012C, r27	; 0x80012c <timer0_overflow_count+0x3>
/home/blobinnit/.arduino15/packages/MiniCore/hardware/avr/3.1.2/cores/MCUdude_corefiles/wiring.c:213
#endif
}
 34e:	bf 91       	pop	r27
 350:	af 91       	pop	r26
 352:	9f 91       	pop	r25
 354:	8f 91       	pop	r24
 356:	3f 91       	pop	r19
 358:	2f 91       	pop	r18
 35a:	0f 90       	pop	r0
 35c:	0f be       	out	0x3f, r0	; 63
 35e:	0f 90       	pop	r0
 360:	1f 90       	pop	r1
 362:	18 95       	reti
/home/blobinnit/.arduino15/packages/MiniCore/hardware/avr/3.1.2/cores/MCUdude_corefiles/wiring.c:205
  if (f >= FRACT_MAX) {
    f -= FRACT_MAX;
    m += MILLIS_INC + 1;
  }
  else {
    m += MILLIS_INC;
 364:	01 96       	adiw	r24, 0x01	; 1
 366:	a1 1d       	adc	r26, r1
 368:	b1 1d       	adc	r27, r1
 36a:	d4 cf       	rjmp	.-88     	; 0x314 <__vector_16+0x3c>

0000036c <main>:
main():
/home/blobinnit/.arduino15/packages/MiniCore/hardware/avr/3.1.2/cores/MCUdude_corefiles/main.cpp:34

//void setupUSB() __attribute__((weak));
//void setupUSB() { }

int main(void)
{
 36c:	cf 93       	push	r28
 36e:	df 93       	push	r29
 370:	cd b7       	in	r28, 0x3d	; 61
 372:	de b7       	in	r29, 0x3e	; 62
 374:	2e 97       	sbiw	r28, 0x0e	; 14
 376:	0f b6       	in	r0, 0x3f	; 63
 378:	f8 94       	cli
 37a:	de bf       	out	0x3e, r29	; 62
 37c:	0f be       	out	0x3f, r0	; 63
 37e:	cd bf       	out	0x3d, r28	; 61
init():
/home/blobinnit/.arduino15/packages/MiniCore/hardware/avr/3.1.2/cores/MCUdude_corefiles/wiring.c:945

void init()
{
  // this needs to be called before setup() or some functions won't
  // work there
  sei();
 380:	78 94       	sei
/home/blobinnit/.arduino15/packages/MiniCore/hardware/avr/3.1.2/cores/MCUdude_corefiles/wiring.c:957

  // On the ATmega168, timer 0 is also used for fast hardware pwm
  // (using phase-correct PWM would mean that timer 0 overflowed half as often
  // resulting in different millis() behavior on the ATmega8 and ATmega168)
#if defined(TCCR0A) && defined(WGM01)
  TCCR0A |= _BV(WGM01) | _BV(WGM00);
 382:	84 b5       	in	r24, 0x24	; 36
 384:	83 60       	ori	r24, 0x03	; 3
 386:	84 bd       	out	0x24, r24	; 36
/home/blobinnit/.arduino15/packages/MiniCore/hardware/avr/3.1.2/cores/MCUdude_corefiles/wiring.c:972
  #if defined(WGM00) && defined(WGM01) // The ATmega8 doesn't have WGM00 and WGM01
    TCCR0 |= _BV(WGM01) | _BV(WGM00);
  #endif
#elif defined(TCCR0B) && defined(CS01) && defined(CS00)
  // This combination is for the standard 168/328/640/1280/1281/2560/2561
  TCCR0B |= _BV(CS01) | _BV(CS00);
 388:	85 b5       	in	r24, 0x25	; 37
 38a:	83 60       	ori	r24, 0x03	; 3
 38c:	85 bd       	out	0x25, r24	; 37
/home/blobinnit/.arduino15/packages/MiniCore/hardware/avr/3.1.2/cores/MCUdude_corefiles/wiring.c:984

// Enable timer 0 overflow interrupt
#if defined(TIMSK) && defined(TOIE0)
  TIMSK |= _BV(TOIE0);
#elif defined(TIMSK0) && defined(TOIE0)
  TIMSK0 |= _BV(TOIE0);
 38e:	80 91 6e 00 	lds	r24, 0x006E	; 0x80006e <__DATA_REGION_ORIGIN__+0xe>
 392:	81 60       	ori	r24, 0x01	; 1
 394:	80 93 6e 00 	sts	0x006E, r24	; 0x80006e <__DATA_REGION_ORIGIN__+0xe>
/home/blobinnit/.arduino15/packages/MiniCore/hardware/avr/3.1.2/cores/MCUdude_corefiles/wiring.c:995
// this is better for motors as it ensures an even waveform
// note, however, that fast pwm mode can achieve a frequency of up
// 8 MHz (with a 16 MHz clock) at 50% duty cycle

#if defined(TCCR1B) && defined(CS11) && defined(CS10)
  TCCR1B = _BV(CS11); // Set timer 1 prescale factor to 64
 398:	82 e0       	ldi	r24, 0x02	; 2
 39a:	80 93 81 00 	sts	0x0081, r24	; 0x800081 <__DATA_REGION_ORIGIN__+0x21>
/home/blobinnit/.arduino15/packages/MiniCore/hardware/avr/3.1.2/cores/MCUdude_corefiles/wiring.c:997
#if F_CPU >= 8000000L
  TCCR1B |= _BV(CS10);
 39e:	80 91 81 00 	lds	r24, 0x0081	; 0x800081 <__DATA_REGION_ORIGIN__+0x21>
 3a2:	81 60       	ori	r24, 0x01	; 1
 3a4:	80 93 81 00 	sts	0x0081, r24	; 0x800081 <__DATA_REGION_ORIGIN__+0x21>
/home/blobinnit/.arduino15/packages/MiniCore/hardware/avr/3.1.2/cores/MCUdude_corefiles/wiring.c:1006
#if F_CPU >= 8000000L
  TCCR1 |= _BV(CS10);
#endif
#endif
#if defined(TCCR1A) && defined(WGM10)
  TCCR1A |= _BV(WGM10); // Put timer 1 in 8-bit phase correct pwm mode
 3a8:	80 91 80 00 	lds	r24, 0x0080	; 0x800080 <__DATA_REGION_ORIGIN__+0x20>
 3ac:	81 60       	ori	r24, 0x01	; 1
 3ae:	80 93 80 00 	sts	0x0080, r24	; 0x800080 <__DATA_REGION_ORIGIN__+0x20>
/home/blobinnit/.arduino15/packages/MiniCore/hardware/avr/3.1.2/cores/MCUdude_corefiles/wiring.c:1013

// Set timer 2 prescale factor to 64
#if defined(TCCR2) && defined(CS22)
  TCCR2 |= _BV(CS22);
#elif defined(TCCR2B) && defined(CS22)
  TCCR2B |= _BV(CS22);
 3b2:	80 91 b1 00 	lds	r24, 0x00B1	; 0x8000b1 <__DATA_REGION_ORIGIN__+0x51>
 3b6:	84 60       	ori	r24, 0x04	; 4
 3b8:	80 93 b1 00 	sts	0x00B1, r24	; 0x8000b1 <__DATA_REGION_ORIGIN__+0x51>
/home/blobinnit/.arduino15/packages/MiniCore/hardware/avr/3.1.2/cores/MCUdude_corefiles/wiring.c:1022

// Configure timer 2 for phase correct pwm (8-bit)
#if defined(TCCR2) && defined(WGM20)
  TCCR2 |= _BV(WGM20);
#elif defined(TCCR2A) && defined(WGM20)
  TCCR2A |= _BV(WGM20);
 3bc:	80 91 b0 00 	lds	r24, 0x00B0	; 0x8000b0 <__DATA_REGION_ORIGIN__+0x50>
 3c0:	81 60       	ori	r24, 0x01	; 1
 3c2:	80 93 b0 00 	sts	0x00B0, r24	; 0x8000b0 <__DATA_REGION_ORIGIN__+0x50>
/home/blobinnit/.arduino15/packages/MiniCore/hardware/avr/3.1.2/cores/MCUdude_corefiles/wiring.c:1050
#endif

#if defined(ADCSRA)
  // set a2d prescaler so we are inside the desired 50-200 KHz range.
  #if F_CPU >= 16000000 // 16 MHz / 128 = 125 KHz
    ADCSRA = _BV(ADPS2) | _BV(ADPS1) | _BV(ADPS0) | _BV(ADEN);
 3c6:	87 e8       	ldi	r24, 0x87	; 135
 3c8:	80 93 7a 00 	sts	0x007A, r24	; 0x80007a <__DATA_REGION_ORIGIN__+0x1a>
/home/blobinnit/.arduino15/packages/MiniCore/hardware/avr/3.1.2/cores/MCUdude_corefiles/wiring.c:1070
  // here so they can be used as normal digital i/o; they will be
  // reconnected in Serial.begin()
#if defined(UCSRB)
  UCSRB = 0;
#elif defined(UCSR0B)
  UCSR0B = 0;
 3cc:	10 92 c1 00 	sts	0x00C1, r1	; 0x8000c1 <__DATA_REGION_ORIGIN__+0x61>
setup():
/home/blobinnit/github_repos/ATMega328/linefollowerznowymipinami/linefollowerznowymipinami.ino:50
// 850 - działa ok
// 800 - super
const int PROG_LINII = 800; // Czarna linia = niski odczyt (<400), białe tło = wysoki (>400)

void setup() {
  pinMode(m_prawy_A, OUTPUT); pinMode(m_prawy_B, OUTPUT);
 3d0:	88 e0       	ldi	r24, 0x08	; 8
 3d2:	0e 94 80 00 	call	0x100	; 0x100 <pinMode.constprop.1>
 3d6:	89 e0       	ldi	r24, 0x09	; 9
 3d8:	0e 94 80 00 	call	0x100	; 0x100 <pinMode.constprop.1>
/home/blobinnit/github_repos/ATMega328/linefollowerznowymipinami/linefollowerznowymipinami.ino:51
  pinMode(m_lewy_A, OUTPUT); pinMode(m_lewy_B, OUTPUT);
 3dc:	82 e0       	ldi	r24, 0x02	; 2
 3de:	0e 94 80 00 	call	0x100	; 0x100 <pinMode.constprop.1>
 3e2:	83 e0       	ldi	r24, 0x03	; 3
 3e4:	0e 94 80 00 	call	0x100	; 0x100 <pinMode.constprop.1>
/home/blobinnit/github_repos/ATMega328/linefollowerznowymipinami/linefollowerznowymipinami.ino:52
  pinMode(en_prawy, OUTPUT); pinMode(en_lewy, OUTPUT);
 3e8:	85 e0       	ldi	r24, 0x05	; 5
 3ea:	0e 94 80 00 	call	0x100	; 0x100 <pinMode.constprop.1>
 3ee:	86 e0       	ldi	r24, 0x06	; 6
 3f0:	0e 94 80 00 	call	0x100	; 0x100 <pinMode.constprop.1>
delay():
/home/blobinnit/.arduino15/packages/MiniCore/hardware/avr/3.1.2/cores/MCUdude_corefiles/wiring.c:397
#endif // 0
}

void delay(unsigned long ms)
{
  unsigned long start = micros();
 3f4:	0e 94 47 01 	call	0x28e	; 0x28e <micros>
 3f8:	4b 01       	movw	r8, r22
 3fa:	5c 01       	movw	r10, r24
 3fc:	f8 eb       	ldi	r31, 0xB8	; 184
 3fe:	cf 2e       	mov	r12, r31
 400:	fb e0       	ldi	r31, 0x0B	; 11
 402:	df 2e       	mov	r13, r31
 404:	e1 2c       	mov	r14, r1
 406:	f1 2c       	mov	r15, r1
/home/blobinnit/.arduino15/packages/MiniCore/hardware/avr/3.1.2/cores/MCUdude_corefiles/wiring.c:401

  while (ms > 0UL) {
    yield();
    while (ms > 0UL && (micros() - start) >= 1000UL) {
 408:	0e 94 47 01 	call	0x28e	; 0x28e <micros>
 40c:	68 19       	sub	r22, r8
 40e:	79 09       	sbc	r23, r9
 410:	8a 09       	sbc	r24, r10
 412:	9b 09       	sbc	r25, r11
 414:	68 3e       	cpi	r22, 0xE8	; 232
 416:	73 40       	sbci	r23, 0x03	; 3
 418:	81 05       	cpc	r24, r1
 41a:	91 05       	cpc	r25, r1
 41c:	a8 f3       	brcs	.-22     	; 0x408 <__LOCK_REGION_LENGTH__+0x8>
/home/blobinnit/.arduino15/packages/MiniCore/hardware/avr/3.1.2/cores/MCUdude_corefiles/wiring.c:402
      ms--;
 41e:	21 e0       	ldi	r18, 0x01	; 1
 420:	c2 1a       	sub	r12, r18
 422:	d1 08       	sbc	r13, r1
 424:	e1 08       	sbc	r14, r1
 426:	f1 08       	sbc	r15, r1
/home/blobinnit/.arduino15/packages/MiniCore/hardware/avr/3.1.2/cores/MCUdude_corefiles/wiring.c:403
      start += 1000UL;
 428:	38 ee       	ldi	r19, 0xE8	; 232
 42a:	83 0e       	add	r8, r19
 42c:	33 e0       	ldi	r19, 0x03	; 3
 42e:	93 1e       	adc	r9, r19
 430:	a1 1c       	adc	r10, r1
 432:	b1 1c       	adc	r11, r1
/home/blobinnit/.arduino15/packages/MiniCore/hardware/avr/3.1.2/cores/MCUdude_corefiles/wiring.c:401
{
  unsigned long start = micros();

  while (ms > 0UL) {
    yield();
    while (ms > 0UL && (micros() - start) >= 1000UL) {
 434:	c1 14       	cp	r12, r1
 436:	d1 04       	cpc	r13, r1
 438:	e1 04       	cpc	r14, r1
 43a:	f1 04       	cpc	r15, r1
 43c:	29 f7       	brne	.-54     	; 0x408 <__LOCK_REGION_LENGTH__+0x8>
oblicz_pozycje():
/home/blobinnit/github_repos/ATMega328/linefollowerznowymipinami/linefollowerznowymipinami.ino:144

// new
  // Zapisujemy kierunek TYLKO jeśli linia jest wyraźnie po jednej ze stron.
  // Ignorujemy małe wahania wokół zera (środka).
  if (pozycja < -500) {
      ostatni_kierunek = -1; // Linia jest zdecydowanie po lewej
 43e:	22 24       	eor	r2, r2
 440:	2a 94       	dec	r2
 442:	32 2c       	mov	r3, r2
/home/blobinnit/github_repos/ATMega328/linefollowerznowymipinami/linefollowerznowymipinami.ino:116
}

int oblicz_pozycje() {
  long suma_wag = 0;
  int aktywnych = 0;
  int wagi[] = {-2000, -1000, 0, 1000, 2000};
 444:	8a e0       	ldi	r24, 0x0A	; 10
 446:	e0 e0       	ldi	r30, 0x00	; 0
 448:	f1 e0       	ldi	r31, 0x01	; 1
 44a:	de 01       	movw	r26, r28
 44c:	11 96       	adiw	r26, 0x01	; 1
 44e:	01 90       	ld	r0, Z+
 450:	0d 92       	st	X+, r0
 452:	8a 95       	dec	r24
 454:	e1 f7       	brne	.-8      	; 0x44e <__LOCK_REGION_LENGTH__+0x4e>
 456:	ea e0       	ldi	r30, 0x0A	; 10
 458:	f1 e0       	ldi	r31, 0x01	; 1
 45a:	ae 01       	movw	r20, r28
 45c:	4f 5f       	subi	r20, 0xFF	; 255
 45e:	5f 4f       	sbci	r21, 0xFF	; 255
main():
/home/blobinnit/github_repos/ATMega328/linefollowerznowymipinami/linefollowerznowymipinami.ino:115
  move(moc_lewy, moc_prawy);
}

int oblicz_pozycje() {
  long suma_wag = 0;
  int aktywnych = 0;
 460:	30 e0       	ldi	r19, 0x00	; 0
 462:	20 e0       	ldi	r18, 0x00	; 0
/home/blobinnit/github_repos/ATMega328/linefollowerznowymipinami/linefollowerznowymipinami.ino:114

  move(moc_lewy, moc_prawy);
}

int oblicz_pozycje() {
  long suma_wag = 0;
 464:	c1 2c       	mov	r12, r1
 466:	d1 2c       	mov	r13, r1
 468:	76 01       	movw	r14, r12
oblicz_pozycje():
/home/blobinnit/github_repos/ATMega328/linefollowerznowymipinami/linefollowerznowymipinami.ino:119
  int aktywnych = 0;
  int wagi[] = {-2000, -1000, 0, 1000, 2000};
  
  for (int i = 0; i < 5; i++) {
    int odczyt = analogRead(czujniki[i]);
 46a:	90 81       	ld	r25, Z
 46c:	32 96       	adiw	r30, 0x02	; 2
 46e:	89 2f       	mov	r24, r25
analogRead():
/home/blobinnit/.arduino15/packages/MiniCore/hardware/avr/3.1.2/cores/MCUdude_corefiles/wiring_analog.c:49
int analogRead(uint8_t pin)
{

// Macro located in the pins_arduino.h file
#ifdef analogPinToChannel
  pin = analogPinToChannel(pin);
 470:	98 30       	cpi	r25, 0x08	; 8
 472:	20 f0       	brcs	.+8      	; 0x47c <__LOCK_REGION_LENGTH__+0x7c>
 474:	9d 30       	cpi	r25, 0x0D	; 13
 476:	08 f4       	brcc	.+2      	; 0x47a <__LOCK_REGION_LENGTH__+0x7a>
 478:	8d e0       	ldi	r24, 0x0D	; 13
 47a:	8e 50       	subi	r24, 0x0E	; 14
/home/blobinnit/.arduino15/packages/MiniCore/hardware/avr/3.1.2/cores/MCUdude_corefiles/wiring_analog.c:68
  
  // set the analog reference (high two bits of ADMUX) and select the
  // channel (low 4 bits).  this also sets ADLAR (left-adjust result)
  // to 0 (the default).
#if defined(ADMUX)
  ADMUX = (analog_reference << 6) | (pin & 0x07);
 47c:	87 70       	andi	r24, 0x07	; 7
 47e:	80 64       	ori	r24, 0x40	; 64
 480:	80 93 7c 00 	sts	0x007C, r24	; 0x80007c <__DATA_REGION_ORIGIN__+0x1c>
/home/blobinnit/.arduino15/packages/MiniCore/hardware/avr/3.1.2/cores/MCUdude_corefiles/wiring_analog.c:76
  // without a delay, we seem to read from the wrong channel
  //delay(1);

#if defined(ADCSRA) && defined(ADC)
  // start the conversion
  ADCSRA |= _BV(ADSC);
 484:	80 91 7a 00 	lds	r24, 0x007A	; 0x80007a <__DATA_REGION_ORIGIN__+0x1a>
 488:	80 64       	ori	r24, 0x40	; 64
 48a:	80 93 7a 00 	sts	0x007A, r24	; 0x80007a <__DATA_REGION_ORIGIN__+0x1a>
/home/blobinnit/.arduino15/packages/MiniCore/hardware/avr/3.1.2/cores/MCUdude_corefiles/wiring_analog.c:79

  // ADSC is cleared when the conversion finishes
  while (ADCSRA & _BV(ADSC)) {};
 48e:	80 91 7a 00 	lds	r24, 0x007A	; 0x80007a <__DATA_REGION_ORIGIN__+0x1a>
 492:	86 fd       	sbrc	r24, 6
 494:	fc cf       	rjmp	.-8      	; 0x48e <__LOCK_REGION_LENGTH__+0x8e>
/home/blobinnit/.arduino15/packages/MiniCore/hardware/avr/3.1.2/cores/MCUdude_corefiles/wiring_analog.c:83

  // ADC macro takes care of reading ADC register.
 	// avr-gcc implements the proper reading order: ADCL is read first.
 	return ADC;
 496:	80 91 78 00 	lds	r24, 0x0078	; 0x800078 <__DATA_REGION_ORIGIN__+0x18>
 49a:	90 91 79 00 	lds	r25, 0x0079	; 0x800079 <__DATA_REGION_ORIGIN__+0x19>
oblicz_pozycje():
/home/blobinnit/github_repos/ATMega328/linefollowerznowymipinami/linefollowerznowymipinami.ino:120
    if (odczyt < PROG_LINII) {
 49e:	80 32       	cpi	r24, 0x20	; 32
 4a0:	93 40       	sbci	r25, 0x03	; 3
 4a2:	6c f4       	brge	.+26     	; 0x4be <__LOCK_REGION_LENGTH__+0xbe>
/home/blobinnit/github_repos/ATMega328/linefollowerznowymipinami/linefollowerznowymipinami.ino:121
      suma_wag += wagi[i];
 4a4:	da 01       	movw	r26, r20
 4a6:	8d 91       	ld	r24, X+
 4a8:	9c 91       	ld	r25, X
 4aa:	09 2e       	mov	r0, r25
 4ac:	00 0c       	add	r0, r0
 4ae:	aa 0b       	sbc	r26, r26
 4b0:	bb 0b       	sbc	r27, r27
 4b2:	c8 0e       	add	r12, r24
 4b4:	d9 1e       	adc	r13, r25
 4b6:	ea 1e       	adc	r14, r26
 4b8:	fb 1e       	adc	r15, r27
/home/blobinnit/github_repos/ATMega328/linefollowerznowymipinami/linefollowerznowymipinami.ino:122
      aktywnych++;
 4ba:	2f 5f       	subi	r18, 0xFF	; 255
 4bc:	3f 4f       	sbci	r19, 0xFF	; 255
 4be:	4e 5f       	subi	r20, 0xFE	; 254
 4c0:	5f 4f       	sbci	r21, 0xFF	; 255
/home/blobinnit/github_repos/ATMega328/linefollowerznowymipinami/linefollowerznowymipinami.ino:118
int oblicz_pozycje() {
  long suma_wag = 0;
  int aktywnych = 0;
  int wagi[] = {-2000, -1000, 0, 1000, 2000};
  
  for (int i = 0; i < 5; i++) {
 4c2:	84 e1       	ldi	r24, 0x14	; 20
 4c4:	91 e0       	ldi	r25, 0x01	; 1
 4c6:	8e 17       	cp	r24, r30
 4c8:	9f 07       	cpc	r25, r31
 4ca:	79 f6       	brne	.-98     	; 0x46a <__LOCK_REGION_LENGTH__+0x6a>
/home/blobinnit/github_repos/ATMega328/linefollowerznowymipinami/linefollowerznowymipinami.ino:127
      aktywnych++;
    }
  }

  // if (aktywnych == 0) return 10000;
  if (aktywnych == 0) {
 4cc:	21 15       	cp	r18, r1
 4ce:	31 05       	cpc	r19, r1
 4d0:	59 f4       	brne	.+22     	; 0x4e8 <__LOCK_REGION_LENGTH__+0xe8>
/home/blobinnit/github_repos/ATMega328/linefollowerznowymipinami/linefollowerznowymipinami.ino:130
    // Zamiast zwracać 10000, dajemy maksymalny możliwy błąd z "plusem" lub "minusem",
    // aby PID sam agresywnie, ale płynnie skręcił i użył dynamicznego hamowania.
    if (ostatni_kierunek == 1) return 3000; 
 4d2:	80 91 14 01 	lds	r24, 0x0114	; 0x800114 <__data_end>
 4d6:	90 91 15 01 	lds	r25, 0x0115	; 0x800115 <__data_end+0x1>
main():
/home/blobinnit/github_repos/ATMega328/linefollowerznowymipinami/linefollowerznowymipinami.ino:131
    else return -3000;
 4da:	28 e4       	ldi	r18, 0x48	; 72
 4dc:	34 ef       	ldi	r19, 0xF4	; 244
oblicz_pozycje():
/home/blobinnit/github_repos/ATMega328/linefollowerznowymipinami/linefollowerznowymipinami.ino:130

  // if (aktywnych == 0) return 10000;
  if (aktywnych == 0) {
    // Zamiast zwracać 10000, dajemy maksymalny możliwy błąd z "plusem" lub "minusem",
    // aby PID sam agresywnie, ale płynnie skręcił i użył dynamicznego hamowania.
    if (ostatni_kierunek == 1) return 3000; 
 4de:	01 97       	sbiw	r24, 0x01	; 1
 4e0:	a1 f4       	brne	.+40     	; 0x50a <__LOCK_REGION_LENGTH__+0x10a>
main():
 4e2:	28 eb       	ldi	r18, 0xB8	; 184
 4e4:	3b e0       	ldi	r19, 0x0B	; 11
 4e6:	11 c0       	rjmp	.+34     	; 0x50a <__LOCK_REGION_LENGTH__+0x10a>
oblicz_pozycje():
/home/blobinnit/github_repos/ATMega328/linefollowerznowymipinami/linefollowerznowymipinami.ino:134
    else return -3000;
  }

  int pozycja = suma_wag / aktywnych;
 4e8:	03 2e       	mov	r0, r19
 4ea:	00 0c       	add	r0, r0
 4ec:	44 0b       	sbc	r20, r20
 4ee:	55 0b       	sbc	r21, r21
 4f0:	c7 01       	movw	r24, r14
 4f2:	b6 01       	movw	r22, r12
 4f4:	0e 94 97 05 	call	0xb2e	; 0xb2e <__divmodsi4>
/home/blobinnit/github_repos/ATMega328/linefollowerznowymipinami/linefollowerznowymipinami.ino:143
  // else if (pozycja > 0) ostatni_kierunek = 1;

// new
  // Zapisujemy kierunek TYLKO jeśli linia jest wyraźnie po jednej ze stron.
  // Ignorujemy małe wahania wokół zera (środka).
  if (pozycja < -500) {
 4f8:	2c 30       	cpi	r18, 0x0C	; 12
 4fa:	9e ef       	ldi	r25, 0xFE	; 254
 4fc:	39 07       	cpc	r19, r25
 4fe:	0c f0       	brlt	.+2      	; 0x502 <__LOCK_REGION_LENGTH__+0x102>
 500:	16 c1       	rjmp	.+556    	; 0x72e <__LOCK_REGION_LENGTH__+0x32e>
/home/blobinnit/github_repos/ATMega328/linefollowerznowymipinami/linefollowerznowymipinami.ino:144
      ostatni_kierunek = -1; // Linia jest zdecydowanie po lewej
 502:	30 92 15 01 	sts	0x0115, r3	; 0x800115 <__data_end+0x1>
 506:	20 92 14 01 	sts	0x0114, r2	; 0x800114 <__data_end>
loop():
/home/blobinnit/github_repos/ATMega328/linefollowerznowymipinami/linefollowerznowymipinami.ino:65
  // if (pozycja == 10000) {
  //   szukaj_linii();
  //   return;
  // }

  blad = pozycja;
 50a:	30 93 23 01 	sts	0x0123, r19	; 0x800123 <blad+0x1>
 50e:	20 93 22 01 	sts	0x0122, r18	; 0x800122 <blad>
millis():
/home/blobinnit/.arduino15/packages/MiniCore/hardware/avr/3.1.2/cores/MCUdude_corefiles/wiring.c:218
}

unsigned long millis()
{
  unsigned long m;
  uint8_t oldSREG = SREG;
 512:	8f b7       	in	r24, 0x3f	; 63
/home/blobinnit/.arduino15/packages/MiniCore/hardware/avr/3.1.2/cores/MCUdude_corefiles/wiring.c:222

  // disable interrupts while we read timer0_millis or we might get an
  // inconsistent value (e.g. in the middle of a write to timer0_millis)
  cli();
 514:	f8 94       	cli
/home/blobinnit/.arduino15/packages/MiniCore/hardware/avr/3.1.2/cores/MCUdude_corefiles/wiring.c:223
  m = timer0_millis;
 516:	40 90 25 01 	lds	r4, 0x0125	; 0x800125 <timer0_millis>
 51a:	50 90 26 01 	lds	r5, 0x0126	; 0x800126 <timer0_millis+0x1>
 51e:	60 90 27 01 	lds	r6, 0x0127	; 0x800127 <timer0_millis+0x2>
 522:	70 90 28 01 	lds	r7, 0x0128	; 0x800128 <timer0_millis+0x3>
/home/blobinnit/.arduino15/packages/MiniCore/hardware/avr/3.1.2/cores/MCUdude_corefiles/wiring.c:224
  SREG = oldSREG;
 526:	8f bf       	out	0x3f, r24	; 63
loop():
/home/blobinnit/github_repos/ATMega328/linefollowerznowymipinami/linefollowerznowymipinami.ino:71
  // test start
  // Pobieramy aktualny czas w milisekundach
  unsigned long aktualny_czas = millis();

  // Liczymy PID tylko jeśli minęło 5 milisekund (czyli 200 razy na sekundę)
  if (aktualny_czas - poprzedni_czas >= 5) {
 528:	80 91 1e 01 	lds	r24, 0x011E	; 0x80011e <poprzedni_czas>
 52c:	90 91 1f 01 	lds	r25, 0x011F	; 0x80011f <poprzedni_czas+0x1>
 530:	a0 91 20 01 	lds	r26, 0x0120	; 0x800120 <poprzedni_czas+0x2>
 534:	b0 91 21 01 	lds	r27, 0x0121	; 0x800121 <poprzedni_czas+0x3>
 538:	a3 01       	movw	r20, r6
 53a:	92 01       	movw	r18, r4
 53c:	28 1b       	sub	r18, r24
 53e:	39 0b       	sbc	r19, r25
 540:	4a 0b       	sbc	r20, r26
 542:	5b 0b       	sbc	r21, r27
 544:	da 01       	movw	r26, r20
 546:	c9 01       	movw	r24, r18
 548:	05 97       	sbiw	r24, 0x05	; 5
 54a:	a1 05       	cpc	r26, r1
 54c:	b1 05       	cpc	r27, r1
 54e:	08 f4       	brcc	.+2      	; 0x552 <__LOCK_REGION_LENGTH__+0x152>
 550:	7c c0       	rjmp	.+248    	; 0x64a <__LOCK_REGION_LENGTH__+0x24a>
/home/blobinnit/github_repos/ATMega328/linefollowerznowymipinami/linefollowerznowymipinami.ino:72
      calka = calka + blad;
 552:	00 91 22 01 	lds	r16, 0x0122	; 0x800122 <blad>
 556:	10 91 23 01 	lds	r17, 0x0123	; 0x800123 <blad+0x1>
 55a:	b8 01       	movw	r22, r16
 55c:	01 2e       	mov	r0, r17
 55e:	00 0c       	add	r0, r0
 560:	88 0b       	sbc	r24, r24
 562:	99 0b       	sbc	r25, r25
 564:	0e 94 75 04 	call	0x8ea	; 0x8ea <__floatsisf>
 568:	4b 01       	movw	r8, r22
 56a:	5c 01       	movw	r10, r24
 56c:	20 91 1a 01 	lds	r18, 0x011A	; 0x80011a <calka>
 570:	30 91 1b 01 	lds	r19, 0x011B	; 0x80011b <calka+0x1>
 574:	40 91 1c 01 	lds	r20, 0x011C	; 0x80011c <calka+0x2>
 578:	50 91 1d 01 	lds	r21, 0x011D	; 0x80011d <calka+0x3>
 57c:	0e 94 cc 03 	call	0x798	; 0x798 <__addsf3>
 580:	6b 01       	movw	r12, r22
 582:	7c 01       	movw	r14, r24
_Z9constrainIfiiEDTqultfp_fp0_fp0_qugtfp_fp1_fp1_fp_ERKT_RKT0_RKT1_():
/home/blobinnit/.arduino15/packages/MiniCore/hardware/avr/3.1.2/cores/MCUdude_corefiles/Arduino.h:345
    return rad * RAD_TO_DEG;
  }

  template<class T, class L, class H>
	auto constrain(const T& x, const L& l, const H& h) -> decltype((x < l) ? l : (x > h) ? h : x) {
		return (x < l) ? l : (x > h) ? h : x;
 584:	20 e0       	ldi	r18, 0x00	; 0
 586:	30 e8       	ldi	r19, 0x80	; 128
 588:	4b e3       	ldi	r20, 0x3B	; 59
 58a:	55 ec       	ldi	r21, 0xC5	; 197
 58c:	0e 94 38 04 	call	0x870	; 0x870 <__cmpsf2>
 590:	87 fd       	sbrc	r24, 7
 592:	d9 c0       	rjmp	.+434    	; 0x746 <__LOCK_REGION_LENGTH__+0x346>
 594:	20 e0       	ldi	r18, 0x00	; 0
 596:	30 e8       	ldi	r19, 0x80	; 128
 598:	4b e3       	ldi	r20, 0x3B	; 59
 59a:	55 e4       	ldi	r21, 0x45	; 69
 59c:	c7 01       	movw	r24, r14
 59e:	b6 01       	movw	r22, r12
 5a0:	0e 94 25 05 	call	0xa4a	; 0xa4a <__gesf2>
 5a4:	18 16       	cp	r1, r24
 5a6:	0c f4       	brge	.+2      	; 0x5aa <__LOCK_REGION_LENGTH__+0x1aa>
 5a8:	d6 c0       	rjmp	.+428    	; 0x756 <__LOCK_REGION_LENGTH__+0x356>
loop():
/home/blobinnit/github_repos/ATMega328/linefollowerznowymipinami/linefollowerznowymipinami.ino:73
      calka = constrain(calka, -3000, 3000);
 5aa:	c0 92 1a 01 	sts	0x011A, r12	; 0x80011a <calka>
 5ae:	d0 92 1b 01 	sts	0x011B, r13	; 0x80011b <calka+0x1>
 5b2:	e0 92 1c 01 	sts	0x011C, r14	; 0x80011c <calka+0x2>
 5b6:	f0 92 1d 01 	sts	0x011D, r15	; 0x80011d <calka+0x3>
/home/blobinnit/github_repos/ATMega328/linefollowerznowymipinami/linefollowerznowymipinami.ino:75

      int rozniczka = blad - poprzedni_blad;
 5ba:	80 91 18 01 	lds	r24, 0x0118	; 0x800118 <poprzedni_blad>
 5be:	90 91 19 01 	lds	r25, 0x0119	; 0x800119 <poprzedni_blad+0x1>
 5c2:	b8 01       	movw	r22, r16
 5c4:	68 1b       	sub	r22, r24
 5c6:	79 0b       	sbc	r23, r25
/home/blobinnit/github_repos/ATMega328/linefollowerznowymipinami/linefollowerznowymipinami.ino:77
      
      korekta = (Kp * blad) + (Ki * calka) + (Kd * rozniczka);
 5c8:	07 2e       	mov	r0, r23
 5ca:	00 0c       	add	r0, r0
 5cc:	88 0b       	sbc	r24, r24
 5ce:	99 0b       	sbc	r25, r25
 5d0:	0e 94 75 04 	call	0x8ea	; 0x8ea <__floatsisf>
 5d4:	20 e0       	ldi	r18, 0x00	; 0
 5d6:	30 e0       	ldi	r19, 0x00	; 0
 5d8:	40 e4       	ldi	r20, 0x40	; 64
 5da:	5f e3       	ldi	r21, 0x3F	; 63
 5dc:	0e 94 2a 05 	call	0xa54	; 0xa54 <__mulsf3>
 5e0:	6b 87       	std	Y+11, r22	; 0x0b
 5e2:	7c 87       	std	Y+12, r23	; 0x0c
 5e4:	8d 87       	std	Y+13, r24	; 0x0d
 5e6:	9e 87       	std	Y+14, r25	; 0x0e
 5e8:	2f e8       	ldi	r18, 0x8F	; 143
 5ea:	32 ec       	ldi	r19, 0xC2	; 194
 5ec:	45 e7       	ldi	r20, 0x75	; 117
 5ee:	5d e3       	ldi	r21, 0x3D	; 61
 5f0:	c5 01       	movw	r24, r10
 5f2:	b4 01       	movw	r22, r8
 5f4:	0e 94 2a 05 	call	0xa54	; 0xa54 <__mulsf3>
 5f8:	4b 01       	movw	r8, r22
 5fa:	5c 01       	movw	r10, r24
 5fc:	20 e0       	ldi	r18, 0x00	; 0
 5fe:	30 e0       	ldi	r19, 0x00	; 0
 600:	a9 01       	movw	r20, r18
 602:	c7 01       	movw	r24, r14
 604:	b6 01       	movw	r22, r12
 606:	0e 94 2a 05 	call	0xa54	; 0xa54 <__mulsf3>
 60a:	9b 01       	movw	r18, r22
 60c:	ac 01       	movw	r20, r24
 60e:	c5 01       	movw	r24, r10
 610:	b4 01       	movw	r22, r8
 612:	0e 94 cc 03 	call	0x798	; 0x798 <__addsf3>
 616:	9b 01       	movw	r18, r22
 618:	ac 01       	movw	r20, r24
 61a:	6b 85       	ldd	r22, Y+11	; 0x0b
 61c:	7c 85       	ldd	r23, Y+12	; 0x0c
 61e:	8d 85       	ldd	r24, Y+13	; 0x0d
 620:	9e 85       	ldd	r25, Y+14	; 0x0e
 622:	0e 94 cc 03 	call	0x798	; 0x798 <__addsf3>
 626:	0e 94 3d 04 	call	0x87a	; 0x87a <__fixsfsi>
 62a:	70 93 17 01 	sts	0x0117, r23	; 0x800117 <korekta+0x1>
 62e:	60 93 16 01 	sts	0x0116, r22	; 0x800116 <korekta>
/home/blobinnit/github_repos/ATMega328/linefollowerznowymipinami/linefollowerznowymipinami.ino:79
      
      poprzedni_blad = blad;
 632:	10 93 19 01 	sts	0x0119, r17	; 0x800119 <poprzedni_blad+0x1>
 636:	00 93 18 01 	sts	0x0118, r16	; 0x800118 <poprzedni_blad>
/home/blobinnit/github_repos/ATMega328/linefollowerznowymipinami/linefollowerznowymipinami.ino:80
      poprzedni_czas = aktualny_czas; // Zapisujemy czas do następnego sprawdzenia
 63a:	40 92 1e 01 	sts	0x011E, r4	; 0x80011e <poprzedni_czas>
 63e:	50 92 1f 01 	sts	0x011F, r5	; 0x80011f <poprzedni_czas+0x1>
 642:	60 92 20 01 	sts	0x0120, r6	; 0x800120 <poprzedni_czas+0x2>
 646:	70 92 21 01 	sts	0x0121, r7	; 0x800121 <poprzedni_czas+0x3>
/home/blobinnit/github_repos/ATMega328/linefollowerznowymipinami/linefollowerznowymipinami.ino:97
  // 0.5 - jest super
  float wspolczynnik = 0.4; 
  
  // Odejmujemy część korekty od prędkości maksymalnej.
  // Używamy abs(korekta), bo chcemy zwalniać niezależnie czy skręcamy w lewo czy w prawo.
  int aktualne_v = V_BAZA - (abs(korekta) * wspolczynnik);
 64a:	e0 90 16 01 	lds	r14, 0x0116	; 0x800116 <korekta>
 64e:	f0 90 17 01 	lds	r15, 0x0117	; 0x800117 <korekta+0x1>
 652:	b7 01       	movw	r22, r14
 654:	f7 fe       	sbrs	r15, 7
 656:	04 c0       	rjmp	.+8      	; 0x660 <__LOCK_REGION_LENGTH__+0x260>
 658:	66 27       	eor	r22, r22
 65a:	77 27       	eor	r23, r23
 65c:	6e 19       	sub	r22, r14
 65e:	7f 09       	sbc	r23, r15
 660:	07 2e       	mov	r0, r23
 662:	00 0c       	add	r0, r0
 664:	88 0b       	sbc	r24, r24
 666:	99 0b       	sbc	r25, r25
 668:	0e 94 75 04 	call	0x8ea	; 0x8ea <__floatsisf>
 66c:	2d ec       	ldi	r18, 0xCD	; 205
 66e:	3c ec       	ldi	r19, 0xCC	; 204
 670:	4c ec       	ldi	r20, 0xCC	; 204
 672:	5e e3       	ldi	r21, 0x3E	; 62
 674:	0e 94 2a 05 	call	0xa54	; 0xa54 <__mulsf3>
 678:	9b 01       	movw	r18, r22
 67a:	ac 01       	movw	r20, r24
 67c:	60 e0       	ldi	r22, 0x00	; 0
 67e:	70 e0       	ldi	r23, 0x00	; 0
 680:	8a e7       	ldi	r24, 0x7A	; 122
 682:	93 e4       	ldi	r25, 0x43	; 67
 684:	0e 94 cb 03 	call	0x796	; 0x796 <__subsf3>
 688:	0e 94 3d 04 	call	0x87a	; 0x87a <__fixsfsi>
 68c:	60 35       	cpi	r22, 0x50	; 80
 68e:	71 05       	cpc	r23, r1
 690:	14 f4       	brge	.+4      	; 0x696 <__LOCK_REGION_LENGTH__+0x296>
 692:	60 e5       	ldi	r22, 0x50	; 80
 694:	70 e0       	ldi	r23, 0x00	; 0
/home/blobinnit/github_repos/ATMega328/linefollowerznowymipinami/linefollowerznowymipinami.ino:107
  if (aktualne_v < 80) {
      aktualne_v = 80;
  }

  // Obliczamy ostateczną moc na koła używając nowej, bezpiecznej bazy
  int moc_lewy  = aktualne_v + korekta;
 696:	c7 01       	movw	r24, r14
 698:	86 0f       	add	r24, r22
 69a:	97 1f       	adc	r25, r23
/home/blobinnit/github_repos/ATMega328/linefollowerznowymipinami/linefollowerznowymipinami.ino:108
  int moc_prawy = aktualne_v - korekta;
 69c:	8b 01       	movw	r16, r22
 69e:	0e 19       	sub	r16, r14
 6a0:	1f 09       	sbc	r17, r15
 6a2:	6c 01       	movw	r12, r24
 6a4:	8f 3f       	cpi	r24, 0xFF	; 255
 6a6:	91 05       	cpc	r25, r1
 6a8:	21 f0       	breq	.+8      	; 0x6b2 <__LOCK_REGION_LENGTH__+0x2b2>
 6aa:	1c f0       	brlt	.+6      	; 0x6b2 <__LOCK_REGION_LENGTH__+0x2b2>
 6ac:	cc 24       	eor	r12, r12
 6ae:	ca 94       	dec	r12
 6b0:	d1 2c       	mov	r13, r1
 6b2:	31 e0       	ldi	r19, 0x01	; 1
 6b4:	c3 16       	cp	r12, r19
 6b6:	3f ef       	ldi	r19, 0xFF	; 255
 6b8:	d3 06       	cpc	r13, r19
 6ba:	24 f4       	brge	.+8      	; 0x6c4 <__LOCK_REGION_LENGTH__+0x2c4>
 6bc:	cc 24       	eor	r12, r12
 6be:	c3 94       	inc	r12
 6c0:	dd 24       	eor	r13, r13
 6c2:	da 94       	dec	r13
 6c4:	78 01       	movw	r14, r16
 6c6:	0f 3f       	cpi	r16, 0xFF	; 255
 6c8:	11 05       	cpc	r17, r1
 6ca:	21 f0       	breq	.+8      	; 0x6d4 <__LOCK_REGION_LENGTH__+0x2d4>
 6cc:	1c f0       	brlt	.+6      	; 0x6d4 <__LOCK_REGION_LENGTH__+0x2d4>
 6ce:	ee 24       	eor	r14, r14
 6d0:	ea 94       	dec	r14
 6d2:	f1 2c       	mov	r15, r1
 6d4:	41 e0       	ldi	r20, 0x01	; 1
 6d6:	e4 16       	cp	r14, r20
 6d8:	4f ef       	ldi	r20, 0xFF	; 255
 6da:	f4 06       	cpc	r15, r20
 6dc:	24 f4       	brge	.+8      	; 0x6e6 <__LOCK_REGION_LENGTH__+0x2e6>
 6de:	ee 24       	eor	r14, r14
 6e0:	e3 94       	inc	r14
 6e2:	ff 24       	eor	r15, r15
 6e4:	fa 94       	dec	r15
move():
/home/blobinnit/github_repos/ATMega328/linefollowerznowymipinami/linefollowerznowymipinami.ino:162

void move(int ml, int mp) {
  ml = constrain(ml, -255, 255);
  mp = constrain(mp, -255, 255);

  if (ml >= 0) {
 6e6:	97 fd       	sbrc	r25, 7
 6e8:	3e c0       	rjmp	.+124    	; 0x766 <__LOCK_REGION_LENGTH__+0x366>
/home/blobinnit/github_repos/ATMega328/linefollowerznowymipinami/linefollowerznowymipinami.ino:163
    digitalWrite(m_lewy_A, HIGH); digitalWrite(m_lewy_B, LOW);
 6ea:	61 e0       	ldi	r22, 0x01	; 1
 6ec:	82 e0       	ldi	r24, 0x02	; 2
 6ee:	0e 94 9f 00 	call	0x13e	; 0x13e <digitalWrite>
 6f2:	60 e0       	ldi	r22, 0x00	; 0
 6f4:	83 e0       	ldi	r24, 0x03	; 3
 6f6:	0e 94 9f 00 	call	0x13e	; 0x13e <digitalWrite>
/home/blobinnit/github_repos/ATMega328/linefollowerznowymipinami/linefollowerznowymipinami.ino:169
  } else {
    digitalWrite(m_lewy_A, LOW); digitalWrite(m_lewy_B, HIGH);
    ml = -ml;
  }

  if (mp >= 0) {
 6fa:	17 fd       	sbrc	r17, 7
 6fc:	40 c0       	rjmp	.+128    	; 0x77e <__LOCK_REGION_LENGTH__+0x37e>
/home/blobinnit/github_repos/ATMega328/linefollowerznowymipinami/linefollowerznowymipinami.ino:170
    digitalWrite(m_prawy_A, HIGH); digitalWrite(m_prawy_B, LOW);
 6fe:	61 e0       	ldi	r22, 0x01	; 1
 700:	88 e0       	ldi	r24, 0x08	; 8
 702:	0e 94 9f 00 	call	0x13e	; 0x13e <digitalWrite>
 706:	60 e0       	ldi	r22, 0x00	; 0
 708:	89 e0       	ldi	r24, 0x09	; 9
 70a:	0e 94 9f 00 	call	0x13e	; 0x13e <digitalWrite>
/home/blobinnit/github_repos/ATMega328/linefollowerznowymipinami/linefollowerznowymipinami.ino:176
  } else {
    digitalWrite(m_prawy_A, LOW); digitalWrite(m_prawy_B, HIGH);
    mp = -mp;
  }

  analogWrite(en_lewy, ml);
 70e:	b6 01       	movw	r22, r12
 710:	86 e0       	ldi	r24, 0x06	; 6
 712:	0e 94 eb 00 	call	0x1d6	; 0x1d6 <analogWrite>
/home/blobinnit/github_repos/ATMega328/linefollowerznowymipinami/linefollowerznowymipinami.ino:177
  analogWrite(en_prawy, mp);
 716:	b7 01       	movw	r22, r14
 718:	85 e0       	ldi	r24, 0x05	; 5
 71a:	0e 94 eb 00 	call	0x1d6	; 0x1d6 <analogWrite>
main():
/home/blobinnit/.arduino15/packages/MiniCore/hardware/avr/3.1.2/cores/MCUdude_corefiles/main.cpp:47
  
  setup();
    
  for (;;) {
    loop();
    if (serialEventRun) serialEventRun();
 71e:	80 e0       	ldi	r24, 0x00	; 0
 720:	90 e0       	ldi	r25, 0x00	; 0
 722:	89 2b       	or	r24, r25
 724:	09 f4       	brne	.+2      	; 0x728 <__LOCK_REGION_LENGTH__+0x328>
 726:	8e ce       	rjmp	.-740    	; 0x444 <__LOCK_REGION_LENGTH__+0x44>
 728:	0e 94 00 00 	call	0	; 0x0 <__vectors>
 72c:	8b ce       	rjmp	.-746    	; 0x444 <__LOCK_REGION_LENGTH__+0x44>
oblicz_pozycje():
/home/blobinnit/github_repos/ATMega328/linefollowerznowymipinami/linefollowerznowymipinami.ino:146
  // Zapisujemy kierunek TYLKO jeśli linia jest wyraźnie po jednej ze stron.
  // Ignorujemy małe wahania wokół zera (środka).
  if (pozycja < -500) {
      ostatni_kierunek = -1; // Linia jest zdecydowanie po lewej
  } 
  else if (pozycja > 500) {
 72e:	25 3f       	cpi	r18, 0xF5	; 245
 730:	a1 e0       	ldi	r26, 0x01	; 1
 732:	3a 07       	cpc	r19, r26
 734:	0c f4       	brge	.+2      	; 0x738 <__LOCK_REGION_LENGTH__+0x338>
 736:	e9 ce       	rjmp	.-558    	; 0x50a <__LOCK_REGION_LENGTH__+0x10a>
/home/blobinnit/github_repos/ATMega328/linefollowerznowymipinami/linefollowerznowymipinami.ino:147
      ostatni_kierunek = 1;  // Linia jest zdecydowanie po prawej
 738:	41 e0       	ldi	r20, 0x01	; 1
 73a:	50 e0       	ldi	r21, 0x00	; 0
 73c:	50 93 15 01 	sts	0x0115, r21	; 0x800115 <__data_end+0x1>
 740:	40 93 14 01 	sts	0x0114, r20	; 0x800114 <__data_end>
 744:	e2 ce       	rjmp	.-572    	; 0x50a <__LOCK_REGION_LENGTH__+0x10a>
main():
/home/blobinnit/.arduino15/packages/MiniCore/hardware/avr/3.1.2/cores/MCUdude_corefiles/Arduino.h:345
 746:	c1 2c       	mov	r12, r1
 748:	70 e8       	ldi	r23, 0x80	; 128
 74a:	d7 2e       	mov	r13, r23
 74c:	7b e3       	ldi	r23, 0x3B	; 59
 74e:	e7 2e       	mov	r14, r23
 750:	75 ec       	ldi	r23, 0xC5	; 197
 752:	f7 2e       	mov	r15, r23
 754:	2a cf       	rjmp	.-428    	; 0x5aa <__LOCK_REGION_LENGTH__+0x1aa>
 756:	c1 2c       	mov	r12, r1
 758:	60 e8       	ldi	r22, 0x80	; 128
 75a:	d6 2e       	mov	r13, r22
 75c:	6b e3       	ldi	r22, 0x3B	; 59
 75e:	e6 2e       	mov	r14, r22
 760:	65 e4       	ldi	r22, 0x45	; 69
 762:	f6 2e       	mov	r15, r22
 764:	22 cf       	rjmp	.-444    	; 0x5aa <__LOCK_REGION_LENGTH__+0x1aa>
move():
/home/blobinnit/github_repos/ATMega328/linefollowerznowymipinami/linefollowerznowymipinami.ino:165
  mp = constrain(mp, -255, 255);

  if (ml >= 0) {
    digitalWrite(m_lewy_A, HIGH); digitalWrite(m_lewy_B, LOW);
  } else {
    digitalWrite(m_lewy_A, LOW); digitalWrite(m_lewy_B, HIGH);
 766:	60 e0       	ldi	r22, 0x00	; 0
 768:	82 e0       	ldi	r24, 0x02	; 2
 76a:	0e 94 9f 00 	call	0x13e	; 0x13e <digitalWrite>
 76e:	61 e0       	ldi	r22, 0x01	; 1
 770:	83 e0       	ldi	r24, 0x03	; 3
 772:	0e 94 9f 00 	call	0x13e	; 0x13e <digitalWrite>
/home/blobinnit/github_repos/ATMega328/linefollowerznowymipinami/linefollowerznowymipinami.ino:166
    ml = -ml;
 776:	d1 94       	neg	r13
 778:	c1 94       	neg	r12
 77a:	d1 08       	sbc	r13, r1
 77c:	be cf       	rjmp	.-132    	; 0x6fa <__LOCK_REGION_LENGTH__+0x2fa>
/home/blobinnit/github_repos/ATMega328/linefollowerznowymipinami/linefollowerznowymipinami.ino:172
  }

  if (mp >= 0) {
    digitalWrite(m_prawy_A, HIGH); digitalWrite(m_prawy_B, LOW);
  } else {
    digitalWrite(m_prawy_A, LOW); digitalWrite(m_prawy_B, HIGH);
 77e:	60 e0       	ldi	r22, 0x00	; 0
 780:	88 e0       	ldi	r24, 0x08	; 8
 782:	0e 94 9f 00 	call	0x13e	; 0x13e <digitalWrite>
 786:	61 e0       	ldi	r22, 0x01	; 1
 788:	89 e0       	ldi	r24, 0x09	; 9
 78a:	0e 94 9f 00 	call	0x13e	; 0x13e <digitalWrite>
/home/blobinnit/github_repos/ATMega328/linefollowerznowymipinami/linefollowerznowymipinami.ino:173
    mp = -mp;
 78e:	f1 94       	neg	r15
 790:	e1 94       	neg	r14
 792:	f1 08       	sbc	r15, r1
 794:	bc cf       	rjmp	.-136    	; 0x70e <__LOCK_REGION_LENGTH__+0x30e>

00000796 <__subsf3>:
__subsf3():
 796:	50 58       	subi	r21, 0x80	; 128

00000798 <__addsf3>:
 798:	bb 27       	eor	r27, r27
 79a:	aa 27       	eor	r26, r26
 79c:	0e 94 e3 03 	call	0x7c6	; 0x7c6 <__addsf3x>
 7a0:	0c 94 eb 04 	jmp	0x9d6	; 0x9d6 <__fp_round>
__addsf3():
 7a4:	0e 94 dd 04 	call	0x9ba	; 0x9ba <__fp_pscA>
 7a8:	38 f0       	brcs	.+14     	; 0x7b8 <__addsf3+0x20>
 7aa:	0e 94 e4 04 	call	0x9c8	; 0x9c8 <__fp_pscB>
 7ae:	20 f0       	brcs	.+8      	; 0x7b8 <__addsf3+0x20>
 7b0:	39 f4       	brne	.+14     	; 0x7c0 <__addsf3+0x28>
 7b2:	9f 3f       	cpi	r25, 0xFF	; 255
 7b4:	19 f4       	brne	.+6      	; 0x7bc <__addsf3+0x24>
 7b6:	26 f4       	brtc	.+8      	; 0x7c0 <__addsf3+0x28>
 7b8:	0c 94 da 04 	jmp	0x9b4	; 0x9b4 <__fp_nan>
 7bc:	0e f4       	brtc	.+2      	; 0x7c0 <__addsf3+0x28>
 7be:	e0 95       	com	r30
 7c0:	e7 fb       	bst	r30, 7
 7c2:	0c 94 d4 04 	jmp	0x9a8	; 0x9a8 <__fp_inf>

000007c6 <__addsf3x>:
__addsf3x():
 7c6:	e9 2f       	mov	r30, r25
 7c8:	0e 94 fc 04 	call	0x9f8	; 0x9f8 <__fp_split3>
 7cc:	58 f3       	brcs	.-42     	; 0x7a4 <__addsf3+0xc>
 7ce:	ba 17       	cp	r27, r26
 7d0:	62 07       	cpc	r22, r18
 7d2:	73 07       	cpc	r23, r19
 7d4:	84 07       	cpc	r24, r20
 7d6:	95 07       	cpc	r25, r21
 7d8:	20 f0       	brcs	.+8      	; 0x7e2 <__addsf3x+0x1c>
 7da:	79 f4       	brne	.+30     	; 0x7fa <__addsf3x+0x34>
 7dc:	a6 f5       	brtc	.+104    	; 0x846 <__addsf3x+0x80>
 7de:	0c 94 1e 05 	jmp	0xa3c	; 0xa3c <__fp_zero>
 7e2:	0e f4       	brtc	.+2      	; 0x7e6 <__addsf3x+0x20>
 7e4:	e0 95       	com	r30
 7e6:	0b 2e       	mov	r0, r27
 7e8:	ba 2f       	mov	r27, r26
 7ea:	a0 2d       	mov	r26, r0
 7ec:	0b 01       	movw	r0, r22
 7ee:	b9 01       	movw	r22, r18
 7f0:	90 01       	movw	r18, r0
 7f2:	0c 01       	movw	r0, r24
 7f4:	ca 01       	movw	r24, r20
 7f6:	a0 01       	movw	r20, r0
 7f8:	11 24       	eor	r1, r1
 7fa:	ff 27       	eor	r31, r31
 7fc:	59 1b       	sub	r21, r25
 7fe:	99 f0       	breq	.+38     	; 0x826 <__addsf3x+0x60>
 800:	59 3f       	cpi	r21, 0xF9	; 249
 802:	50 f4       	brcc	.+20     	; 0x818 <__addsf3x+0x52>
 804:	50 3e       	cpi	r21, 0xE0	; 224
 806:	68 f1       	brcs	.+90     	; 0x862 <__addsf3x+0x9c>
 808:	1a 16       	cp	r1, r26
 80a:	f0 40       	sbci	r31, 0x00	; 0
 80c:	a2 2f       	mov	r26, r18
 80e:	23 2f       	mov	r18, r19
 810:	34 2f       	mov	r19, r20
 812:	44 27       	eor	r20, r20
 814:	58 5f       	subi	r21, 0xF8	; 248
 816:	f3 cf       	rjmp	.-26     	; 0x7fe <__addsf3x+0x38>
 818:	46 95       	lsr	r20
 81a:	37 95       	ror	r19
 81c:	27 95       	ror	r18
 81e:	a7 95       	ror	r26
 820:	f0 40       	sbci	r31, 0x00	; 0
 822:	53 95       	inc	r21
 824:	c9 f7       	brne	.-14     	; 0x818 <__addsf3x+0x52>
 826:	7e f4       	brtc	.+30     	; 0x846 <__addsf3x+0x80>
 828:	1f 16       	cp	r1, r31
 82a:	ba 0b       	sbc	r27, r26
 82c:	62 0b       	sbc	r22, r18
 82e:	73 0b       	sbc	r23, r19
 830:	84 0b       	sbc	r24, r20
 832:	ba f0       	brmi	.+46     	; 0x862 <__addsf3x+0x9c>
 834:	91 50       	subi	r25, 0x01	; 1
 836:	a1 f0       	breq	.+40     	; 0x860 <__addsf3x+0x9a>
 838:	ff 0f       	add	r31, r31
 83a:	bb 1f       	adc	r27, r27
 83c:	66 1f       	adc	r22, r22
 83e:	77 1f       	adc	r23, r23
 840:	88 1f       	adc	r24, r24
 842:	c2 f7       	brpl	.-16     	; 0x834 <__addsf3x+0x6e>
 844:	0e c0       	rjmp	.+28     	; 0x862 <__addsf3x+0x9c>
 846:	ba 0f       	add	r27, r26
 848:	62 1f       	adc	r22, r18
 84a:	73 1f       	adc	r23, r19
 84c:	84 1f       	adc	r24, r20
 84e:	48 f4       	brcc	.+18     	; 0x862 <__addsf3x+0x9c>
 850:	87 95       	ror	r24
 852:	77 95       	ror	r23
 854:	67 95       	ror	r22
 856:	b7 95       	ror	r27
 858:	f7 95       	ror	r31
 85a:	9e 3f       	cpi	r25, 0xFE	; 254
 85c:	08 f0       	brcs	.+2      	; 0x860 <__addsf3x+0x9a>
 85e:	b0 cf       	rjmp	.-160    	; 0x7c0 <__addsf3+0x28>
 860:	93 95       	inc	r25
 862:	88 0f       	add	r24, r24
 864:	08 f0       	brcs	.+2      	; 0x868 <__addsf3x+0xa2>
 866:	99 27       	eor	r25, r25
 868:	ee 0f       	add	r30, r30
 86a:	97 95       	ror	r25
 86c:	87 95       	ror	r24
 86e:	08 95       	ret

00000870 <__cmpsf2>:
 870:	0e 94 b0 04 	call	0x960	; 0x960 <__fp_cmp>
 874:	08 f4       	brcc	.+2      	; 0x878 <__cmpsf2+0x8>
 876:	81 e0       	ldi	r24, 0x01	; 1
 878:	08 95       	ret

0000087a <__fixsfsi>:
 87a:	0e 94 44 04 	call	0x888	; 0x888 <__fixunssfsi>
 87e:	68 94       	set
 880:	b1 11       	cpse	r27, r1
 882:	0c 94 1f 05 	jmp	0xa3e	; 0xa3e <__fp_szero>
 886:	08 95       	ret

00000888 <__fixunssfsi>:
 888:	0e 94 04 05 	call	0xa08	; 0xa08 <__fp_splitA>
 88c:	88 f0       	brcs	.+34     	; 0x8b0 <__fixunssfsi+0x28>
 88e:	9f 57       	subi	r25, 0x7F	; 127
 890:	98 f0       	brcs	.+38     	; 0x8b8 <__fixunssfsi+0x30>
__fixunssfsi():
 892:	b9 2f       	mov	r27, r25
 894:	99 27       	eor	r25, r25
 896:	b7 51       	subi	r27, 0x17	; 23
 898:	b0 f0       	brcs	.+44     	; 0x8c6 <__fixunssfsi+0x3e>
 89a:	e1 f0       	breq	.+56     	; 0x8d4 <__fixunssfsi+0x4c>
 89c:	66 0f       	add	r22, r22
 89e:	77 1f       	adc	r23, r23
 8a0:	88 1f       	adc	r24, r24
 8a2:	99 1f       	adc	r25, r25
 8a4:	1a f0       	brmi	.+6      	; 0x8ac <__fixunssfsi+0x24>
 8a6:	ba 95       	dec	r27
 8a8:	c9 f7       	brne	.-14     	; 0x89c <__fixunssfsi+0x14>
 8aa:	14 c0       	rjmp	.+40     	; 0x8d4 <__fixunssfsi+0x4c>
 8ac:	b1 30       	cpi	r27, 0x01	; 1
 8ae:	91 f0       	breq	.+36     	; 0x8d4 <__fixunssfsi+0x4c>
 8b0:	0e 94 1e 05 	call	0xa3c	; 0xa3c <__fp_zero>
 8b4:	b1 e0       	ldi	r27, 0x01	; 1
 8b6:	08 95       	ret
 8b8:	0c 94 1e 05 	jmp	0xa3c	; 0xa3c <__fp_zero>
 8bc:	67 2f       	mov	r22, r23
 8be:	78 2f       	mov	r23, r24
 8c0:	88 27       	eor	r24, r24
 8c2:	b8 5f       	subi	r27, 0xF8	; 248
 8c4:	39 f0       	breq	.+14     	; 0x8d4 <__fixunssfsi+0x4c>
 8c6:	b9 3f       	cpi	r27, 0xF9	; 249
 8c8:	cc f3       	brlt	.-14     	; 0x8bc <__fixunssfsi+0x34>
 8ca:	86 95       	lsr	r24
 8cc:	77 95       	ror	r23
 8ce:	67 95       	ror	r22
 8d0:	b3 95       	inc	r27
 8d2:	d9 f7       	brne	.-10     	; 0x8ca <__fixunssfsi+0x42>
 8d4:	3e f4       	brtc	.+14     	; 0x8e4 <__fixunssfsi+0x5c>
 8d6:	90 95       	com	r25
 8d8:	80 95       	com	r24
 8da:	70 95       	com	r23
 8dc:	61 95       	neg	r22
 8de:	7f 4f       	sbci	r23, 0xFF	; 255
 8e0:	8f 4f       	sbci	r24, 0xFF	; 255
 8e2:	9f 4f       	sbci	r25, 0xFF	; 255
 8e4:	08 95       	ret

000008e6 <__floatunsisf>:
__floatunsisf():
 8e6:	e8 94       	clt
 8e8:	09 c0       	rjmp	.+18     	; 0x8fc <__floatsisf+0x12>

000008ea <__floatsisf>:
 8ea:	97 fb       	bst	r25, 7
 8ec:	3e f4       	brtc	.+14     	; 0x8fc <__floatsisf+0x12>
 8ee:	90 95       	com	r25
 8f0:	80 95       	com	r24
 8f2:	70 95       	com	r23
 8f4:	61 95       	neg	r22
 8f6:	7f 4f       	sbci	r23, 0xFF	; 255
 8f8:	8f 4f       	sbci	r24, 0xFF	; 255
 8fa:	9f 4f       	sbci	r25, 0xFF	; 255
 8fc:	99 23       	and	r25, r25
 8fe:	a9 f0       	breq	.+42     	; 0x92a <__stack+0x2b>
 900:	f9 2f       	mov	r31, r25
 902:	96 e9       	ldi	r25, 0x96	; 150
 904:	bb 27       	eor	r27, r27
 906:	93 95       	inc	r25
 908:	f6 95       	lsr	r31
 90a:	87 95       	ror	r24
 90c:	77 95       	ror	r23
 90e:	67 95       	ror	r22
 910:	b7 95       	ror	r27
 912:	f1 11       	cpse	r31, r1
 914:	f8 cf       	rjmp	.-16     	; 0x906 <__stack+0x7>
 916:	fa f4       	brpl	.+62     	; 0x956 <__stack+0x57>
 918:	bb 0f       	add	r27, r27
 91a:	11 f4       	brne	.+4      	; 0x920 <__stack+0x21>
 91c:	60 ff       	sbrs	r22, 0
 91e:	1b c0       	rjmp	.+54     	; 0x956 <__stack+0x57>
 920:	6f 5f       	subi	r22, 0xFF	; 255
 922:	7f 4f       	sbci	r23, 0xFF	; 255
 924:	8f 4f       	sbci	r24, 0xFF	; 255
 926:	9f 4f       	sbci	r25, 0xFF	; 255
 928:	16 c0       	rjmp	.+44     	; 0x956 <__stack+0x57>
 92a:	88 23       	and	r24, r24
 92c:	11 f0       	breq	.+4      	; 0x932 <__stack+0x33>
 92e:	96 e9       	ldi	r25, 0x96	; 150
 930:	11 c0       	rjmp	.+34     	; 0x954 <__stack+0x55>
 932:	77 23       	and	r23, r23
 934:	21 f0       	breq	.+8      	; 0x93e <__stack+0x3f>
 936:	9e e8       	ldi	r25, 0x8E	; 142
 938:	87 2f       	mov	r24, r23
 93a:	76 2f       	mov	r23, r22
 93c:	05 c0       	rjmp	.+10     	; 0x948 <__stack+0x49>
 93e:	66 23       	and	r22, r22
 940:	71 f0       	breq	.+28     	; 0x95e <__stack+0x5f>
 942:	96 e8       	ldi	r25, 0x86	; 134
 944:	86 2f       	mov	r24, r22
 946:	70 e0       	ldi	r23, 0x00	; 0
 948:	60 e0       	ldi	r22, 0x00	; 0
 94a:	2a f0       	brmi	.+10     	; 0x956 <__stack+0x57>
 94c:	9a 95       	dec	r25
 94e:	66 0f       	add	r22, r22
 950:	77 1f       	adc	r23, r23
 952:	88 1f       	adc	r24, r24
 954:	da f7       	brpl	.-10     	; 0x94c <__stack+0x4d>
 956:	88 0f       	add	r24, r24
 958:	96 95       	lsr	r25
 95a:	87 95       	ror	r24
 95c:	97 f9       	bld	r25, 7
 95e:	08 95       	ret

00000960 <__fp_cmp>:
__fp_cmp():
 960:	99 0f       	add	r25, r25
 962:	00 08       	sbc	r0, r0
 964:	55 0f       	add	r21, r21
 966:	aa 0b       	sbc	r26, r26
 968:	e0 e8       	ldi	r30, 0x80	; 128
 96a:	fe ef       	ldi	r31, 0xFE	; 254
 96c:	16 16       	cp	r1, r22
 96e:	17 06       	cpc	r1, r23
 970:	e8 07       	cpc	r30, r24
 972:	f9 07       	cpc	r31, r25
 974:	c0 f0       	brcs	.+48     	; 0x9a6 <__fp_cmp+0x46>
 976:	12 16       	cp	r1, r18
 978:	13 06       	cpc	r1, r19
 97a:	e4 07       	cpc	r30, r20
 97c:	f5 07       	cpc	r31, r21
 97e:	98 f0       	brcs	.+38     	; 0x9a6 <__fp_cmp+0x46>
 980:	62 1b       	sub	r22, r18
 982:	73 0b       	sbc	r23, r19
 984:	84 0b       	sbc	r24, r20
 986:	95 0b       	sbc	r25, r21
 988:	39 f4       	brne	.+14     	; 0x998 <__fp_cmp+0x38>
 98a:	0a 26       	eor	r0, r26
 98c:	61 f0       	breq	.+24     	; 0x9a6 <__fp_cmp+0x46>
 98e:	23 2b       	or	r18, r19
 990:	24 2b       	or	r18, r20
 992:	25 2b       	or	r18, r21
 994:	21 f4       	brne	.+8      	; 0x99e <__fp_cmp+0x3e>
 996:	08 95       	ret
 998:	0a 26       	eor	r0, r26
 99a:	09 f4       	brne	.+2      	; 0x99e <__fp_cmp+0x3e>
 99c:	a1 40       	sbci	r26, 0x01	; 1
 99e:	a6 95       	lsr	r26
 9a0:	8f ef       	ldi	r24, 0xFF	; 255
 9a2:	81 1d       	adc	r24, r1
 9a4:	81 1d       	adc	r24, r1
 9a6:	08 95       	ret

000009a8 <__fp_inf>:
__fp_inf():
 9a8:	97 f9       	bld	r25, 7
 9aa:	9f 67       	ori	r25, 0x7F	; 127
 9ac:	80 e8       	ldi	r24, 0x80	; 128
 9ae:	70 e0       	ldi	r23, 0x00	; 0
 9b0:	60 e0       	ldi	r22, 0x00	; 0
 9b2:	08 95       	ret

000009b4 <__fp_nan>:
__fp_nan():
 9b4:	9f ef       	ldi	r25, 0xFF	; 255
 9b6:	80 ec       	ldi	r24, 0xC0	; 192
 9b8:	08 95       	ret

000009ba <__fp_pscA>:
__fp_pscA():
 9ba:	00 24       	eor	r0, r0
 9bc:	0a 94       	dec	r0
 9be:	16 16       	cp	r1, r22
 9c0:	17 06       	cpc	r1, r23
 9c2:	18 06       	cpc	r1, r24
 9c4:	09 06       	cpc	r0, r25
 9c6:	08 95       	ret

000009c8 <__fp_pscB>:
__fp_pscB():
 9c8:	00 24       	eor	r0, r0
 9ca:	0a 94       	dec	r0
 9cc:	12 16       	cp	r1, r18
 9ce:	13 06       	cpc	r1, r19
 9d0:	14 06       	cpc	r1, r20
 9d2:	05 06       	cpc	r0, r21
 9d4:	08 95       	ret

000009d6 <__fp_round>:
__fp_round():
 9d6:	09 2e       	mov	r0, r25
 9d8:	03 94       	inc	r0
 9da:	00 0c       	add	r0, r0
 9dc:	11 f4       	brne	.+4      	; 0x9e2 <__fp_round+0xc>
 9de:	88 23       	and	r24, r24
 9e0:	52 f0       	brmi	.+20     	; 0x9f6 <__fp_round+0x20>
 9e2:	bb 0f       	add	r27, r27
 9e4:	40 f4       	brcc	.+16     	; 0x9f6 <__fp_round+0x20>
 9e6:	bf 2b       	or	r27, r31
 9e8:	11 f4       	brne	.+4      	; 0x9ee <__fp_round+0x18>
 9ea:	60 ff       	sbrs	r22, 0
 9ec:	04 c0       	rjmp	.+8      	; 0x9f6 <__fp_round+0x20>
 9ee:	6f 5f       	subi	r22, 0xFF	; 255
 9f0:	7f 4f       	sbci	r23, 0xFF	; 255
 9f2:	8f 4f       	sbci	r24, 0xFF	; 255
 9f4:	9f 4f       	sbci	r25, 0xFF	; 255
 9f6:	08 95       	ret

000009f8 <__fp_split3>:
__fp_split3():
 9f8:	57 fd       	sbrc	r21, 7
 9fa:	90 58       	subi	r25, 0x80	; 128
 9fc:	44 0f       	add	r20, r20
 9fe:	55 1f       	adc	r21, r21
 a00:	59 f0       	breq	.+22     	; 0xa18 <__fp_splitA+0x10>
 a02:	5f 3f       	cpi	r21, 0xFF	; 255
 a04:	71 f0       	breq	.+28     	; 0xa22 <__fp_splitA+0x1a>
 a06:	47 95       	ror	r20

00000a08 <__fp_splitA>:
 a08:	88 0f       	add	r24, r24
 a0a:	97 fb       	bst	r25, 7
 a0c:	99 1f       	adc	r25, r25
 a0e:	61 f0       	breq	.+24     	; 0xa28 <__fp_splitA+0x20>
 a10:	9f 3f       	cpi	r25, 0xFF	; 255
 a12:	79 f0       	breq	.+30     	; 0xa32 <__fp_splitA+0x2a>
 a14:	87 95       	ror	r24
 a16:	08 95       	ret
 a18:	12 16       	cp	r1, r18
 a1a:	13 06       	cpc	r1, r19
 a1c:	14 06       	cpc	r1, r20
 a1e:	55 1f       	adc	r21, r21
 a20:	f2 cf       	rjmp	.-28     	; 0xa06 <__fp_split3+0xe>
 a22:	46 95       	lsr	r20
 a24:	f1 df       	rcall	.-30     	; 0xa08 <__fp_splitA>
 a26:	08 c0       	rjmp	.+16     	; 0xa38 <__fp_splitA+0x30>
 a28:	16 16       	cp	r1, r22
 a2a:	17 06       	cpc	r1, r23
 a2c:	18 06       	cpc	r1, r24
 a2e:	99 1f       	adc	r25, r25
 a30:	f1 cf       	rjmp	.-30     	; 0xa14 <__fp_splitA+0xc>
 a32:	86 95       	lsr	r24
 a34:	71 05       	cpc	r23, r1
 a36:	61 05       	cpc	r22, r1
 a38:	08 94       	sec
 a3a:	08 95       	ret

00000a3c <__fp_zero>:
__fp_zero():
 a3c:	e8 94       	clt

00000a3e <__fp_szero>:
 a3e:	bb 27       	eor	r27, r27
 a40:	66 27       	eor	r22, r22
 a42:	77 27       	eor	r23, r23
 a44:	cb 01       	movw	r24, r22
 a46:	97 f9       	bld	r25, 7
 a48:	08 95       	ret

00000a4a <__gesf2>:
__gesf2():
 a4a:	0e 94 b0 04 	call	0x960	; 0x960 <__fp_cmp>
 a4e:	08 f4       	brcc	.+2      	; 0xa52 <__gesf2+0x8>
 a50:	8f ef       	ldi	r24, 0xFF	; 255
 a52:	08 95       	ret

00000a54 <__mulsf3>:
__mulsf3():
 a54:	0e 94 3d 05 	call	0xa7a	; 0xa7a <__mulsf3x>
 a58:	0c 94 eb 04 	jmp	0x9d6	; 0x9d6 <__fp_round>
 a5c:	0e 94 dd 04 	call	0x9ba	; 0x9ba <__fp_pscA>
 a60:	38 f0       	brcs	.+14     	; 0xa70 <__mulsf3+0x1c>
 a62:	0e 94 e4 04 	call	0x9c8	; 0x9c8 <__fp_pscB>
 a66:	20 f0       	brcs	.+8      	; 0xa70 <__mulsf3+0x1c>
 a68:	95 23       	and	r25, r21
 a6a:	11 f0       	breq	.+4      	; 0xa70 <__mulsf3+0x1c>
 a6c:	0c 94 d4 04 	jmp	0x9a8	; 0x9a8 <__fp_inf>
 a70:	0c 94 da 04 	jmp	0x9b4	; 0x9b4 <__fp_nan>
 a74:	11 24       	eor	r1, r1
 a76:	0c 94 1f 05 	jmp	0xa3e	; 0xa3e <__fp_szero>

00000a7a <__mulsf3x>:
__mulsf3x():
 a7a:	0e 94 fc 04 	call	0x9f8	; 0x9f8 <__fp_split3>
 a7e:	70 f3       	brcs	.-36     	; 0xa5c <__mulsf3+0x8>

00000a80 <__mulsf3_pse>:
 a80:	95 9f       	mul	r25, r21
 a82:	c1 f3       	breq	.-16     	; 0xa74 <__mulsf3+0x20>
 a84:	95 0f       	add	r25, r21
 a86:	50 e0       	ldi	r21, 0x00	; 0
 a88:	55 1f       	adc	r21, r21
 a8a:	62 9f       	mul	r22, r18
 a8c:	f0 01       	movw	r30, r0
 a8e:	72 9f       	mul	r23, r18
 a90:	bb 27       	eor	r27, r27
 a92:	f0 0d       	add	r31, r0
 a94:	b1 1d       	adc	r27, r1
 a96:	63 9f       	mul	r22, r19
 a98:	aa 27       	eor	r26, r26
 a9a:	f0 0d       	add	r31, r0
 a9c:	b1 1d       	adc	r27, r1
 a9e:	aa 1f       	adc	r26, r26
 aa0:	64 9f       	mul	r22, r20
 aa2:	66 27       	eor	r22, r22
 aa4:	b0 0d       	add	r27, r0
 aa6:	a1 1d       	adc	r26, r1
 aa8:	66 1f       	adc	r22, r22
 aaa:	82 9f       	mul	r24, r18
 aac:	22 27       	eor	r18, r18
 aae:	b0 0d       	add	r27, r0
 ab0:	a1 1d       	adc	r26, r1
 ab2:	62 1f       	adc	r22, r18
 ab4:	73 9f       	mul	r23, r19
 ab6:	b0 0d       	add	r27, r0
 ab8:	a1 1d       	adc	r26, r1
 aba:	62 1f       	adc	r22, r18
 abc:	83 9f       	mul	r24, r19
 abe:	a0 0d       	add	r26, r0
 ac0:	61 1d       	adc	r22, r1
 ac2:	22 1f       	adc	r18, r18
 ac4:	74 9f       	mul	r23, r20
 ac6:	33 27       	eor	r19, r19
 ac8:	a0 0d       	add	r26, r0
 aca:	61 1d       	adc	r22, r1
 acc:	23 1f       	adc	r18, r19
 ace:	84 9f       	mul	r24, r20
 ad0:	60 0d       	add	r22, r0
 ad2:	21 1d       	adc	r18, r1
 ad4:	82 2f       	mov	r24, r18
 ad6:	76 2f       	mov	r23, r22
 ad8:	6a 2f       	mov	r22, r26
 ada:	11 24       	eor	r1, r1
 adc:	9f 57       	subi	r25, 0x7F	; 127
 ade:	50 40       	sbci	r21, 0x00	; 0
 ae0:	9a f0       	brmi	.+38     	; 0xb08 <__mulsf3_pse+0x88>
 ae2:	f1 f0       	breq	.+60     	; 0xb20 <__mulsf3_pse+0xa0>
 ae4:	88 23       	and	r24, r24
 ae6:	4a f0       	brmi	.+18     	; 0xafa <__mulsf3_pse+0x7a>
 ae8:	ee 0f       	add	r30, r30
 aea:	ff 1f       	adc	r31, r31
 aec:	bb 1f       	adc	r27, r27
 aee:	66 1f       	adc	r22, r22
 af0:	77 1f       	adc	r23, r23
 af2:	88 1f       	adc	r24, r24
 af4:	91 50       	subi	r25, 0x01	; 1
 af6:	50 40       	sbci	r21, 0x00	; 0
 af8:	a9 f7       	brne	.-22     	; 0xae4 <__mulsf3_pse+0x64>
 afa:	9e 3f       	cpi	r25, 0xFE	; 254
 afc:	51 05       	cpc	r21, r1
 afe:	80 f0       	brcs	.+32     	; 0xb20 <__mulsf3_pse+0xa0>
 b00:	0c 94 d4 04 	jmp	0x9a8	; 0x9a8 <__fp_inf>
 b04:	0c 94 1f 05 	jmp	0xa3e	; 0xa3e <__fp_szero>
 b08:	5f 3f       	cpi	r21, 0xFF	; 255
 b0a:	e4 f3       	brlt	.-8      	; 0xb04 <__mulsf3_pse+0x84>
 b0c:	98 3e       	cpi	r25, 0xE8	; 232
 b0e:	d4 f3       	brlt	.-12     	; 0xb04 <__mulsf3_pse+0x84>
 b10:	86 95       	lsr	r24
 b12:	77 95       	ror	r23
 b14:	67 95       	ror	r22
 b16:	b7 95       	ror	r27
 b18:	f7 95       	ror	r31
 b1a:	e7 95       	ror	r30
 b1c:	9f 5f       	subi	r25, 0xFF	; 255
 b1e:	c1 f7       	brne	.-16     	; 0xb10 <__mulsf3_pse+0x90>
 b20:	fe 2b       	or	r31, r30
 b22:	88 0f       	add	r24, r24
 b24:	91 1d       	adc	r25, r1
 b26:	96 95       	lsr	r25
 b28:	87 95       	ror	r24
 b2a:	97 f9       	bld	r25, 7
 b2c:	08 95       	ret

00000b2e <__divmodsi4>:
/home/jenkins/workspace/avr-gcc-staging/label/debian7-x86_64/gcc-build/avr/avr5/libgcc/../../../../gcc/libgcc/config/avr/lib1funcs.S:1686
 b2e:	05 2e       	mov	r0, r21
/home/jenkins/workspace/avr-gcc-staging/label/debian7-x86_64/gcc-build/avr/avr5/libgcc/../../../../gcc/libgcc/config/avr/lib1funcs.S:1687
 b30:	97 fb       	bst	r25, 7
/home/jenkins/workspace/avr-gcc-staging/label/debian7-x86_64/gcc-build/avr/avr5/libgcc/../../../../gcc/libgcc/config/avr/lib1funcs.S:1688
 b32:	1e f4       	brtc	.+6      	; 0xb3a <__divmodsi4+0xc>
/home/jenkins/workspace/avr-gcc-staging/label/debian7-x86_64/gcc-build/avr/avr5/libgcc/../../../../gcc/libgcc/config/avr/lib1funcs.S:1689
 b34:	00 94       	com	r0
/home/jenkins/workspace/avr-gcc-staging/label/debian7-x86_64/gcc-build/avr/avr5/libgcc/../../../../gcc/libgcc/config/avr/lib1funcs.S:1690
 b36:	0e 94 ae 05 	call	0xb5c	; 0xb5c <__negsi2>
/home/jenkins/workspace/avr-gcc-staging/label/debian7-x86_64/gcc-build/avr/avr5/libgcc/../../../../gcc/libgcc/config/avr/lib1funcs.S:1692
 b3a:	57 fd       	sbrc	r21, 7
/home/jenkins/workspace/avr-gcc-staging/label/debian7-x86_64/gcc-build/avr/avr5/libgcc/../../../../gcc/libgcc/config/avr/lib1funcs.S:1693
 b3c:	07 d0       	rcall	.+14     	; 0xb4c <__divmodsi4_neg2>
/home/jenkins/workspace/avr-gcc-staging/label/debian7-x86_64/gcc-build/avr/avr5/libgcc/../../../../gcc/libgcc/config/avr/lib1funcs.S:1694
 b3e:	0e 94 b6 05 	call	0xb6c	; 0xb6c <__udivmodsi4>
/home/jenkins/workspace/avr-gcc-staging/label/debian7-x86_64/gcc-build/avr/avr5/libgcc/../../../../gcc/libgcc/config/avr/lib1funcs.S:1695
 b42:	07 fc       	sbrc	r0, 7
/home/jenkins/workspace/avr-gcc-staging/label/debian7-x86_64/gcc-build/avr/avr5/libgcc/../../../../gcc/libgcc/config/avr/lib1funcs.S:1696
 b44:	03 d0       	rcall	.+6      	; 0xb4c <__divmodsi4_neg2>
/home/jenkins/workspace/avr-gcc-staging/label/debian7-x86_64/gcc-build/avr/avr5/libgcc/../../../../gcc/libgcc/config/avr/lib1funcs.S:1697
 b46:	4e f4       	brtc	.+18     	; 0xb5a <__divmodsi4_exit>
/home/jenkins/workspace/avr-gcc-staging/label/debian7-x86_64/gcc-build/avr/avr5/libgcc/../../../../gcc/libgcc/config/avr/lib1funcs.S:1698
 b48:	0c 94 ae 05 	jmp	0xb5c	; 0xb5c <__negsi2>

00000b4c <__divmodsi4_neg2>:
__divmodsi4_neg2():
/home/jenkins/workspace/avr-gcc-staging/label/debian7-x86_64/gcc-build/avr/avr5/libgcc/../../../../gcc/libgcc/config/avr/lib1funcs.S:1701
 b4c:	50 95       	com	r21
/home/jenkins/workspace/avr-gcc-staging/label/debian7-x86_64/gcc-build/avr/avr5/libgcc/../../../../gcc/libgcc/config/avr/lib1funcs.S:1702
 b4e:	40 95       	com	r20
/home/jenkins/workspace/avr-gcc-staging/label/debian7-x86_64/gcc-build/avr/avr5/libgcc/../../../../gcc/libgcc/config/avr/lib1funcs.S:1703
 b50:	30 95       	com	r19
/home/jenkins/workspace/avr-gcc-staging/label/debian7-x86_64/gcc-build/avr/avr5/libgcc/../../../../gcc/libgcc/config/avr/lib1funcs.S:1704
 b52:	21 95       	neg	r18
/home/jenkins/workspace/avr-gcc-staging/label/debian7-x86_64/gcc-build/avr/avr5/libgcc/../../../../gcc/libgcc/config/avr/lib1funcs.S:1705
 b54:	3f 4f       	sbci	r19, 0xFF	; 255
/home/jenkins/workspace/avr-gcc-staging/label/debian7-x86_64/gcc-build/avr/avr5/libgcc/../../../../gcc/libgcc/config/avr/lib1funcs.S:1706
 b56:	4f 4f       	sbci	r20, 0xFF	; 255
/home/jenkins/workspace/avr-gcc-staging/label/debian7-x86_64/gcc-build/avr/avr5/libgcc/../../../../gcc/libgcc/config/avr/lib1funcs.S:1707
 b58:	5f 4f       	sbci	r21, 0xFF	; 255

00000b5a <__divmodsi4_exit>:
__divmodsi4_exit():
/home/jenkins/workspace/avr-gcc-staging/label/debian7-x86_64/gcc-build/avr/avr5/libgcc/../../../../gcc/libgcc/config/avr/lib1funcs.S:1709
 b5a:	08 95       	ret

00000b5c <__negsi2>:
__negsi2():
/home/jenkins/workspace/avr-gcc-staging/label/debian7-x86_64/gcc-build/avr/avr5/libgcc/../../../../gcc/libgcc/config/avr/lib1funcs.S:1718
 b5c:	90 95       	com	r25
 b5e:	80 95       	com	r24
 b60:	70 95       	com	r23
 b62:	61 95       	neg	r22
 b64:	7f 4f       	sbci	r23, 0xFF	; 255
 b66:	8f 4f       	sbci	r24, 0xFF	; 255
 b68:	9f 4f       	sbci	r25, 0xFF	; 255
/home/jenkins/workspace/avr-gcc-staging/label/debian7-x86_64/gcc-build/avr/avr5/libgcc/../../../../gcc/libgcc/config/avr/lib1funcs.S:1719
 b6a:	08 95       	ret

00000b6c <__udivmodsi4>:
__udivmodsi4():
/home/jenkins/workspace/avr-gcc-staging/label/debian7-x86_64/gcc-build/avr/avr5/libgcc/../../../../gcc/libgcc/config/avr/lib1funcs.S:1638
 b6c:	a1 e2       	ldi	r26, 0x21	; 33
/home/jenkins/workspace/avr-gcc-staging/label/debian7-x86_64/gcc-build/avr/avr5/libgcc/../../../../gcc/libgcc/config/avr/lib1funcs.S:1639
 b6e:	1a 2e       	mov	r1, r26
/home/jenkins/workspace/avr-gcc-staging/label/debian7-x86_64/gcc-build/avr/avr5/libgcc/../../../../gcc/libgcc/config/avr/lib1funcs.S:1640
 b70:	aa 1b       	sub	r26, r26
/home/jenkins/workspace/avr-gcc-staging/label/debian7-x86_64/gcc-build/avr/avr5/libgcc/../../../../gcc/libgcc/config/avr/lib1funcs.S:1641
 b72:	bb 1b       	sub	r27, r27
/home/jenkins/workspace/avr-gcc-staging/label/debian7-x86_64/gcc-build/avr/avr5/libgcc/../../../../gcc/libgcc/config/avr/lib1funcs.S:1642
 b74:	fd 01       	movw	r30, r26
/home/jenkins/workspace/avr-gcc-staging/label/debian7-x86_64/gcc-build/avr/avr5/libgcc/../../../../gcc/libgcc/config/avr/lib1funcs.S:1644
 b76:	0d c0       	rjmp	.+26     	; 0xb92 <__udivmodsi4_ep>

00000b78 <__udivmodsi4_loop>:
/home/jenkins/workspace/avr-gcc-staging/label/debian7-x86_64/gcc-build/avr/avr5/libgcc/../../../../gcc/libgcc/config/avr/lib1funcs.S:1646
 b78:	aa 1f       	adc	r26, r26
/home/jenkins/workspace/avr-gcc-staging/label/debian7-x86_64/gcc-build/avr/avr5/libgcc/../../../../gcc/libgcc/config/avr/lib1funcs.S:1647
 b7a:	bb 1f       	adc	r27, r27
/home/jenkins/workspace/avr-gcc-staging/label/debian7-x86_64/gcc-build/avr/avr5/libgcc/../../../../gcc/libgcc/config/avr/lib1funcs.S:1648
 b7c:	ee 1f       	adc	r30, r30
/home/jenkins/workspace/avr-gcc-staging/label/debian7-x86_64/gcc-build/avr/avr5/libgcc/../../../../gcc/libgcc/config/avr/lib1funcs.S:1649
 b7e:	ff 1f       	adc	r31, r31
/home/jenkins/workspace/avr-gcc-staging/label/debian7-x86_64/gcc-build/avr/avr5/libgcc/../../../../gcc/libgcc/config/avr/lib1funcs.S:1650
 b80:	a2 17       	cp	r26, r18
/home/jenkins/workspace/avr-gcc-staging/label/debian7-x86_64/gcc-build/avr/avr5/libgcc/../../../../gcc/libgcc/config/avr/lib1funcs.S:1651
 b82:	b3 07       	cpc	r27, r19
/home/jenkins/workspace/avr-gcc-staging/label/debian7-x86_64/gcc-build/avr/avr5/libgcc/../../../../gcc/libgcc/config/avr/lib1funcs.S:1652
 b84:	e4 07       	cpc	r30, r20
/home/jenkins/workspace/avr-gcc-staging/label/debian7-x86_64/gcc-build/avr/avr5/libgcc/../../../../gcc/libgcc/config/avr/lib1funcs.S:1653
 b86:	f5 07       	cpc	r31, r21
/home/jenkins/workspace/avr-gcc-staging/label/debian7-x86_64/gcc-build/avr/avr5/libgcc/../../../../gcc/libgcc/config/avr/lib1funcs.S:1654
 b88:	20 f0       	brcs	.+8      	; 0xb92 <__udivmodsi4_ep>
/home/jenkins/workspace/avr-gcc-staging/label/debian7-x86_64/gcc-build/avr/avr5/libgcc/../../../../gcc/libgcc/config/avr/lib1funcs.S:1655
 b8a:	a2 1b       	sub	r26, r18
/home/jenkins/workspace/avr-gcc-staging/label/debian7-x86_64/gcc-build/avr/avr5/libgcc/../../../../gcc/libgcc/config/avr/lib1funcs.S:1656
 b8c:	b3 0b       	sbc	r27, r19
/home/jenkins/workspace/avr-gcc-staging/label/debian7-x86_64/gcc-build/avr/avr5/libgcc/../../../../gcc/libgcc/config/avr/lib1funcs.S:1657
 b8e:	e4 0b       	sbc	r30, r20
/home/jenkins/workspace/avr-gcc-staging/label/debian7-x86_64/gcc-build/avr/avr5/libgcc/../../../../gcc/libgcc/config/avr/lib1funcs.S:1658
 b90:	f5 0b       	sbc	r31, r21

00000b92 <__udivmodsi4_ep>:
/home/jenkins/workspace/avr-gcc-staging/label/debian7-x86_64/gcc-build/avr/avr5/libgcc/../../../../gcc/libgcc/config/avr/lib1funcs.S:1660
 b92:	66 1f       	adc	r22, r22
/home/jenkins/workspace/avr-gcc-staging/label/debian7-x86_64/gcc-build/avr/avr5/libgcc/../../../../gcc/libgcc/config/avr/lib1funcs.S:1661
 b94:	77 1f       	adc	r23, r23
/home/jenkins/workspace/avr-gcc-staging/label/debian7-x86_64/gcc-build/avr/avr5/libgcc/../../../../gcc/libgcc/config/avr/lib1funcs.S:1662
 b96:	88 1f       	adc	r24, r24
/home/jenkins/workspace/avr-gcc-staging/label/debian7-x86_64/gcc-build/avr/avr5/libgcc/../../../../gcc/libgcc/config/avr/lib1funcs.S:1663
 b98:	99 1f       	adc	r25, r25
/home/jenkins/workspace/avr-gcc-staging/label/debian7-x86_64/gcc-build/avr/avr5/libgcc/../../../../gcc/libgcc/config/avr/lib1funcs.S:1664
 b9a:	1a 94       	dec	r1
/home/jenkins/workspace/avr-gcc-staging/label/debian7-x86_64/gcc-build/avr/avr5/libgcc/../../../../gcc/libgcc/config/avr/lib1funcs.S:1665
 b9c:	69 f7       	brne	.-38     	; 0xb78 <__udivmodsi4_loop>
/home/jenkins/workspace/avr-gcc-staging/label/debian7-x86_64/gcc-build/avr/avr5/libgcc/../../../../gcc/libgcc/config/avr/lib1funcs.S:1667
 b9e:	60 95       	com	r22
/home/jenkins/workspace/avr-gcc-staging/label/debian7-x86_64/gcc-build/avr/avr5/libgcc/../../../../gcc/libgcc/config/avr/lib1funcs.S:1668
 ba0:	70 95       	com	r23
/home/jenkins/workspace/avr-gcc-staging/label/debian7-x86_64/gcc-build/avr/avr5/libgcc/../../../../gcc/libgcc/config/avr/lib1funcs.S:1669
 ba2:	80 95       	com	r24
/home/jenkins/workspace/avr-gcc-staging/label/debian7-x86_64/gcc-build/avr/avr5/libgcc/../../../../gcc/libgcc/config/avr/lib1funcs.S:1670
 ba4:	90 95       	com	r25
/home/jenkins/workspace/avr-gcc-staging/label/debian7-x86_64/gcc-build/avr/avr5/libgcc/../../../../gcc/libgcc/config/avr/lib1funcs.S:1672
 ba6:	9b 01       	movw	r18, r22
/home/jenkins/workspace/avr-gcc-staging/label/debian7-x86_64/gcc-build/avr/avr5/libgcc/../../../../gcc/libgcc/config/avr/lib1funcs.S:1674
 ba8:	ac 01       	movw	r20, r24
/home/jenkins/workspace/avr-gcc-staging/label/debian7-x86_64/gcc-build/avr/avr5/libgcc/../../../../gcc/libgcc/config/avr/lib1funcs.S:1676
 baa:	bd 01       	movw	r22, r26
/home/jenkins/workspace/avr-gcc-staging/label/debian7-x86_64/gcc-build/avr/avr5/libgcc/../../../../gcc/libgcc/config/avr/lib1funcs.S:1678
 bac:	cf 01       	movw	r24, r30
/home/jenkins/workspace/avr-gcc-staging/label/debian7-x86_64/gcc-build/avr/avr5/libgcc/../../../../gcc/libgcc/config/avr/lib1funcs.S:1680
 bae:	08 95       	ret

00000bb0 <_exit>:
exit():
/home/jenkins/workspace/avr-gcc-staging/label/debian7-x86_64/gcc-build/avr/avr5/libgcc/../../../../gcc/libgcc/config/avr/lib1funcs.S:2278
 bb0:	f8 94       	cli

00000bb2 <__stop_program>:
__stop_program():
/home/jenkins/workspace/avr-gcc-staging/label/debian7-x86_64/gcc-build/avr/avr5/libgcc/../../../../gcc/libgcc/config/avr/lib1funcs.S:2280
 bb2:	ff cf       	rjmp	.-2      	; 0xbb2 <__stop_program>
